Scripts/dataset/correlated_data_nmv.csv
PROD_ID;DATE;SALES_COUNT;MEDIAN_PRICE;MEAN_PRICE;C1_PRICE_1;C1_PRICE_2;C2_PRICE_1;C2_PRICE_2;C3_PRICE_1;C3_PRICE_2;C4_PRICE_1;C4_PRICE_2;C5_PRICE_1;C5_PRICE_2;C6_PRICE_1;C6_PRICE_2
P2;2015-04-04;98;747.99;747.99;747.14;747.14;747.14;747.14;747.52;747.52;879.0;773.52;799.0;695.13;864.0;864.0
P2;2015-04-05;59;747.99;761.43;747.57;747.57;747.57;747.57;747.74;747.74;879.0;773.52;799.0;695.13;864.0;864.0
P2;2015-04-06;35;799.0;801.16;769.5;769.5;769.48;769.48;771.46;771.46;879.0;777.91;799.0;695.13;864.0;864.0
P2;2015-04-07;42;784.98;796.62;799.92;799.92;799.9;799.9;774.67;774.67;879.0;791.1;799.0;695.13;786.5;786.5
P2;2015-04-08;30;812.0;811.16;813.9;813.9;813.92;813.92;811.37;811.37;879.0;791.1;799.0;695.13;724.0;724.0
P2;2015-04-09;60;812.0;795.64;799.0;799.0;799.0;799.0;805.67;805.67;879.0;791.1;799.0;695.13;749.0;749.0
P2;2015-04-10;76;799.0;794.88;808.75;808.75;808.75;808.75;808.67;808.67;879.0;791.1;824.0;716.88;792.33;792.33
P2;2015-04-11;187;768.0;757.52;799.9;799.9;799.9;799.9;799.9;799.9;879.0;791.1;849.0;738.63;770.05;770.05
P2;2015-04-12;188;749.0;753.49;769.9;769.9;769.9;769.9;769.9;769.9;879.0;791.1;849.0;738.63;791.1;791.1
P2;2015-04-13;193;749.0;752.73;799.79;799.79;799.8;799.8;792.34;792.34;879.0;791.1;849.0;738.63;831.5;831.5
P2;2015-04-14;617;729.0;733.48;749.45;749.45;787.0;787.0;761.88;761.88;879.0;857.02;849.0;738.63;748.75;748.75
P2;2015-04-15;427;729.0;732.82;773.94;773.94;739.45;739.45;741.7;741.7;879.0;791.1;849.0;738.63;761.25;761.25
P2;2015-04-16;329;729.0;732.95;739.0;739.0;739.0;739.0;738.5;738.5;879.0;791.1;849.0;721.65;773.5;773.5
P2;2015-04-17;222;729.0;730.19;748.8;748.8;751.5;751.5;743.39;743.39;879.0;791.1;849.0;721.65;771.52;771.52
P2;2015-04-18;195;729.0;727.42;733.81;698.86;733.81;698.86;731.4;678.98;879.0;791.1;849.0;721.65;791.1;791.1
P2;2015-04-19;151;729.0;737.13;699.0;629.1;699.0;629.1;699.0;594.15;879.0;791.1;849.0;721.65;791.1;791.1
P2;2015-04-20;101;749.0;747.49;699.0;611.63;699.0;611.63;699.0;620.36;879.0;791.1;849.0;721.65;792.02;792.02
P2;2015-04-21;108;749.0;750.79;646.58;611.63;699.0;629.1;699.0;699.0;879.0;791.1;849.0;721.65;794.0;794.0
P2;2015-04-22;229;699.0;706.59;699.0;629.1;699.0;629.1;699.0;699.0;879.0;791.1;849.0;721.65;794.0;794.0
P2;2015-04-23;987;699.0;692.79;798.0;798.0;798.0;798.0;773.25;773.25;879.0;791.1;849.0;721.65;794.0;794.0
P2;2015-04-24;904;699.0;694.1;765.0;741.7;741.7;741.7;738.6;738.6;929.0;929.0;849.0;785.33;795.0;795.0
P2;2015-04-25;741;699.0;694.76;738.5;703.55;703.55;703.55;718.75;718.75;929.0;929.0;799.0;799.0;784.0;784.0
P2;2015-04-26;620;699.0;695.67;724.45;689.5;689.5;689.5;681.52;681.52;929.0;929.0;799.0;799.0;774.0;774.0
P2;2015-04-27;980;699.0;696.48;763.95;763.95;738.5;703.55;738.5;738.5;929.0;929.0;799.0;799.0;786.5;786.5
P2;2015-04-28;1130;699.0;678.71;664.05;629.1;763.5;763.5;719.25;719.25;929.0;929.0;849.0;849.0;774.0;774.0
P2;2015-04-29;772;699.0;696.86;748.0;748.0;699.0;629.1;723.25;723.25;929.0;929.0;849.0;849.0;786.25;786.25
P2;2015-04-30;983;699.0;694.4;748.0;748.0;748.0;748.0;688.55;688.55;929.0;929.0;849.0;849.0;786.25;786.25
P2;2015-05-01;864;699.0;697.94;748.0;748.0;748.0;748.0;706.0;706.0;929.0;929.0;849.0;849.0;786.5;786.5
P2;2015-05-02;224;699.0;702.1;788.95;788.95;788.95;788.95;743.93;743.93;929.0;929.0;849.0;849.0;774.0;774.0
P2;2015-05-03;75;699.0;707.6;829.9;829.9;829.9;829.9;764.4;764.4;929.0;929.0;849.0;849.0;774.0;774.0
P2;2015-05-04;298;699.0;732.65;829.4;829.4;829.4;829.4;786.45;786.45;929.0;929.0;849.0;849.0;774.0;774.0
P2;2015-05-05;180;749.0;746.38;827.45;827.45;827.45;827.45;807.73;807.73;929.0;929.0;849.0;849.0;799.0;799.0
P2;2015-05-06;195;749.0;756.84;825.0;825.0;825.0;825.0;800.33;800.33;929.0;929.0;849.0;849.0;765.67;765.67
P2;2015-05-07;205;749.0;750.63;802.5;802.5;802.5;802.5;786.99;786.99;929.0;929.0;849.0;849.0;774.0;774.0
P2;2015-05-08;144;749.0;758.11;797.5;797.5;797.5;797.5;765.79;765.79;929.0;929.0;799.0;799.0;774.0;774.0
P2;2015-05-09;150;699.0;716.07;699.0;629.1;699.0;629.1;681.52;681.52;929.0;929.0;799.0;799.0;774.0;774.0
P2;2015-05-10;119;699.0;718.13;699.0;629.1;699.0;629.1;681.52;681.52;929.0;929.0;799.0;799.0;774.0;774.0
P2;2015-05-11;124;763.9;756.49;731.95;697.0;737.0;702.05;730.01;730.01;929.0;929.0;799.0;799.0;786.5;786.5
P2;2015-05-12;123;758.9;751.74;761.95;761.95;761.95;761.95;742.0;742.0;799.0;759.05;799.0;747.07;774.0;774.0
P2;2015-05-13;60;770.0;758.95;754.0;754.0;729.0;729.0;745.75;745.75;799.0;799.0;799.0;695.13;779.0;779.0
P2;2015-05-14;27;828.9;822.59;798.0;798.0;798.0;798.0;785.5;785.5;699.0;699.0;799.0;695.13;769.0;769.0
P2;2015-05-15;36;733.0;766.32;783.5;745.05;783.5;745.05;781.0;781.0;719.0;687.52;799.0;695.13;754.0;754.0
P2;2015-05-16;15;733.0;736.04;733.0;733.0;779.0;740.55;733.0;733.0;729.0;677.97;799.0;695.13;749.0;749.0
P2;2015-05-17;15;732.9;732.9;732.95;732.95;794.0;754.05;732.95;732.95;729.0;677.97;799.0;695.13;749.0;749.0
P2;2015-05-18;22;749.0;765.06;789.0;789.0;794.0;754.05;750.98;750.98;709.0;683.49;799.0;695.13;749.0;749.0
P2;2015-05-19;18;788.88;782.81;769.0;769.0;789.0;789.0;769.0;769.0;669.0;669.0;799.0;695.13;749.0;749.0
P2;2015-05-20;14;759.05;752.86;768.94;768.94;768.94;768.94;737.48;737.48;689.0;689.0;799.0;695.13;749.0;749.0
P2;2015-05-21;58;759.05;766.9;763.95;763.95;788.9;788.9;760.88;760.88;691.5;691.5;849.0;738.63;749.0;749.0
P2;2015-05-22;39;759.05;769.82;788.9;788.9;788.9;788.9;764.2;764.2;699.0;699.0;849.0;738.63;749.0;749.0
P2;2015-05-23;35;779.0;774.45;749.0;749.0;710.45;678.36;714.0;696.52;699.0;699.0;849.0;738.63;749.0;749.0
P2;2015-05-24;30;719.0;733.95;719.0;719.0;641.9;577.71;711.98;676.73;699.0;699.0;849.0;738.63;749.0;749.0
P2;2015-05-25;65;779.0;771.43;778.95;778.95;710.45;710.45;743.98;743.98;699.0;699.0;849.0;738.63;749.0;749.0
P2;2015-05-26;2087;649.0;644.43;760.12;760.12;760.99;749.0;705.46;689.4;699.0;699.0;849.0;738.63;749.0;749.0
P2;2015-05-27;3740;649.0;644.92;729.5;729.5;642.51;578.26;626.44;578.26;699.0;699.0;849.0;738.63;749.0;749.0
P2;2015-05-28;1235;649.0;647.56;739.96;739.96;682.11;613.9;681.62;613.45;699.0;699.0;849.0;738.63;736.5;736.5
P2;2015-05-29;69;719.0;733.3;716.5;716.5;683.49;651.04;686.08;635.42;679.0;679.0;849.0;738.63;699.0;699.0
P2;2015-05-30;59;715.0;715.0;707.0;672.05;613.35;580.9;657.31;622.71;659.0;659.0;849.0;738.63;699.0;699.0
P2;2015-05-31;30;715.0;715.0;715.0;715.0;593.75;577.71;640.0;622.71;659.0;659.0;849.0;738.63;698.98;698.98
P2;2015-06-01;35;769.0;773.0;674.1;674.1;619.45;603.4;630.35;613.06;659.0;659.0;824.0;716.88;713.98;713.98
P2;2015-06-02;34;789.0;784.65;664.05;629.1;609.81;577.71;651.2;616.25;660.5;660.5;799.0;695.13;729.0;729.0
P2;2015-06-03;45;769.0;755.91;664.05;629.1;641.9;577.71;684.73;616.25;677.0;677.0;799.0;695.13;729.0;729.0
P2;2015-06-04;51;718.0;718.0;629.1;629.1;603.4;603.4;656.18;590.56;659.0;659.0;799.0;695.13;729.0;729.0
P2;2015-06-05;44;718.0;730.0;672.05;672.05;666.48;647.95;641.9;577.71;644.0;644.0;799.0;695.13;729.0;729.0
P2;2015-06-06;23;749.0;744.96;731.5;731.5;703.86;666.81;609.8;577.71;659.0;659.0;799.0;695.13;729.0;729.0
P2;2015-06-07;12;749.0;749.0;719.1;719.1;703.86;666.81;625.95;593.01;659.0;659.0;799.0;695.13;729.0;729.0
P2;2015-06-08;35;689.9;707.82;749.0;749.0;707.18;669.96;660.01;634.38;659.0;659.0;799.0;695.13;714.0;714.0
P2;2015-06-09;63;689.9;698.41;679.45;644.5;661.97;644.5;673.08;655.73;659.0;659.0;799.0;695.13;699.0;699.0
P2;2015-06-10;53;714.0;717.18;699.0;629.1;659.25;641.78;661.59;626.76;664.0;664.0;799.0;695.13;706.5;706.5
P2;2015-06-11;48;713.9;723.56;629.1;629.1;629.1;629.1;629.01;629.01;664.0;666.5;799.0;695.13;649.0;649.0
P2;2015-06-12;35;728.9;728.64;664.05;629.1;664.05;629.1;638.98;606.53;656.5;659.0;799.0;695.13;649.0;649.0
P2;2015-06-13;40;699.9;708.15;698.94;664.0;698.94;664.0;673.89;641.45;649.0;649.0;799.0;695.13;699.0;699.0
P2;2015-06-14;37;713.99;713.98;693.94;693.94;693.94;693.94;693.94;693.94;649.0;649.0;799.0;695.13;699.0;699.0
P2;2015-06-15;66;713.77;713.78;683.94;683.94;683.99;683.99;683.94;683.94;671.5;671.5;799.0;695.13;681.5;681.5
P2;2015-06-16;54;713.73;713.95;688.89;688.89;688.89;688.89;686.39;669.17;672.0;672.0;799.0;695.13;699.22;699.22
P2;2015-06-17;71;708.99;711.09;698.89;698.89;698.89;698.89;693.89;693.89;649.0;649.0;799.0;695.13;691.95;691.95
P2;2015-06-18;71;707.9;709.87;698.94;664.0;698.94;664.0;669.2;652.22;666.0;666.0;799.0;695.13;686.5;686.5
P2;2015-06-19;95;679.86;684.72;629.1;629.1;629.1;629.1;610.56;610.56;676.25;658.8;799.0;695.13;699.22;699.22
P2;2015-06-20;102;678.96;678.34;629.1;629.1;629.1;629.1;612.59;612.59;698.0;628.2;799.0;695.13;704.45;704.45
P2;2015-06-21;87;678.9;680.48;629.1;629.1;629.1;629.1;613.94;613.94;698.0;628.2;799.0;695.13;704.45;704.45
P2;2015-06-22;136;678.78;681.39;629.1;629.1;629.1;629.1;614.01;614.01;680.61;605.52;799.0;695.13;702.93;702.93
P2;2015-06-23;290;649.0;652.95;629.1;629.1;622.11;622.11;612.59;612.59;659.9;574.11;799.0;695.13;699.45;699.45
P2;2015-06-24;822;649.0;645.82;615.12;615.12;615.12;615.12;584.89;584.89;638.65;556.76;799.0;695.13;699.45;699.45
P2;2015-06-25;1222;649.0;647.15;664.05;629.1;664.05;664.05;590.47;559.97;642.8;642.8;799.0;695.13;719.0;719.0
P2;2015-06-26;1042;649.0;639.84;674.0;606.6;674.0;641.55;661.43;595.28;633.65;633.65;799.0;695.13;709.23;709.23
P2;2015-06-27;100;669.9;668.69;641.54;641.54;657.76;641.54;641.5;624.02;663.1;663.1;799.0;695.13;739.0;739.0
P2;2015-06-28;28;709.0;724.92;657.75;641.53;640.3;606.6;620.9;612.79;663.1;663.1;799.0;695.13;739.0;739.0
P2;2015-06-29;899;649.0;647.03;656.47;606.56;656.47;606.56;608.35;584.01;663.1;663.1;799.0;695.13;739.0;739.0
P2;2015-06-30;1113;649.0;644.95;673.92;641.48;673.92;641.48;628.96;612.74;698.0;698.0;799.0;695.13;739.0;739.0
P2;2015-07-01;71;689.9;692.09;681.5;681.5;681.5;681.5;681.16;681.16;698.5;698.5;799.0;695.13;699.0;699.0
P2;2015-07-02;52;719.9;719.28;698.92;698.92;698.98;698.98;676.28;676.28;690.26;690.26;799.0;695.13;674.0;674.0
P2;2015-07-03;47;719.0;728.03;698.89;698.89;681.52;681.52;648.9;648.9;681.52;681.52;799.0;695.13;736.5;736.5
P2;2015-07-04;39;719.0;720.38;681.47;681.47;681.52;681.52;652.18;652.18;699.0;699.0;799.0;695.13;796.5;796.5
P2;2015-07-05;15;729.0;734.27;698.89;698.89;699.0;699.0;675.71;675.71;699.0;699.0;799.0;695.13;796.5;796.5
P2;2015-07-06;53;709.0;717.45;698.89;698.89;699.0;699.0;681.21;681.21;674.0;657.77;799.0;695.13;831.5;831.5
P2;2015-07-07;431;676.67;659.92;674.0;606.6;649.0;584.1;655.7;590.13;674.0;657.77;799.0;695.13;809.0;809.0
P2;2015-07-08;463;676.67;673.24;673.94;673.94;649.0;584.1;655.67;655.67;699.0;699.0;799.0;695.13;694.0;694.0
P2;2015-07-09;105;707.9;695.83;682.33;614.1;682.33;614.1;654.32;654.32;699.0;699.0;799.0;695.13;739.0;739.0
P2;2015-07-10;70;683.05;685.73;694.0;624.6;694.0;624.6;667.9;667.9;686.73;686.73;799.0;695.13;739.0;739.0
P2;2015-07-11;145;683.05;676.57;626.8;596.37;626.8;596.37;657.6;657.6;649.9;649.9;799.0;695.13;739.0;739.0
P2;2015-07-12;33;699.99;703.2;699.0;629.1;699.0;629.1;668.65;668.65;649.9;649.9;799.0;695.13;739.0;739.0
P2;2015-07-13;85;699.9;692.88;694.0;624.6;694.0;659.05;671.17;671.17;649.9;649.9;799.0;695.13;719.0;719.0
P2;2015-07-14;61;699.9;703.56;694.0;624.6;694.0;624.6;668.92;668.92;689.0;689.0;799.0;695.13;694.0;694.0
P2;2015-07-15;72;699.9;705.87;699.0;629.1;694.0;624.6;665.44;665.44;689.0;689.0;799.0;695.13;756.09;756.09
P2;2015-07-16;74;699.9;702.08;699.0;629.1;694.0;624.6;684.6;684.6;689.0;689.0;799.0;695.13;758.46;758.46
P2;2015-07-17;39;699.9;718.18;699.0;629.1;698.95;629.06;682.4;682.4;689.0;689.0;799.0;695.13;729.0;729.0
P2;2015-07-18;40;699.9;704.08;674.53;607.08;698.9;629.01;693.4;693.4;689.0;689.0;799.0;695.13;793.18;793.18
P2;2015-07-19;44;699.9;703.21;684.92;616.43;698.9;629.01;688.94;688.94;689.0;689.0;799.0;695.13;793.18;793.18
P2;2015-07-20;85;699.9;706.63;698.95;629.06;671.95;637.0;682.42;682.42;669.45;656.45;799.0;695.13;793.18;793.18
P2;2015-07-21;58;708.99;713.93;695.5;625.95;660.06;626.31;661.69;661.69;654.9;641.9;799.0;695.13;793.18;793.18
P2;2015-07-22;49;719.89;721.83;681.52;613.37;676.47;608.83;646.72;646.72;659.9;659.9;799.0;695.13;790.68;790.68
P2;2015-07-23;42;719.89;715.11;669.0;669.0;684.0;649.05;664.58;664.58;659.9;659.9;799.0;695.13;746.5;746.5
P2;2015-07-24;68;692.55;704.75;666.52;633.32;666.52;666.52;651.7;651.7;654.9;622.4;799.0;695.13;695.67;695.67
P2;2015-07-25;16;729.0;718.8;666.52;633.32;666.52;666.52;645.56;645.56;652.71;620.22;799.0;695.13;679.0;679.0
P2;2015-07-26;10;719.9;724.45;666.52;633.32;666.52;633.32;651.7;651.7;671.77;671.77;799.0;695.13;884.0;884.0
P2;2015-07-27;55;719.9;727.23;655.7;623.59;658.95;626.5;656.06;656.06;679.23;667.85;799.0;695.13;909.0;909.0
P2;2015-07-28;39;728.98;726.81;637.68;604.74;628.95;596.0;639.98;639.98;649.9;604.41;799.0;695.13;1089.0;1089.0
P2;2015-07-29;252;664.05;650.87;641.26;577.14;648.34;583.5;647.92;647.92;649.9;604.41;799.0;695.13;969.0;969.0
P2;2015-07-30;565;664.05;649.09;664.0;664.0;654.51;589.06;647.42;647.42;649.9;604.41;799.0;695.13;889.0;889.0
P2;2015-07-31;476;664.05;662.12;658.75;626.03;656.82;591.13;645.95;645.95;649.9;604.41;799.0;695.13;989.0;989.0
P2;2015-08-01;90;699.9;688.86;656.81;624.09;656.81;624.09;621.74;621.74;649.9;604.41;799.0;695.13;955.67;955.67
P2;2015-08-02;11;709.9;718.0;659.11;659.11;659.11;659.11;635.08;635.08;649.9;604.41;799.0;695.13;962.33;962.33
P2;2015-08-03;51;707.9;703.53;654.5;622.01;654.5;622.01;662.48;662.48;649.9;604.41;799.0;695.13;1089.0;1089.0
P2;2015-08-04;89;688.99;693.17;649.4;584.46;649.4;584.46;633.21;633.21;649.9;604.41;799.0;695.13;970.63;970.63
P2;2015-08-05;78;687.99;693.28;673.95;641.5;673.94;641.5;649.0;649.0;649.9;604.41;799.0;695.13;825.63;825.63
P2;2015-08-06;105;686.97;691.68;735.5;735.5;735.5;735.5;712.47;712.47;649.9;604.41;799.0;695.13;775.63;775.63
P2;2015-08-07;46;685.98;715.6;771.0;771.0;771.0;771.0;730.0;730.0;749.45;690.02;799.0;695.13;775.63;775.63
P2;2015-08-08;103;684.99;690.56;677.49;677.49;677.99;677.99;682.23;682.23;749.45;690.02;799.0;695.13;775.63;775.63
P2;2015-08-09;49;684.99;687.48;677.9;677.9;677.44;677.44;681.71;681.71;749.45;690.02;799.0;695.13;775.63;775.63
P2;2015-08-10;90;684.99;687.42;675.94;675.94;675.74;675.74;683.46;683.46;749.45;690.02;799.0;695.13;775.63;775.63
P2;2015-08-11;113;670.0;679.79;670.25;670.25;670.75;670.75;683.12;683.12;774.23;744.51;799.0;695.13;744.82;744.82
P2;2015-08-12;42;683.0;680.76;683.49;683.49;683.49;683.49;680.92;680.92;799.0;799.0;799.0;695.13;714.0;714.0
P2;2015-08-13;58;683.0;701.38;687.45;687.45;687.45;687.45;672.93;672.93;799.0;799.0;799.0;695.13;714.0;714.0
P2;2015-08-14;58;681.0;683.82;674.91;674.91;674.91;674.91;676.45;676.45;799.0;799.0;799.0;695.13;714.0;714.0
P2;2015-08-15;73;680.99;683.76;674.92;674.92;674.9;674.9;676.44;676.44;759.05;759.05;799.0;695.13;714.0;714.0
P2;2015-08-16;44;680.99;683.67;674.92;674.92;674.9;674.9;676.44;676.44;759.05;759.05;799.0;695.13;714.0;714.0
P2;2015-08-17;103;678.99;682.31;697.4;697.4;697.39;697.39;687.46;687.46;779.02;779.02;799.0;695.13;706.48;706.48
P2;2015-08-18;1864;610.0;592.21;696.93;696.93;696.49;696.49;689.74;689.74;759.05;759.05;799.0;695.13;698.95;698.95
P2;2015-08-19;4049;610.0;597.6;610.0;549.0;642.0;611.5;564.25;533.75;799.0;799.0;799.0;695.13;748.98;748.98
P2;2015-08-20;2160;610.0;603.48;642.0;611.5;642.0;611.5;587.87;572.62;799.0;799.0;799.0;695.13;799.0;799.0
P2;2015-08-21;135;675.9;679.96;641.5;611.0;641.5;611.0;580.0;564.75;799.0;799.0;799.0;695.13;723.95;723.95
P2;2015-08-22;84;697.98;694.61;673.0;673.0;673.93;673.93;676.08;676.08;759.05;759.05;799.0;695.13;750.06;750.06
P2;2015-08-23;65;697.87;700.15;673.94;673.94;674.88;674.88;676.55;676.55;759.05;759.05;799.0;695.13;852.27;852.27
P2;2015-08-24;72;697.84;699.3;674.88;674.88;686.94;686.94;693.96;693.96;799.0;751.06;799.0;695.13;852.27;852.27
P2;2015-08-25;65;697.73;701.64;709.0;709.0;698.35;698.35;698.75;698.75;799.0;703.12;799.0;695.13;852.27;852.27
P2;2015-08-26;58;692.81;695.28;695.5;695.5;692.65;692.65;685.95;685.95;799.0;703.12;799.0;695.13;852.27;852.27
P2;2015-08-27;51;691.5;695.74;692.3;692.3;692.29;692.29;688.11;688.11;799.0;703.12;799.0;695.13;852.27;852.27
P2;2015-08-28;54;688.0;690.14;645.5;615.55;645.5;615.55;642.29;612.34;799.0;703.12;799.0;695.13;771.09;771.09
P2;2015-08-29;53;683.0;685.72;599.0;539.1;599.0;539.1;599.0;539.1;759.05;679.15;799.0;695.13;771.09;771.09
P2;2015-08-30;60;679.0;686.01;642.5;612.55;642.5;612.55;620.75;575.83;759.05;679.15;799.0;695.13;771.09;771.09
P2;2015-08-31;529;610.0;609.91;685.99;651.68;685.98;651.68;642.49;595.39;779.02;699.13;799.0;695.13;771.09;771.09
P2;2015-09-01;1385;610.0;604.36;685.96;685.96;685.96;685.96;642.48;642.48;799.0;719.1;799.0;695.13;771.09;771.09
P2;2015-09-02;1429;610.0;597.17;610.0;549.0;610.0;549.0;603.4;549.0;739.36;761.73;799.0;695.13;754.85;771.09
P2;2015-09-03;179;629.0;654.1;610.0;549.0;610.0;549.0;604.5;549.0;724.45;724.45;799.0;695.13;771.09;771.09
P2;2015-09-04;185;657.99;654.07;656.94;656.94;656.94;656.94;638.17;625.67;704.68;704.68;799.0;695.13;771.09;771.09
P2;2015-09-05;440;610.0;612.42;646.5;616.0;610.0;549.0;610.0;549.0;719.91;719.91;799.0;695.13;771.09;771.09
P2;2015-09-06;633;610.0;608.06;622.8;592.3;622.8;592.3;626.75;581.0;719.91;719.91;799.0;695.13;771.09;771.09
P2;2015-09-07;762;610.0;604.62;646.0;615.5;646.0;615.5;644.25;613.75;719.91;719.91;799.0;695.13;771.09;771.09
P2;2015-09-08;136;655.99;659.2;646.0;615.5;610.0;549.0;659.49;644.24;759.45;759.45;799.0;695.13;771.09;771.09
P2;2015-09-09;152;655.98;664.76;610.0;549.0;610.0;549.0;610.0;549.0;799.0;799.0;799.0;695.13;798.15;798.15
P2;2015-09-10;187;655.9;656.65;632.98;602.48;632.98;602.48;625.32;584.65;799.0;799.0;799.0;695.13;766.09;766.09
P2;2015-09-11;117;678.99;676.1;678.94;678.94;678.94;678.94;659.72;652.1;799.0;799.0;799.0;695.13;766.09;766.09
P2;2015-09-12;89;669.9;675.94;673.93;673.93;673.93;673.93;671.47;671.47;799.0;799.0;799.0;695.13;766.09;766.09
P2;2015-09-13;103;664.99;666.25;669.83;669.83;669.83;669.83;630.61;630.61;799.0;799.0;799.0;695.13;766.09;766.09
