Scripts/dataset/correlated_data_nmv.csv
PROD_ID;DATE;SALES_COUNT;MEDIAN_PRICE;MEAN_PRICE;C1_PRICE_1;C1_PRICE_2;C2_PRICE_1;C2_PRICE_2;C3_PRICE_1;C3_PRICE_2;C4_PRICE_1;C4_PRICE_2;C5_PRICE_1;C5_PRICE_2;C6_PRICE_1;C6_PRICE_2
P3;2015-06-20;11;1219.97;1222.6;1158.0;1158.0;1158.0;1158.0;1158.0;1158.0;1299.0;1299.0;1455.0;1265.85;1199.0;1199.0
P3;2015-06-21;8;1219.97;1219.97;1158.0;1158.0;1158.0;1158.0;1158.0;1158.0;1299.0;1299.0;1455.0;1265.85;1199.0;1199.0
P3;2015-06-22;14;1219.95;1219.95;1158.0;1158.0;1158.0;1158.0;1158.0;1158.0;1299.0;1299.0;1455.0;1265.85;1199.0;1199.0
P3;2015-06-23;10;1219.95;1216.15;1158.0;1158.0;1158.0;1158.0;1158.0;1158.0;1299.0;1299.0;1455.0;1265.85;1199.0;1199.0
P3;2015-06-24;15;1198.9;1198.9;1143.11;1143.11;1143.11;1143.11;1143.11;1143.11;1299.0;1299.0;1455.0;1265.85;1149.0;1149.0
P3;2015-06-25;6;1198.89;1215.24;1188.58;1156.11;1146.83;1146.83;1171.05;1171.05;1299.0;1299.0;1455.0;1265.85;1099.0;1099.0
P3;2015-06-26;5;1199.9;1219.5;1249.0;1184.05;1199.0;1199.0;1199.0;1199.0;1299.0;1299.0;1455.0;1265.85;1099.0;1099.0
P3;2015-06-27;9;1248.9;1238.01;1164.05;1164.05;1171.53;1171.53;1164.05;1164.05;1299.0;1299.0;1455.0;1265.85;1099.0;1099.0
P3;2015-06-28;4;1248.9;1248.9;1173.0;1173.0;1158.55;1158.55;1148.0;1148.0;1299.0;1299.0;1455.0;1265.85;1099.0;1099.0
P3;2015-06-29;5;1239.0;1235.14;1149.52;1149.52;1132.0;1132.0;1148.0;1148.0;1299.0;1299.0;1455.0;1265.85;1099.0;1099.0
P3;2015-06-30;15;1198.0;1197.99;1099.0;1099.0;1099.0;1099.0;1148.5;1148.5;1299.0;1299.0;1455.0;1265.85;1099.0;1099.0
P3;2015-07-01;9;1198.0;1216.22;1099.0;1099.0;1099.0;1099.0;1099.0;1099.0;1299.0;1299.0;1455.0;1265.85;1099.0;1099.0
P3;2015-07-02;12;1196.98;1229.98;1099.0;1099.0;1099.0;1099.0;1099.0;1099.0;1299.0;1299.0;1455.0;1265.85;1099.0;1099.0
P3;2015-07-03;22;1149.9;1170.3;1179.05;1179.05;1193.99;1193.99;1224.0;1224.0;1299.0;1299.0;1455.0;1265.85;1099.0;1099.0
P3;2015-07-04;24;1099.0;1103.24;1126.91;1126.91;1136.5;1136.5;1124.0;1124.0;1299.0;1299.0;1455.0;1265.85;1099.0;1099.0
P3;2015-07-05;31;1099.0;1099.0;1099.0;1099.0;1099.0;1099.0;1099.0;1099.0;1299.0;1299.0;1455.0;1265.85;1099.0;1099.0
P3;2015-07-06;57;1099.0;1099.0;1094.0;1094.0;1082.76;1082.76;1094.0;1094.0;1199.0;1149.55;1455.0;1265.85;1094.0;1094.0
P3;2015-07-07;45;1099.0;1099.0;1089.0;1089.0;1064.03;1064.03;1089.0;1089.0;1149.0;1099.55;1455.0;1265.85;1089.0;1089.0
P3;2015-07-08;40;1099.0;1099.0;1089.0;1089.0;1066.53;1039.05;1089.0;1089.0;1199.0;1199.0;1455.0;1265.85;1089.0;1089.0
P3;2015-07-09;41;1099.0;1099.0;1089.0;1089.0;1049.04;1049.04;1089.0;1089.0;1199.0;1199.0;1455.0;1265.85;1089.0;1089.0
P3;2015-07-10;38;1099.0;1098.65;1089.0;1089.0;1039.05;1039.05;1089.0;1089.0;1149.0;1149.0;1455.0;1265.85;1089.0;1089.0
P3;2015-07-11;28;1089.0;1089.71;1089.0;1089.0;1044.05;989.1;1089.0;1089.0;1099.0;1099.0;1455.0;1265.85;1089.0;1089.0
P3;2015-07-12;27;1089.0;1089.0;1089.0;1089.0;1041.55;1014.08;1089.0;1089.0;1099.0;1099.0;1455.0;1265.85;1089.0;1089.0
P3;2015-07-13;35;1088.9;1088.07;1089.0;1089.0;1064.03;1064.03;1089.0;1089.0;1099.0;1099.0;1455.0;1265.85;1048.0;1048.0
P3;2015-07-14;38;1078.9;1082.62;998.9;998.9;998.9;998.9;998.9;998.9;1099.0;1044.05;1455.0;1265.85;1048.0;1048.0
P3;2015-07-15;38;1098.0;1094.17;1021.45;991.48;1046.5;991.55;998.95;998.95;1124.0;1069.05;1455.0;1265.85;1048.0;1048.0
P3;2015-07-16;21;1098.0;1112.29;1089.0;1089.0;1092.33;1055.7;1089.0;1089.0;1174.0;1174.0;1455.0;1265.85;1073.0;1073.0
P3;2015-07-17;29;1098.0;1129.03;1089.0;1089.0;1089.0;1089.0;1089.0;1089.0;1199.0;1199.0;1455.0;1265.85;1098.0;1098.0
P3;2015-07-18;37;1098.0;1098.0;1083.55;1018.87;1094.0;1039.05;1089.0;1089.0;1199.0;1199.0;1455.0;1265.85;1098.0;1098.0
P3;2015-07-19;33;1098.0;1098.0;1078.11;948.74;1089.0;1089.0;1099.0;1099.0;1199.0;1199.0;1455.0;1265.85;1098.0;1098.0
P3;2015-07-20;54;1098.0;1098.0;1089.0;1089.0;1064.03;1064.03;1089.0;1089.0;1149.0;1094.05;1455.0;1265.85;1098.0;1098.0
P3;2015-07-21;44;1098.0;1098.0;1088.75;1056.11;1052.79;1026.68;1059.74;1059.74;1124.0;1069.05;1455.0;1265.85;1098.0;1098.0
P3;2015-07-22;21;1149.0;1146.95;1089.0;1089.0;1039.05;1039.05;1043.0;1043.0;1149.0;1149.0;1455.0;1265.85;1098.0;1098.0
P3;2015-07-23;11;1149.0;1149.0;1077.76;1058.53;1066.53;1039.05;1089.0;1089.0;1149.0;1149.0;1455.0;1265.85;1098.0;1098.0
P3;2015-07-24;6;1149.0;1149.0;1055.29;985.5;1042.24;1002.4;1089.0;1089.0;1124.0;1058.06;1455.0;1265.85;1098.0;1098.0
P3;2015-07-25;9;1149.0;1158.23;1042.22;1004.72;1042.22;1042.22;1066.5;1066.5;1149.0;1083.06;1455.0;1265.85;1098.0;1098.0
P3;2015-07-26;7;1149.0;1149.0;1030.96;1012.69;1044.0;1044.0;1044.0;1044.0;1199.0;1199.0;1455.0;1265.85;1098.0;1098.0
P3;2015-07-27;9;1149.0;1163.68;1052.26;1019.94;1050.14;1050.14;1061.0;1061.0;1149.0;1083.06;1455.0;1265.85;1098.0;1098.0
P3;2015-07-28;8;1149.0;1149.0;1086.5;1086.5;1059.03;1059.03;1061.03;1061.03;1149.0;1083.06;1455.0;1265.85;1098.0;1098.0
P3;2015-07-29;7;1149.0;1149.0;1069.53;1031.06;1041.65;1041.65;1047.0;1047.0;1199.0;1199.0;1455.0;1265.85;1098.0;1098.0
P3;2015-07-30;7;1149.0;1170.65;1069.53;1031.06;986.51;986.51;999.0;999.0;1199.0;1199.0;1455.0;1265.85;1098.0;1098.0
P3;2015-07-31;23;1049.0;1057.7;1028.99;960.45;974.02;949.05;999.0;999.0;1199.0;1199.0;1455.0;1265.85;1098.0;1098.0
P3;2015-08-01;21;1049.0;1060.67;1011.81;980.67;969.03;894.11;999.0;999.0;1199.0;1199.0;1455.0;1265.85;1098.0;1098.0
P3;2015-08-02;11;1098.0;1098.0;1048.0;1048.0;1023.5;973.55;1023.5;1023.5;1199.0;1199.0;1455.0;1265.85;1148.5;1148.5
P3;2015-08-03;5;1098.0;1188.59;1048.0;1048.0;1023.5;973.55;999.0;999.0;1199.0;1199.0;1455.0;1265.85;1199.0;1199.0
P3;2015-08-04;7;1098.0;1198.43;1023.5;963.56;1023.5;973.55;999.0;999.0;1199.0;1199.0;1455.0;1265.85;1199.0;1199.0
P3;2015-08-06;1;1499.0;1499.0;1098.5;1098.5;1098.5;1098.5;1098.5;1098.5;1199.0;1199.0;1455.0;1265.85;1199.0;1199.0
P3;2015-08-07;1;1499.0;1499.0;1099.0;1099.0;1099.0;1099.0;1099.0;1099.0;1499.0;1499.0;1455.0;1265.85;1349.0;1349.0
P3;2015-08-08;3;1098.0;1098.0;1099.0;1099.0;1099.0;1099.0;1099.0;1099.0;1499.0;1499.0;1455.0;1265.85;1499.0;1499.0
P3;2015-08-09;2;1319.0;1319.0;1099.0;1099.0;1099.0;1099.0;1099.0;1099.0;1499.0;1499.0;1455.0;1265.85;1499.0;1499.0
P3;2015-08-10;1;1199.0;1199.0;1099.0;1099.0;1099.0;1099.0;1099.0;1099.0;1499.0;1499.0;1455.0;1265.85;1499.0;1499.0
P3;2015-08-11;4;1299.0;1274.0;1099.0;1099.0;1099.0;1099.0;1099.0;1099.0;1499.0;1499.0;1455.0;1265.85;1499.0;1499.0
P3;2015-08-12;3;1299.0;1299.0;1099.0;1099.0;1099.0;1099.0;1099.0;1099.0;1499.0;1499.0;1455.0;1265.85;1499.0;1499.0
P3;2015-08-13;3;1299.0;1299.0;1132.5;1132.5;1176.06;1176.06;1165.99;1165.99;1499.0;1499.0;1455.0;1265.85;1499.0;1499.0
P3;2015-08-15;2;1309.0;1309.0;1124.0;1124.0;1099.0;1099.0;1099.0;1099.0;1499.0;1499.0;1455.0;1265.85;1499.0;1499.0
P3;2015-08-16;1;1309.0;1309.0;1232.93;1232.93;1149.0;1149.0;1149.0;1149.0;1499.0;1499.0;1455.0;1265.85;1499.0;1499.0
P3;2015-08-17;2;1309.0;1404.0;1165.97;1165.97;1124.0;1124.0;1124.0;1124.0;1499.0;1499.0;1455.0;1265.85;1499.0;1499.0
P3;2015-08-18;11;1098.0;1183.73;1165.95;1165.95;1132.47;1132.47;1232.89;1232.89;1499.0;1499.0;1455.0;1265.85;1499.0;1499.0
P3;2015-08-19;18;1098.0;1133.27;1076.31;1042.14;1033.6;1033.6;1119.03;1062.07;1499.0;1499.0;1455.0;1265.85;1499.0;1499.0
P3;2015-08-20;8;1309.9;1256.93;1043.61;1009.44;1057.85;1029.37;1119.03;1062.07;1499.0;1499.0;1455.0;1265.85;1499.0;1499.0
P3;2015-08-21;6;1098.0;1164.83;1043.61;1009.44;1072.08;1043.61;1119.03;1062.07;1499.0;1499.0;1455.0;1265.85;1098.0;1098.0
P3;2015-08-22;7;1098.0;1098.0;1033.6;1033.6;1062.07;1062.07;1099.0;1099.0;1499.0;1499.0;1455.0;1265.85;1098.0;1098.0
P3;2015-08-23;6;1098.0;1223.55;1033.6;1033.6;1062.07;1062.07;1099.0;1099.0;1499.0;1499.0;1455.0;1265.85;1349.0;1349.0
P3;2015-08-24;6;1098.0;1223.55;1043.61;1009.44;1084.01;1055.54;1119.03;1062.07;1499.0;1499.0;1455.0;1265.85;1349.0;1349.0
P3;2015-08-25;3;1180.63;1180.63;1053.62;1019.45;1059.01;1059.01;1119.02;1119.02;1499.0;1499.0;1455.0;1265.85;1319.0;1319.0
P3;2015-08-26;3;1180.63;1255.78;1033.6;1033.6;1049.0;1049.0;1099.0;1099.0;1499.0;1499.0;1455.0;1265.85;1139.0;1139.0
P3;2015-08-27;1;1274.9;1274.9;1033.6;1033.6;1049.0;1049.0;1099.0;1099.0;1499.0;1499.0;1455.0;1265.85;1139.0;1139.0
P3;2015-08-28;2;1274.9;1274.9;1016.3;986.33;1024.0;999.02;1049.0;999.05;1499.0;1499.0;1455.0;1265.85;1139.0;1139.0
P3;2015-08-29;5;1098.0;1200.05;999.0;879.12;999.0;899.1;999.0;899.1;1499.0;1499.0;1455.0;1265.85;1139.0;1139.0
P3;2015-08-30;2;1311.81;1311.81;999.0;879.12;999.0;899.1;999.0;899.1;1499.0;1499.0;1455.0;1265.85;1139.0;1139.0
P3;2015-08-31;8;1180.63;1201.79;999.0;879.12;999.0;899.1;999.0;899.1;1499.0;1499.0;1455.0;1265.85;1139.0;1139.0
P3;2015-09-01;18;1311.81;1286.3;999.0;879.12;999.0;899.1;999.0;899.1;1499.0;1499.0;1455.0;1265.85;1139.0;1139.0
P3;2015-09-02;15;1311.81;1278.58;1122.22;1042.67;1148.54;1070.51;1185.92;1128.97;1499.0;1499.0;1455.0;1265.85;1139.0;1139.0
P3;2015-09-03;6;1311.81;1276.47;1209.36;1175.19;1209.36;1180.88;1232.8;1232.8;1499.0;1274.15;1455.0;1265.85;1139.0;1139.0
P3;2015-09-04;8;1265.74;1233.75;1092.33;1001.21;1069.0;1012.05;1139.0;1025.1;1500.95;1298.36;1455.0;1265.85;1139.0;1139.0
P3;2015-09-05;2;1299.9;1309.45;1123.01;1084.68;1139.45;1110.97;1153.02;1096.07;1502.91;1322.56;1455.0;1265.85;1139.0;1139.0
P3;2015-09-06;3;1319.0;1338.27;1116.01;1043.5;1078.99;1022.04;1139.0;1025.1;1502.91;1322.56;1455.0;1265.85;1139.0;1139.0
P3;2015-09-07;1;1319.0;1319.0;1086.0;1043.5;1086.0;1057.53;1185.82;1128.87;1502.91;1322.56;1455.0;1265.85;1139.0;1139.0
P3;2015-09-08;5;1199.0;1236.68;1123.01;1084.68;1139.38;1110.9;1185.75;1128.8;1500.95;1320.84;1455.0;1265.85;1139.0;1139.0
P3;2015-09-09;8;1261.6;1233.95;1153.02;1084.68;1185.71;1128.76;1185.72;1128.77;1499.0;1319.12;1455.0;1265.85;1139.0;1139.0
P3;2015-09-10;11;1267.73;1246.29;1232.28;1232.28;1232.26;1232.26;1232.26;1232.26;1499.0;1319.12;1455.0;1265.85;1139.0;1139.0
P3;2015-09-11;4;1263.7;1224.48;1139.0;1002.32;1139.0;1025.1;1139.0;1082.05;1499.0;1319.12;1455.0;1265.85;1139.0;1139.0
P3;2015-09-12;1;1296.62;1296.62;1185.58;1117.24;1185.58;1128.63;1185.58;1128.63;1499.0;1319.12;1455.0;1265.85;1139.0;1139.0
P3;2015-09-13;5;1263.7;1276.4;1232.15;1232.15;1232.15;1232.15;1232.15;1232.15;1499.0;1319.12;1455.0;1265.85;1139.0;1139.0
P3;2015-09-14;2;1278.99;1278.99;1244.0;1209.83;1208.86;1180.39;1255.58;1255.58;1499.0;1319.12;1455.0;1265.85;1139.0;1139.0
P3;2015-09-15;7;1098.0;1152.23;1278.99;1278.99;1287.8;1222.97;1278.99;1278.99;1499.0;1319.12;1455.0;1265.85;1118.5;1118.5
P3;2015-09-16;29;1098.0;1098.0;1279.0;1279.0;1148.99;1148.99;1279.0;1279.0;1499.0;1319.12;1455.0;1265.85;1118.5;1118.5
P3;2015-09-17;5;1296.62;1296.62;1145.66;1100.1;1148.99;1148.99;1209.0;1152.05;1499.0;1319.12;1455.0;1265.85;1139.0;1139.0
P3;2015-09-18;6;1296.62;1241.91;1078.99;1002.32;1168.99;1140.51;1139.0;1025.1;1499.0;1319.12;1455.0;1265.85;1139.0;1139.0
P3;2015-09-19;3;1098.0;1230.41;1078.99;1002.32;1209.73;1209.73;1139.0;1025.1;1461.15;1285.81;1455.0;1265.85;1139.0;1139.0
P3;2015-09-20;4;1296.62;1296.62;1078.99;1002.32;1209.73;1209.73;1139.0;1025.1;1461.15;1285.81;1455.0;1265.85;1139.0;1139.0
P3;2015-09-21;6;1296.62;1275.01;1066.99;1002.32;1133.43;1133.43;1139.0;1025.1;1480.08;1302.46;1455.0;1265.85;1169.0;1169.0
P3;2015-09-22;7;1231.79;1250.31;1058.99;1050.66;1114.36;1114.36;1099.0;1099.0;1499.0;1319.12;1455.0;1265.85;1199.0;1199.0
P3;2015-09-23;8;1231.79;1200.99;1058.99;1050.66;1078.99;1022.04;1139.0;1025.1;1499.0;1319.12;1455.0;1265.85;1199.0;1199.0
P3;2015-09-24;14;1231.79;1203.78;1083.99;1048.02;1108.99;1049.04;1199.0;1079.1;1499.0;1319.12;1455.0;1265.85;1199.0;1199.0
P3;2015-09-25;1;1149.0;1149.0;1138.99;1043.07;1108.99;1049.04;1199.0;1079.1;1499.0;1319.12;1455.0;1265.85;1198.95;1198.95
P3;2015-09-26;6;1149.0;1149.0;1078.99;1070.65;1078.99;1022.04;1138.99;1138.99;1099.0;1099.0;1455.0;1265.85;1198.9;1198.9
P3;2015-09-27;2;1166.96;1166.96;NA;NA;NA;NA;NA;NA;NA;NA;NA;NA;NA;NA
P3;2015-09-28;1;1149.0;1149.0;1078.99;1070.65;1068.99;1013.04;1138.99;1138.99;1099.0;1099.0;1455.0;1265.85;1198.9;1198.9
P3;2015-09-29;4;1149.0;1157.98;1058.99;967.12;1058.99;1016.57;1098.99;1098.99;1099.0;1099.0;1455.0;1265.85;1139.4;1139.4
P3;2015-09-30;1;1231.79;1231.79;1045.65;1011.08;1058.99;1058.99;1098.99;1044.05;1099.0;1099.0;1455.0;1265.85;1139.45;1139.45
P3;2015-10-01;3;1061.93;1125.96;1048.99;1033.06;1049.0;1049.0;1098.99;1098.99;1099.0;1099.0;1455.0;1265.85;1199.0;1199.0
P3;2015-10-02;6;1166.96;1160.97;1049.0;967.12;1066.55;1066.55;1099.0;989.1;1070.15;1070.15;1455.0;1265.85;1199.0;1199.0
P3;2015-10-03;6;1166.96;1128.06;1049.0;967.12;1066.55;1066.55;1099.0;989.1;1070.15;1070.15;1455.0;1265.85;1199.0;1199.0
P3;2015-10-04;5;1166.96;1166.96;1099.0;967.12;1099.0;1099.0;1099.0;989.1;1189.15;1189.15;1455.0;1265.85;1199.0;1199.0
P3;2015-10-05;7;1166.96;1166.96;1115.49;981.63;1115.49;1115.49;1115.49;1003.93;1189.15;1189.15;1455.0;1265.85;1199.0;1199.0
P3;2015-10-06;6;1249.0;1240.39;1131.48;1029.6;1131.97;1131.97;1130.99;1074.38;1144.08;1144.08;1455.0;1265.85;1199.0;1199.0
P3;2015-10-07;5;1231.79;1231.79;1149.93;1149.93;1150.43;1150.43;1130.0;1130.0;1099.0;1099.0;1455.0;1265.85;1199.0;1199.0
P3;2015-10-08;2;1166.96;1199.38;1180.41;1146.86;1169.87;1169.87;1130.0;1130.0;1149.0;1149.0;1455.0;1265.85;1199.0;1199.0
P3;2015-10-10;4;1166.96;1166.96;1169.03;1055.12;1169.03;1169.03;1199.0;1079.1;1199.0;1199.0;1455.0;1265.85;1199.0;1199.0
P3;2015-10-11;7;1166.96;1166.96;1169.03;1055.12;1169.03;1169.03;1199.0;1079.1;1199.0;1199.0;1455.0;1265.85;1199.0;1199.0
P3;2015-10-12;1;1166.96;1166.96;1169.03;1055.12;1169.03;1169.03;1199.0;1079.1;1199.0;1199.0;1455.0;1265.85;1199.0;1199.0
P3;2015-10-13;4;1166.96;1166.96;1181.53;1096.54;1173.91;1173.91;1199.0;1079.1;1199.0;1199.0;1455.0;1265.85;1199.0;1199.0
P3;2015-10-14;1;1231.79;1231.79;1148.89;1071.11;1148.89;1148.89;1199.0;1079.1;1199.0;1199.0;1455.0;1265.85;1199.0;1199.0
