Scripts/dataset/correlated_data_nmv.csv
PROD_ID;DATE;SALES_COUNT;MEDIAN_PRICE;MEAN_PRICE;C1_PRICE_1;C1_PRICE_2;C2_PRICE_1;C2_PRICE_2;C3_PRICE_1;C3_PRICE_2;C4_PRICE_1;C4_PRICE_2;C5_PRICE_1;C5_PRICE_2;C6_PRICE_1;C6_PRICE_2
P4;2015-03-30;4;569.0;569.0;NA;NA;NA;NA;NA;NA;NA;NA;NA;NA;NA;NA
P4;2015-03-31;18;569.0;564.26;NA;NA;NA;NA;NA;NA;NA;NA;NA;NA;NA;NA
P4;2015-04-01;27;569.0;556.57;NA;NA;NA;NA;NA;NA;NA;NA;NA;NA;NA;NA
P4;2015-04-02;22;569.0;566.41;NA;NA;NA;NA;NA;NA;NA;NA;NA;NA;NA;NA
P4;2015-04-03;23;569.0;566.53;NA;NA;NA;NA;NA;NA;NA;NA;NA;NA;NA;NA
P4;2015-04-04;43;569.0;568.34;NA;NA;NA;NA;NA;NA;NA;NA;NA;NA;NA;NA
P4;2015-04-05;39;569.0;568.27;NA;NA;NA;NA;NA;NA;NA;NA;NA;NA;NA;NA
P4;2015-04-06;47;569.0;569.0;NA;NA;NA;NA;NA;NA;NA;NA;NA;NA;NA;NA
P4;2015-04-07;44;569.0;567.71;NA;NA;NA;NA;NA;NA;NA;NA;NA;NA;NA;NA
P4;2015-04-08;40;569.0;565.62;NA;NA;NA;NA;NA;NA;NA;NA;NA;NA;NA;NA
P4;2015-04-09;54;569.0;564.28;NA;NA;NA;NA;NA;NA;NA;NA;NA;NA;NA;NA
P4;2015-04-10;40;569.0;566.15;NA;NA;NA;NA;NA;NA;NA;NA;NA;NA;NA;NA
P4;2015-04-11;75;569.0;568.24;NA;NA;NA;NA;NA;NA;NA;NA;NA;NA;NA;NA
P4;2015-04-12;66;569.0;568.14;NA;NA;NA;NA;NA;NA;NA;NA;NA;NA;NA;NA
P4;2015-04-13;104;569.0;566.32;NA;NA;NA;NA;NA;NA;NA;NA;NA;NA;NA;NA
P4;2015-04-14;93;569.0;568.45;NA;NA;NA;NA;NA;NA;NA;NA;NA;NA;NA;NA
P4;2015-04-15;70;569.0;567.82;NA;NA;NA;NA;NA;NA;NA;NA;NA;NA;NA;NA
P4;2015-04-16;86;569.0;563.22;NA;NA;NA;NA;NA;NA;NA;NA;NA;NA;NA;NA
P4;2015-04-17;59;569.0;556.55;NA;NA;NA;NA;NA;NA;NA;NA;NA;NA;NA;NA
P4;2015-04-18;55;569.0;566.56;NA;NA;NA;NA;NA;NA;NA;NA;NA;NA;NA;NA
P4;2015-04-19;46;569.0;565.54;NA;NA;NA;NA;NA;NA;NA;NA;NA;NA;NA;NA
P4;2015-04-20;76;569.0;567.5;NA;NA;NA;NA;NA;NA;NA;NA;NA;NA;NA;NA
P4;2015-04-21;65;569.0;566.11;NA;NA;NA;NA;NA;NA;NA;NA;NA;NA;NA;NA
P4;2015-04-22;52;569.0;561.35;NA;NA;NA;NA;NA;NA;NA;NA;NA;NA;NA;NA
P4;2015-04-23;65;569.0;561.31;NA;NA;NA;NA;NA;NA;NA;NA;NA;NA;NA;NA
P4;2015-04-24;73;569.0;565.96;NA;NA;NA;NA;NA;NA;NA;NA;NA;NA;NA;NA
P4;2015-04-25;43;569.0;565.03;NA;NA;NA;NA;NA;NA;NA;NA;NA;NA;NA;NA
P4;2015-04-26;28;569.0;564.12;NA;NA;NA;NA;NA;NA;NA;NA;NA;NA;NA;NA
P4;2015-04-27;50;569.0;563.15;NA;NA;NA;NA;NA;NA;NA;NA;NA;NA;NA;NA
P4;2015-04-28;86;569.0;547.98;NA;NA;NA;NA;NA;NA;NA;NA;NA;NA;NA;NA
P4;2015-04-29;76;569.0;565.59;NA;NA;NA;NA;NA;NA;NA;NA;NA;NA;NA;NA
P4;2015-04-30;56;569.0;561.19;NA;NA;NA;NA;NA;NA;NA;NA;NA;NA;NA;NA
P4;2015-05-01;23;569.0;561.68;NA;NA;NA;NA;NA;NA;NA;NA;NA;NA;NA;NA
P4;2015-05-02;75;499.0;522.08;NA;NA;NA;NA;NA;NA;NA;NA;NA;NA;NA;NA
P4;2015-05-03;52;569.0;538.81;NA;NA;NA;NA;NA;NA;NA;NA;NA;NA;NA;NA
P4;2015-05-04;980;499.0;494.06;NA;NA;NA;NA;NA;NA;569.0;512.1;NA;NA;NA;NA
P4;2015-05-05;79;569.0;547.68;NA;NA;NA;NA;NA;NA;551.5;515.94;NA;NA;499.0;499.0
P4;2015-05-06;54;569.0;551.51;NA;NA;NA;NA;NA;NA;499.0;499.0;NA;NA;499.0;499.0
P4;2015-05-07;643;499.0;499.43;NA;NA;NA;NA;NA;NA;499.0;499.0;NA;NA;499.0;499.0
P4;2015-05-08;341;499.0;498.26;NA;NA;NA;NA;NA;NA;499.0;499.0;NA;NA;499.0;499.0
P4;2015-05-09;314;499.0;498.63;NA;NA;NA;NA;NA;NA;499.0;499.0;NA;NA;499.0;499.0
P4;2015-05-10;279;499.0;498.62;NA;NA;NA;NA;NA;NA;499.0;499.0;NA;NA;499.0;499.0
P4;2015-05-11;20;569.0;565.12;NA;NA;NA;NA;NA;NA;499.0;499.0;NA;NA;534.0;534.0
P4;2015-05-12;63;499.0;509.54;NA;NA;NA;NA;NA;NA;499.0;499.0;NA;NA;569.0;569.0
P4;2015-05-13;223;499.0;495.07;NA;NA;NA;NA;NA;NA;499.0;499.0;NA;NA;549.0;549.0
P4;2015-05-14;382;474.05;483.87;NA;NA;NA;NA;NA;NA;499.0;499.0;NA;NA;528.0;528.0
P4;2015-05-15;473;474.05;480.18;NA;NA;NA;NA;NA;NA;499.0;499.0;NA;NA;518.5;518.5
P4;2015-05-16;368;474.05;482.84;NA;NA;NA;NA;NA;NA;499.0;499.0;NA;NA;519.0;519.0
P4;2015-05-17;46;474.05;485.55;NA;NA;NA;NA;NA;NA;499.0;499.0;NA;NA;519.0;519.0
P4;2015-05-18;12;474.05;475.26;NA;NA;NA;NA;NA;NA;499.0;499.0;569.0;495.03;519.0;519.0
P4;2015-05-19;160;474.05;484.28;NA;NA;NA;NA;NA;NA;499.0;499.0;569.0;495.03;519.0;519.0
P4;2015-05-20;232;474.05;484.21;NA;NA;NA;NA;NA;NA;534.0;534.0;569.0;495.03;519.0;519.0
P4;2015-05-21;337;474.05;479.93;NA;NA;NA;NA;NA;NA;569.0;569.0;569.0;495.03;519.0;519.0
P4;2015-05-22;350;474.05;480.32;NA;NA;NA;NA;NA;NA;569.0;569.0;569.0;495.03;519.0;519.0
P4;2015-05-23;295;474.05;480.02;NA;NA;NA;NA;NA;NA;569.0;569.0;569.0;495.03;519.0;519.0
P4;2015-05-24;247;474.05;481.54;NA;NA;NA;NA;NA;NA;569.0;569.0;569.0;495.03;519.0;519.0
P4;2015-05-25;65;512.1;526.0;NA;NA;NA;NA;NA;NA;569.0;569.0;569.0;495.03;544.0;544.0
P4;2015-05-26;198;499.0;498.15;NA;NA;NA;NA;NA;NA;569.0;569.0;569.0;495.03;528.5;528.5
P4;2015-05-27;296;499.0;496.56;NA;NA;NA;NA;NA;NA;569.0;569.0;569.0;495.03;499.0;499.0
P4;2015-05-28;162;499.0;500.53;NA;NA;NA;NA;NA;NA;569.0;569.0;569.0;495.03;499.0;499.0
P4;2015-05-29;30;548.69;544.6;NA;NA;NA;NA;NA;NA;569.0;569.0;569.0;495.03;499.0;499.0
P4;2015-05-30;11;548.69;552.19;NA;NA;NA;NA;NA;NA;569.0;569.0;569.0;495.03;499.0;499.0
P4;2015-05-31;18;549.0;551.0;NA;NA;NA;NA;NA;NA;569.0;569.0;569.0;495.03;499.0;499.0
P4;2015-06-01;45;540.55;543.14;NA;NA;NA;NA;NA;NA;569.0;569.0;569.0;495.03;499.0;499.0
P4;2015-06-02;59;540.55;536.45;NA;NA;NA;NA;NA;NA;569.0;569.0;569.0;495.03;499.0;499.0
P4;2015-06-03;61;540.55;536.38;NA;NA;NA;NA;NA;NA;569.0;569.0;569.0;495.03;499.0;499.0
P4;2015-06-04;31;529.0;526.06;NA;NA;NA;NA;NA;NA;569.0;569.0;569.0;495.03;499.0;499.0
P4;2015-06-05;21;540.55;540.64;NA;NA;NA;NA;NA;NA;569.0;569.0;569.0;495.03;499.0;499.0
P4;2015-06-06;13;540.55;541.95;NA;NA;NA;NA;NA;NA;569.0;569.0;569.0;495.03;499.0;499.0
P4;2015-06-07;9;548.0;539.51;NA;NA;NA;NA;NA;NA;569.0;569.0;569.0;495.03;499.0;499.0
P4;2015-06-08;15;519.9;525.27;NA;NA;NA;NA;NA;NA;569.0;569.0;569.0;495.03;499.0;499.0
P4;2015-06-09;12;527.99;529.04;NA;NA;NA;NA;NA;NA;569.0;569.0;569.0;495.03;499.0;499.0
P4;2015-06-10;78;509.0;517.42;NA;NA;NA;NA;NA;NA;569.0;569.0;569.0;495.03;499.0;499.0
P4;2015-06-11;64;509.0;519.76;NA;NA;NA;NA;NA;NA;569.0;569.0;569.0;495.03;499.0;499.0
P4;2015-06-12;21;548.0;538.29;NA;NA;NA;NA;NA;NA;569.0;569.0;569.0;495.03;499.0;499.0
P4;2015-06-13;26;546.89;535.6;NA;NA;NA;NA;NA;NA;569.0;569.0;569.0;495.03;499.0;499.0
P4;2015-06-14;21;545.8;551.31;NA;NA;NA;NA;NA;NA;569.0;569.0;569.0;495.03;499.0;499.0
P4;2015-06-15;51;509.0;517.3;NA;NA;NA;NA;NA;NA;569.0;569.0;569.0;495.03;499.0;499.0
P4;2015-06-16;40;508.9;510.41;NA;NA;NA;NA;NA;NA;569.0;569.0;569.0;495.03;499.0;499.0
P4;2015-06-17;33;508.9;510.72;NA;NA;NA;NA;NA;NA;569.0;569.0;569.0;495.03;499.0;499.0
P4;2015-06-18;53;499.0;500.86;NA;NA;NA;NA;NA;NA;569.0;569.0;569.0;495.03;499.0;499.0
P4;2015-06-19;168;499.0;495.46;NA;NA;NA;NA;NA;NA;569.0;569.0;569.0;495.03;499.0;499.0
P4;2015-06-20;192;499.0;488.27;NA;NA;NA;NA;NA;NA;569.0;569.0;569.0;495.03;499.0;499.0
P4;2015-06-21;158;499.0;496.87;NA;NA;NA;NA;NA;NA;569.0;569.0;569.0;495.03;499.0;499.0
P4;2015-06-22;160;499.0;498.5;NA;NA;NA;NA;NA;NA;565.21;565.21;569.0;495.03;499.0;499.0
P4;2015-06-23;157;499.0;498.17;NA;NA;NA;NA;NA;NA;569.0;569.0;569.0;495.03;499.0;499.0
P4;2015-06-24;99;499.0;498.57;NA;NA;NA;NA;NA;NA;569.0;569.0;569.0;495.03;499.0;499.0
P4;2015-06-25;53;499.0;495.23;NA;NA;NA;NA;NA;NA;540.55;540.55;569.0;495.03;629.9;629.9
P4;2015-06-26;59;492.99;495.33;NA;NA;NA;NA;NA;NA;561.89;561.89;569.0;495.03;629.9;629.9
P4;2015-06-27;49;492.99;488.13;NA;NA;NA;NA;NA;NA;540.55;540.55;569.0;495.03;629.9;629.9
P4;2015-06-28;59;492.99;491.36;NA;NA;NA;NA;NA;NA;540.55;540.55;569.0;495.03;629.9;629.9
P4;2015-06-29;49;493.0;497.35;NA;NA;NA;NA;NA;NA;540.55;540.55;569.0;495.03;564.45;564.45
P4;2015-06-30;54;490.0;493.9;NA;NA;NA;NA;NA;NA;569.0;569.0;569.0;495.03;629.9;629.9
P4;2015-07-01;106;499.0;494.54;NA;NA;NA;NA;NA;NA;569.0;569.0;569.0;495.03;629.9;629.9
P4;2015-07-02;163;499.0;493.97;NA;NA;NA;NA;NA;NA;569.0;569.0;569.0;495.03;629.9;629.9
P4;2015-07-03;307;499.0;495.77;NA;NA;NA;NA;NA;NA;569.0;569.0;569.0;495.03;629.9;629.9
P4;2015-07-04;14;498.99;512.33;NA;NA;NA;NA;NA;NA;554.77;554.77;569.0;495.03;564.45;564.45
P4;2015-07-05;7;499.0;518.77;NA;NA;NA;NA;NA;NA;554.77;554.77;569.0;495.03;629.9;629.9
P4;2015-07-06;16;544.69;527.58;NA;NA;NA;NA;NA;NA;569.0;569.0;569.0;495.03;629.9;629.9
P4;2015-07-07;13;544.69;544.69;NA;NA;NA;NA;NA;NA;499.0;499.0;569.0;495.03;629.9;629.9
P4;2015-07-08;8;544.68;544.69;NA;NA;NA;NA;NA;NA;499.0;499.0;569.0;495.03;564.45;564.45
P4;2015-07-09;9;548.99;548.99;NA;NA;NA;NA;NA;NA;499.0;499.0;569.0;495.03;499.0;499.0
P4;2015-07-10;8;548.99;547.91;NA;NA;NA;NA;NA;NA;499.0;499.0;569.0;495.03;499.0;499.0
P4;2015-07-11;5;544.65;544.65;NA;NA;NA;NA;NA;NA;499.0;499.0;569.0;495.03;499.0;499.0
P4;2015-07-12;8;544.65;544.65;NA;NA;NA;NA;NA;NA;499.0;499.0;569.0;495.03;499.0;499.0
P4;2015-07-13;2;569.0;569.45;NA;NA;NA;NA;NA;NA;499.0;499.0;569.0;495.03;629.9;629.9
P4;2015-07-14;1;569.9;569.9;NA;NA;NA;NA;NA;NA;499.0;499.0;569.0;495.03;629.9;629.9
P4;2015-07-15;4;569.0;569.45;NA;NA;NA;NA;NA;NA;499.0;499.0;569.0;495.03;629.9;629.9
P4;2015-07-16;5;569.0;569.36;NA;NA;NA;NA;NA;NA;499.0;499.0;569.0;495.03;629.9;629.9
P4;2015-07-17;3;569.9;569.9;NA;NA;NA;NA;NA;NA;499.0;499.0;569.0;495.03;629.9;629.9
P4;2015-07-18;1;569.9;569.9;NA;NA;NA;NA;NA;NA;499.0;499.0;569.0;495.03;629.9;629.9
P4;2015-07-19;1;569.9;569.9;NA;NA;NA;NA;NA;NA;499.0;499.0;569.0;495.03;629.9;629.9
P4;2015-07-20;3;559.9;566.57;NA;NA;NA;NA;NA;NA;499.0;499.0;569.0;495.03;629.9;629.9
P4;2015-07-21;7;559.9;561.2;NA;NA;NA;NA;NA;NA;499.0;499.0;569.0;495.03;564.45;564.45
P4;2015-07-22;5;559.9;559.9;NA;NA;NA;NA;NA;NA;499.0;499.0;569.0;495.03;629.9;629.9
P4;2015-07-23;8;540.55;533.79;NA;NA;NA;NA;NA;NA;499.0;499.0;569.0;495.03;629.9;629.9
P4;2015-07-24;10;540.55;546.35;NA;NA;NA;NA;NA;NA;489.0;489.0;569.0;495.03;629.9;629.9
P4;2015-07-25;6;539.9;551.48;NA;NA;NA;NA;NA;NA;467.02;467.02;569.0;495.03;629.9;629.9
P4;2015-07-26;8;539.9;570.46;NA;NA;NA;NA;NA;NA;487.4;487.4;569.0;495.03;629.9;629.9
P4;2015-07-27;4;539.9;539.9;NA;NA;NA;NA;NA;NA;499.45;474.5;569.0;495.03;629.9;629.9
P4;2015-07-28;5;540.55;560.29;NA;NA;NA;NA;NA;NA;499.0;474.05;569.0;495.03;629.9;629.9
P4;2015-07-29;17;540.55;536.28;NA;NA;NA;NA;NA;NA;479.0;479.0;569.0;495.03;629.9;629.9
P4;2015-07-30;1;540.55;540.55;NA;NA;NA;NA;NA;NA;479.0;479.0;569.0;495.03;629.9;629.9
P4;2015-07-31;1;540.55;540.55;NA;NA;NA;NA;NA;NA;484.0;484.0;569.0;495.03;629.9;629.9
P4;2015-08-01;3;540.55;558.76;NA;NA;NA;NA;NA;NA;479.0;479.0;569.0;495.03;629.9;629.9
P4;2015-08-02;4;567.86;567.86;NA;NA;NA;NA;NA;NA;479.0;479.0;569.0;495.03;629.9;629.9
P4;2015-08-03;6;567.86;567.86;NA;NA;NA;NA;NA;NA;484.23;484.23;569.0;495.03;629.9;629.9
P4;2015-08-04;7;569.0;571.38;NA;NA;NA;NA;NA;NA;499.9;484.91;569.0;495.03;629.9;629.9
P4;2015-08-05;5;567.87;568.32;NA;NA;NA;NA;NA;NA;499.9;469.91;569.0;495.03;629.9;629.9
P4;2015-08-06;6;579.9;583.9;NA;NA;NA;NA;NA;NA;569.0;569.0;569.0;495.03;564.45;564.45
P4;2015-08-07;8;579.89;574.54;NA;NA;NA;NA;NA;NA;569.0;569.0;569.0;495.03;518.0;518.0
P4;2015-08-08;4;548.0;548.0;NA;NA;NA;NA;NA;NA;569.0;569.0;569.0;495.03;518.0;518.0
P4;2015-08-09;11;548.0;548.0;NA;NA;NA;NA;NA;NA;569.0;569.0;569.0;495.03;518.0;518.0
P4;2015-08-10;6;546.0;546.33;NA;NA;NA;NA;NA;NA;569.0;569.0;569.0;495.03;533.0;533.0
P4;2015-08-11;8;545.99;545.5;NA;NA;NA;NA;NA;NA;551.73;551.73;569.0;495.03;548.0;548.0
P4;2015-08-12;7;544.0;544.0;NA;NA;NA;NA;NA;NA;499.9;499.9;569.0;495.03;548.0;548.0
P4;2015-08-13;11;544.0;553.09;NA;NA;NA;NA;NA;NA;499.9;499.9;569.0;495.03;548.0;548.0
P4;2015-08-14;16;544.0;545.56;NA;NA;NA;NA;NA;NA;494.67;494.67;569.0;495.03;498.0;498.0
P4;2015-08-15;4;544.0;536.02;NA;NA;NA;NA;NA;NA;474.05;474.05;569.0;495.03;498.0;498.0
P4;2015-08-16;9;544.0;544.0;NA;NA;NA;NA;NA;NA;474.05;474.05;569.0;495.03;498.0;498.0
P4;2015-08-17;9;529.9;535.81;NA;NA;NA;NA;NA;NA;489.0;489.0;569.0;495.03;498.0;498.0
P4;2015-08-18;20;499.9;508.9;NA;NA;NA;NA;NA;NA;479.0;479.0;569.0;495.03;498.0;498.0
P4;2015-08-19;37;499.9;501.0;NA;NA;NA;NA;NA;NA;479.0;479.0;569.0;495.03;498.0;498.0
P4;2015-08-20;25;499.9;501.53;NA;NA;NA;NA;NA;NA;479.0;479.0;569.0;495.03;498.0;498.0
P4;2015-08-21;42;499.9;499.9;NA;NA;NA;NA;NA;NA;479.0;479.0;569.0;495.03;498.0;498.0
P4;2015-08-22;9;499.9;501.26;NA;NA;NA;NA;NA;NA;467.77;467.77;569.0;495.03;498.0;498.0
P4;2015-08-23;11;499.9;503.23;NA;NA;NA;NA;NA;NA;503.4;503.4;569.0;495.03;498.0;498.0
P4;2015-08-24;18;499.9;500.58;NA;NA;NA;NA;NA;NA;529.9;529.9;569.0;495.03;498.0;498.0
P4;2015-08-25;21;499.9;501.06;NA;NA;NA;NA;NA;NA;514.9;514.9;569.0;495.03;498.0;498.0
P4;2015-08-26;19;499.89;510.81;NA;NA;NA;NA;NA;NA;499.9;499.9;569.0;495.03;498.0;498.0
P4;2015-08-27;28;498.0;506.01;NA;NA;NA;NA;NA;NA;499.9;499.9;569.0;495.03;498.0;498.0
P4;2015-08-28;10;498.0;498.0;NA;NA;NA;NA;NA;NA;499.9;499.9;569.0;495.03;498.0;498.0
P4;2015-08-29;5;569.0;557.62;NA;NA;NA;NA;NA;NA;521.55;521.55;569.0;495.03;655.0;655.0
P4;2015-08-30;7;569.0;569.0;NA;NA;NA;NA;NA;NA;521.55;521.55;569.0;495.03;655.0;655.0
P4;2015-08-31;28;540.55;535.35;NA;NA;NA;NA;NA;NA;535.27;535.27;569.0;495.03;655.0;655.0
P4;2015-09-01;37;540.55;531.77;NA;NA;NA;NA;NA;NA;549.0;549.0;569.0;495.03;498.0;498.0
P4;2015-09-02;46;540.55;528.8;NA;NA;NA;NA;NA;NA;519.54;524.45;569.0;495.03;655.0;655.0
P4;2015-09-03;59;540.55;535.25;NA;NA;NA;NA;NA;NA;499.9;499.9;569.0;495.03;655.0;655.0
P4;2015-09-04;23;540.55;534.11;NA;NA;NA;NA;NA;NA;498.65;498.65;569.0;495.03;655.0;655.0
P4;2015-09-05;220;443.33;448.46;NA;NA;NA;NA;NA;NA;494.91;494.91;569.0;495.03;655.0;655.0
P4;2015-09-06;308;443.33;442.08;NA;NA;NA;NA;NA;NA;494.91;494.91;569.0;495.03;655.0;655.0
P4;2015-09-07;301;443.33;440.43;NA;NA;NA;NA;NA;NA;494.91;494.91;569.0;495.03;655.0;655.0
P4;2015-09-08;19;569.0;539.11;NA;NA;NA;NA;NA;NA;494.91;494.91;569.0;495.03;655.0;655.0
P4;2015-09-09;20;498.0;529.95;NA;NA;NA;NA;NA;NA;499.9;499.9;569.0;495.03;498.0;498.0
P4;2015-09-10;18;498.0;530.34;NA;NA;NA;NA;NA;NA;499.9;499.9;569.0;495.03;576.5;576.5
P4;2015-09-11;249;540.55;516.2;NA;NA;NA;NA;NA;NA;499.9;499.9;569.0;495.03;655.0;655.0
P4;2015-09-12;36;512.1;510.68;NA;NA;NA;NA;NA;NA;499.9;499.9;569.0;495.03;655.0;655.0
P4;2015-09-13;34;512.1;513.38;NA;NA;NA;NA;NA;NA;499.9;499.9;569.0;495.03;655.0;655.0
P4;2015-09-14;9;512.1;517.31;NA;NA;NA;NA;NA;NA;499.9;499.9;569.0;495.03;655.0;655.0
P4;2015-09-15;11;558.0;550.09;NA;NA;NA;NA;NA;NA;499.9;499.9;569.0;495.03;655.0;655.0
P4;2015-09-16;38;498.0;499.87;NA;NA;NA;NA;NA;NA;479.9;479.9;569.0;495.03;576.5;576.5
P4;2015-09-17;32;498.0;498.0;NA;NA;NA;NA;NA;NA;479.9;479.9;569.0;495.03;498.0;498.0
P4;2015-09-18;24;498.0;503.92;NA;NA;NA;NA;NA;NA;473.66;473.66;569.0;495.03;498.5;498.5
P4;2015-09-19;6;569.0;567.17;NA;NA;NA;NA;NA;NA;467.42;467.42;569.0;495.03;576.5;576.5
P4;2015-09-20;17;498.0;498.0;NA;NA;NA;NA;NA;NA;467.42;467.42;569.0;495.03;498.0;498.0
P4;2015-09-21;42;498.0;496.36;NA;NA;NA;NA;NA;NA;474.91;474.91;569.0;495.03;498.0;498.0
P4;2015-09-22;489;429.0;427.98;NA;NA;NA;NA;NA;NA;489.45;489.45;569.0;495.03;497.5;497.5
P4;2015-09-23;1510;429.0;421.23;NA;NA;NA;NA;NA;NA;499.0;499.0;569.0;495.03;497.0;497.0
P4;2015-09-24;1253;429.0;429.59;NA;NA;NA;NA;NA;NA;499.0;499.0;569.0;495.03;497.0;497.0
P4;2015-09-25;47;497.0;502.65;NA;NA;NA;NA;NA;NA;479.9;431.91;569.0;495.03;497.0;497.0
P4;2015-09-26;30;495.0;498.56;NA;NA;NA;NA;NA;NA;479.9;431.91;569.0;495.03;497.0;497.0
P4;2015-09-27;18;494.0;498.27;NA;NA;NA;NA;NA;NA;NA;NA;NA;NA;NA;NA
P4;2015-09-28;37;489.0;492.14;NA;NA;NA;NA;NA;NA;479.9;431.91;569.0;495.03;497.0;497.0
P4;2015-09-29;36;489.0;493.49;NA;NA;NA;NA;NA;NA;479.9;431.91;569.0;495.03;497.0;497.0
P4;2015-09-30;47;489.0;492.9;NA;NA;NA;NA;NA;NA;479.9;431.91;569.0;495.03;497.0;497.0
P4;2015-10-01;35;489.0;492.61;NA;NA;NA;NA;NA;NA;479.9;431.91;569.0;495.03;655.0;655.0
P4;2015-10-02;18;489.0;489.0;NA;NA;NA;NA;NA;NA;473.6;473.6;569.0;495.03;497.0;497.0
P4;2015-10-03;39;488.0;489.34;NA;NA;NA;NA;NA;NA;492.15;492.15;569.0;495.03;497.0;497.0
P4;2015-10-04;22;486.89;496.84;NA;NA;NA;NA;NA;NA;492.15;492.15;569.0;495.03;497.0;497.0
P4;2015-10-05;112;486.0;492.31;NA;NA;NA;NA;NA;NA;492.15;492.15;569.0;495.03;497.0;497.0
P4;2015-10-06;65;485.98;487.96;NA;NA;NA;NA;NA;NA;494.09;494.09;569.0;495.03;497.0;497.0
P4;2015-10-07;37;484.99;491.73;NA;NA;NA;NA;NA;NA;483.52;483.52;569.0;495.03;497.0;497.0
P4;2015-10-08;47;484.94;488.49;NA;NA;NA;NA;NA;NA;481.02;481.02;569.0;495.03;497.0;497.0
P4;2015-10-09;33;469.9;481.62;NA;NA;NA;NA;NA;NA;483.52;483.52;569.0;495.03;498.0;498.0
P4;2015-10-10;52;469.9;470.9;NA;NA;NA;NA;NA;NA;479.9;479.9;569.0;495.03;498.0;498.0
P4;2015-10-11;42;469.86;470.87;NA;NA;NA;NA;NA;NA;477.4;477.4;569.0;495.03;497.0;497.0
P4;2015-10-12;63;469.86;471.2;NA;NA;NA;NA;NA;NA;469.9;469.9;569.0;495.03;497.0;497.0
P4;2015-10-13;62;469.86;470.67;NA;NA;NA;NA;NA;NA;469.9;469.9;569.0;495.03;497.0;497.0
P4;2015-10-14;43;469.0;474.65;NA;NA;NA;NA;NA;NA;469.9;469.9;569.0;495.03;499.0;499.0
