Scripts/dataset/correlated_data_nmv.csv
PROD_ID;DATE;SALES_COUNT;MEDIAN_PRICE;MEAN_PRICE;C1_PRICE_1;C1_PRICE_2;C2_PRICE_1;C2_PRICE_2;C3_PRICE_1;C3_PRICE_2;C4_PRICE_1;C4_PRICE_2;C5_PRICE_1;C5_PRICE_2;C6_PRICE_1;C6_PRICE_2
P5;2015-04-10;3;999.0;1092.33;NA;NA;NA;NA;NA;NA;NA;NA;NA;NA;NA;NA
P5;2015-04-11;9;999.0;999.0;NA;NA;NA;NA;NA;NA;NA;NA;NA;NA;NA;NA
P5;2015-04-12;5;999.0;1046.01;NA;NA;NA;NA;NA;NA;NA;NA;NA;NA;NA;NA
P5;2015-04-13;5;999.0;999.0;NA;NA;NA;NA;NA;NA;NA;NA;NA;NA;NA;NA
P5;2015-04-14;10;999.0;999.0;NA;NA;NA;NA;NA;NA;NA;NA;NA;NA;NA;NA
P5;2015-04-15;2;999.0;1064.0;NA;NA;NA;NA;NA;NA;NA;NA;NA;NA;NA;NA
P5;2015-04-17;5;909.09;981.04;NA;NA;NA;NA;NA;NA;NA;NA;NA;NA;NA;NA
P5;2015-04-18;7;999.0;984.73;NA;NA;NA;NA;NA;NA;NA;NA;NA;NA;NA;NA
P5;2015-04-19;12;999.0;991.51;NA;NA;NA;NA;NA;NA;NA;NA;NA;NA;NA;NA
P5;2015-04-20;6;999.0;1032.33;NA;NA;NA;NA;NA;NA;NA;NA;NA;NA;NA;NA
P5;2015-04-21;4;999.0;1024.0;NA;NA;NA;NA;NA;NA;NA;NA;NA;NA;NA;NA
P5;2015-04-22;5;1078.89;1130.76;NA;NA;NA;NA;NA;NA;NA;NA;NA;NA;NA;NA
P5;2015-04-23;1;1078.55;1078.55;NA;NA;NA;NA;NA;NA;NA;NA;NA;NA;NA;NA
P5;2015-04-24;2;984.99;992.0;NA;NA;NA;NA;NA;NA;NA;NA;NA;NA;NA;NA
P5;2015-04-25;3;984.99;994.33;NA;NA;NA;NA;NA;NA;NA;NA;NA;NA;NA;NA
P5;2015-04-26;7;984.99;1015.56;NA;NA;NA;NA;NA;NA;NA;NA;NA;NA;NA;NA
P5;2015-04-27;6;999.0;1004.83;NA;NA;NA;NA;NA;NA;NA;NA;NA;NA;NA;NA
P5;2015-04-28;5;999.0;1027.52;NA;NA;NA;NA;NA;NA;NA;NA;NA;NA;NA;NA
P5;2015-04-29;8;899.1;911.59;NA;NA;NA;NA;NA;NA;NA;NA;NA;NA;NA;NA
P5;2015-04-30;8;899.1;930.41;NA;NA;NA;NA;NA;NA;NA;NA;NA;NA;NA;NA
P5;2015-05-01;1;1047.39;1047.39;NA;NA;NA;NA;NA;NA;NA;NA;NA;NA;NA;NA
P5;2015-05-02;2;1047.36;1047.36;NA;NA;NA;NA;NA;NA;NA;NA;NA;NA;NA;NA
P5;2015-05-03;1;1099.0;1099.0;NA;NA;NA;NA;NA;NA;NA;NA;NA;NA;NA;NA
P5;2015-05-04;3;999.0;1015.12;999.0;899.1;999.0;899.1;999.0;899.1;NA;NA;NA;NA;NA;NA
P5;2015-05-05;5;899.1;959.04;1049.0;944.1;1049.0;944.1;999.0;899.1;NA;NA;NA;NA;NA;NA
P5;2015-05-06;1;1046.9;1046.9;1099.0;989.1;1099.0;989.1;1099.0;989.1;NA;NA;NA;NA;NA;NA
P5;2015-05-08;1;1032.99;1032.99;1069.0;1069.0;1069.0;1069.0;1069.0;1069.0;NA;NA;NA;NA;NA;NA
P5;2015-05-09;2;1013.98;1056.49;1069.0;1069.0;1069.0;1069.0;1069.0;1069.0;NA;NA;NA;NA;NA;NA
P5;2015-05-10;1;1013.96;1013.96;1069.0;1069.0;1069.0;1069.0;1069.0;1069.0;NA;NA;NA;NA;NA;NA
P5;2015-05-11;4;999.0;1002.48;1069.0;1069.0;1069.0;1069.0;1029.05;1029.05;NA;NA;NA;NA;NA;NA
P5;2015-05-12;2;999.0;999.0;1069.0;1069.0;1069.0;1069.0;989.1;989.1;NA;NA;NA;NA;NA;NA
P5;2015-05-15;2;988.0;1018.5;1068.5;1068.5;1068.5;1068.5;1068.5;1068.5;NA;NA;NA;NA;NA;NA
P5;2015-05-16;4;987.99;1015.74;999.0;899.1;999.0;899.1;999.0;899.1;NA;NA;NA;NA;NA;NA
P5;2015-05-17;3;988.0;1025.37;999.0;899.1;999.0;899.1;999.0;899.1;NA;NA;NA;NA;NA;NA
P5;2015-05-19;2;985.0;986.5;1053.5;1053.5;1053.5;1053.5;1024.05;1024.05;NA;NA;NA;NA;NA;NA
P5;2015-05-20;3;982.99;982.99;989.0;989.0;989.0;989.0;989.0;989.0;NA;NA;NA;NA;NA;NA
P5;2015-05-21;1;980.0;980.0;986.0;986.0;986.0;986.0;985.5;985.5;NA;NA;NA;NA;NA;NA
P5;2015-05-22;3;959.9;973.23;984.5;984.5;984.49;984.49;984.5;984.5;NA;NA;NA;NA;NA;NA
P5;2015-05-23;7;949.05;951.89;982.49;982.49;982.49;982.49;982.49;982.49;NA;NA;NA;NA;NA;NA
P5;2015-05-24;8;949.05;957.78;981.99;981.99;981.99;981.99;981.99;981.99;NA;NA;NA;NA;NA;NA
P5;2015-05-25;4;956.99;956.99;980.5;980.5;980.5;980.5;980.5;980.5;NA;NA;NA;NA;NA;NA
P5;2015-05-26;8;928.0;932.33;899.1;854.14;899.1;899.1;899.1;899.1;NA;NA;NA;NA;NA;NA
P5;2015-05-27;13;897.99;906.76;928.06;928.06;963.02;938.05;977.0;977.0;NA;NA;NA;NA;NA;NA
P5;2015-05-28;15;897.99;897.99;976.0;976.0;975.99;975.99;976.99;976.99;NA;NA;NA;NA;NA;NA
P5;2015-05-29;20;897.0;902.3;962.01;962.01;899.1;899.1;937.05;937.05;NA;NA;NA;NA;NA;NA
P5;2015-05-30;21;897.0;916.62;919.5;919.5;939.88;939.88;919.5;919.5;NA;NA;NA;NA;NA;NA
P5;2015-05-31;4;927.0;927.23;899.1;899.1;919.05;919.05;919.05;919.05;NA;NA;NA;NA;NA;NA
P5;2015-06-01;9;927.0;917.0;899.1;899.1;938.49;938.49;919.05;919.05;NA;NA;NA;NA;NA;NA
P5;2015-06-02;12;897.0;897.0;918.05;918.05;918.05;918.05;918.05;918.05;NA;NA;NA;NA;NA;NA
P5;2015-06-03;11;896.99;896.99;917.55;917.55;935.99;935.99;911.94;867.55;NA;NA;NA;NA;NA;NA
P5;2015-06-04;5;896.99;896.99;899.1;899.1;899.1;899.1;799.11;799.11;NA;NA;NA;NA;NA;NA
P5;2015-06-05;15;896.0;896.13;935.97;935.97;935.97;935.97;935.97;935.97;NA;NA;NA;NA;NA;NA
P5;2015-06-06;6;895.0;895.16;935.47;935.47;935.47;935.47;893.57;871.14;NA;NA;NA;NA;NA;NA
P5;2015-06-07;12;894.99;894.99;934.5;934.5;934.5;934.5;850.73;805.95;NA;NA;NA;NA;NA;NA
P5;2015-06-08;12;894.97;894.97;933.99;933.99;933.99;933.99;892.12;869.74;NA;NA;NA;NA;NA;NA
P5;2015-06-09;8;894.97;902.49;933.49;933.49;933.99;933.99;933.49;933.49;NA;NA;NA;NA;NA;NA
P5;2015-06-10;11;897.0;916.08;932.49;932.49;932.99;932.99;932.49;932.49;NA;NA;NA;NA;NA;NA
P5;2015-06-11;1;929.0;929.0;930.99;930.99;930.99;930.99;888.05;888.05;NA;NA;NA;NA;NA;NA
P5;2015-06-12;6;947.99;1022.73;930.0;930.0;930.0;930.0;930.0;930.0;NA;NA;NA;NA;NA;NA
P5;2015-06-13;1;946.59;946.59;931.5;931.5;931.5;931.5;931.5;931.5;NA;NA;NA;NA;NA;NA
P5;2015-06-14;4;927.98;932.63;934.0;934.0;934.0;934.0;930.99;884.59;NA;NA;NA;NA;NA;NA
P5;2015-06-15;3;926.0;927.32;930.98;930.98;930.98;930.98;927.97;881.57;NA;NA;NA;NA;NA;NA
P5;2015-06-16;2;925.0;957.05;925.0;925.0;925.0;925.0;925.0;925.0;NA;NA;NA;NA;NA;NA
P5;2015-06-17;1;924.0;924.0;908.49;908.49;908.49;908.49;908.49;908.49;NA;NA;NA;NA;NA;NA
P5;2015-06-18;5;898.9;898.9;894.98;894.98;894.98;894.98;894.98;894.98;NA;NA;NA;NA;NA;NA
P5;2015-06-19;13;859.9;877.89;894.97;894.97;894.97;894.97;808.96;808.96;NA;NA;NA;NA;NA;NA
P5;2015-06-20;6;859.82;859.83;894.97;894.97;894.97;894.97;851.94;851.94;NA;NA;NA;NA;NA;NA
P5;2015-06-21;4;859.82;859.83;894.97;894.97;894.97;894.97;894.97;894.97;NA;NA;NA;NA;NA;NA
P5;2015-06-22;7;859.85;859.85;894.97;894.97;894.97;894.97;894.97;894.97;NA;NA;NA;NA;NA;NA
P5;2015-06-23;43;798.0;798.16;886.97;886.97;886.97;886.97;807.03;807.03;NA;NA;NA;NA;NA;NA
P5;2015-06-24;38;798.0;809.11;847.0;847.0;847.0;847.0;847.0;847.0;NA;NA;NA;NA;NA;NA
P5;2015-06-25;45;798.0;803.39;839.45;839.45;847.0;847.0;770.62;770.62;NA;NA;NA;NA;NA;NA
P5;2015-06-26;36;798.0;798.0;839.0;839.0;839.0;839.0;818.5;778.6;NA;NA;NA;NA;NA;NA
P5;2015-06-27;22;798.0;810.09;797.0;797.0;797.0;797.0;797.0;797.0;NA;NA;NA;NA;NA;NA
P5;2015-06-28;30;798.0;824.6;796.99;796.99;968.02;938.04;796.99;796.99;NA;NA;NA;NA;NA;NA
P5;2015-06-29;27;798.0;798.0;758.1;718.2;758.1;718.2;796.99;796.99;NA;NA;NA;NA;NA;NA
P5;2015-06-30;32;795.0;795.13;796.99;796.99;796.99;796.99;796.99;796.99;NA;NA;NA;NA;NA;NA
P5;2015-07-01;23;796.0;795.61;797.0;797.0;797.0;797.0;796.5;796.5;NA;NA;NA;NA;NA;NA
P5;2015-07-02;43;794.99;804.37;830.45;830.45;865.0;865.0;783.57;783.57;NA;NA;NA;NA;NA;NA
P5;2015-07-03;12;839.0;839.0;843.5;843.5;843.5;843.5;796.02;796.02;NA;NA;NA;NA;NA;NA
P5;2015-07-04;12;839.0;839.0;798.5;798.5;798.5;798.5;797.52;797.52;NA;NA;NA;NA;NA;NA
P5;2015-07-05;9;839.0;839.0;798.0;798.0;798.0;798.0;778.52;778.52;NA;NA;NA;NA;NA;NA
P5;2015-07-06;380;711.55;730.57;798.0;798.0;798.0;798.0;778.52;778.52;NA;NA;NA;NA;NA;NA
P5;2015-07-07;554;749.0;738.92;773.5;736.05;773.5;736.05;754.0;678.6;NA;NA;NA;NA;NA;NA
P5;2015-07-08;441;749.0;766.22;798.0;798.0;798.0;798.0;754.0;754.0;NA;NA;NA;NA;NA;NA
P5;2015-07-09;390;749.0;747.78;798.0;798.0;798.0;798.0;755.67;755.67;NA;NA;NA;NA;NA;NA
P5;2015-07-10;412;749.0;746.37;798.0;798.0;798.0;798.0;773.5;773.5;NA;NA;NA;NA;NA;NA
P5;2015-07-11;159;799.0;799.68;798.0;798.0;798.0;798.0;798.0;798.0;NA;NA;NA;NA;NA;NA
P5;2015-07-12;99;799.0;790.0;799.0;799.0;798.0;798.0;798.0;798.0;NA;NA;NA;NA;NA;NA
P5;2015-07-13;175;797.0;773.54;799.0;799.0;798.0;798.0;773.43;773.43;NA;NA;NA;NA;NA;NA
P5;2015-07-14;325;749.0;755.66;798.5;798.5;798.5;798.5;773.93;773.93;NA;NA;NA;NA;NA;NA
P5;2015-07-15;327;749.0;750.7;773.5;773.5;774.0;774.0;773.5;773.5;NA;NA;NA;NA;NA;NA
P5;2015-07-16;146;749.0;756.07;749.0;749.0;749.0;749.0;749.0;749.0;NA;NA;NA;NA;NA;NA
P5;2015-07-17;195;749.0;753.0;867.42;867.42;818.95;818.95;867.42;867.42;NA;NA;NA;NA;NA;NA
P5;2015-07-18;90;829.0;803.34;894.95;894.95;894.95;894.95;814.49;814.49;NA;NA;NA;NA;NA;NA
P5;2015-07-19;58;829.0;820.45;1039.0;1039.0;1039.0;1039.0;749.0;749.0;NA;NA;NA;NA;NA;NA
P5;2015-07-20;31;829.0;840.62;1039.0;1039.0;1039.0;1039.0;1039.0;1039.0;NA;NA;NA;NA;NA;NA
P5;2015-07-21;136;799.0;809.73;1039.0;1039.0;1039.0;1039.0;1039.0;1039.0;NA;NA;NA;NA;NA;NA
P5;2015-07-22;103;799.0;801.03;1039.0;1039.0;1039.0;1039.0;1039.0;1039.0;NA;NA;NA;NA;NA;NA
P5;2015-07-23;47;799.0;813.43;779.0;779.0;856.95;856.95;779.0;779.0;NA;NA;NA;NA;NA;NA
P5;2015-07-24;17;839.0;889.23;1019.0;969.05;931.9;931.9;1039.0;1039.0;NA;NA;NA;NA;NA;NA
P5;2015-07-25;12;935.0;922.7;969.0;969.0;916.95;916.95;969.0;969.0;NA;NA;NA;NA;NA;NA
P5;2015-07-26;6;929.9;914.75;899.0;899.0;899.0;899.0;899.0;899.0;NA;NA;NA;NA;NA;NA
P5;2015-07-27;18;839.0;868.09;914.45;914.45;914.45;914.45;849.0;849.0;NA;NA;NA;NA;NA;NA
P5;2015-07-28;7;913.0;941.67;1024.0;1024.0;916.95;916.95;899.0;899.0;NA;NA;NA;NA;NA;NA
P5;2015-07-29;6;839.0;922.33;1043.0;1043.0;934.9;934.9;1043.0;1043.0;NA;NA;NA;NA;NA;NA
P5;2015-07-30;3;839.0;932.33;918.0;918.0;916.95;916.95;918.0;918.0;NA;NA;NA;NA;NA;NA
P5;2015-07-31;4;978.0;961.81;938.5;889.6;939.0;890.05;914.0;914.0;NA;NA;NA;NA;NA;NA
P5;2015-08-01;3;978.0;978.33;929.9;929.9;929.9;929.9;929.0;929.0;NA;NA;NA;NA;NA;NA
P5;2015-08-02;2;978.99;978.99;1149.0;1149.0;1149.0;1149.0;929.0;929.0;NA;NA;NA;NA;NA;NA
P5;2015-08-03;4;959.2;968.6;1149.0;1149.0;1039.45;1039.45;929.0;929.0;NA;NA;NA;NA;NA;NA
P5;2015-08-04;3;978.0;991.99;1114.45;1049.5;914.45;869.5;914.0;914.0;NA;NA;NA;NA;NA;NA
P5;2015-08-05;7;905.0;911.57;898.95;809.06;898.95;809.06;898.95;898.95;NA;NA;NA;NA;NA;NA
P5;2015-08-06;12;882.0;898.12;898.9;809.01;898.9;809.01;898.9;898.9;NA;NA;NA;NA;NA;NA
P5;2015-08-07;14;882.0;874.81;898.9;809.01;898.9;809.01;889.9;889.9;NA;NA;NA;NA;NA;NA
P5;2015-08-08;12;839.0;839.0;879.0;879.0;879.0;879.0;838.95;838.95;NA;NA;NA;NA;NA;NA
P5;2015-08-09;15;839.0;839.0;858.5;858.5;858.5;858.5;840.59;840.59;NA;NA;NA;NA;NA;NA
P5;2015-08-10;18;839.0;839.0;825.2;825.2;825.2;825.2;805.7;805.7;NA;NA;NA;NA;NA;NA
P5;2015-08-11;3;839.0;842.33;843.0;843.0;843.0;843.0;818.5;818.5;NA;NA;NA;NA;NA;NA
P5;2015-08-12;6;899.0;882.33;867.25;867.25;823.5;783.55;831.02;831.02;NA;NA;NA;NA;NA;NA
P5;2015-08-13;9;849.0;877.91;886.5;886.5;886.5;886.5;867.75;867.75;NA;NA;NA;NA;NA;NA
P5;2015-08-14;3;849.0;882.33;886.5;886.5;886.5;886.5;867.75;867.75;NA;NA;NA;NA;NA;NA
P5;2015-08-15;3;881.0;881.0;886.5;886.5;886.5;886.5;883.75;883.75;NA;NA;NA;NA;NA;NA
P5;2015-08-16;4;849.0;869.25;886.5;886.5;886.5;886.5;883.75;883.75;NA;NA;NA;NA;NA;NA
P5;2015-08-17;5;881.0;878.0;883.75;883.75;883.75;883.75;883.75;883.75;NA;NA;NA;NA;NA;NA
P5;2015-08-18;466;749.0;722.48;880.99;880.99;880.99;880.99;880.99;880.99;NA;NA;NA;NA;NA;NA
P5;2015-08-19;1424;749.0;725.53;883.74;883.74;883.74;883.74;883.74;883.74;NA;NA;NA;NA;NA;NA
P5;2015-08-20;811;749.0;731.74;886.49;886.49;886.49;886.49;817.75;780.3;NA;NA;NA;NA;NA;NA
P5;2015-08-21;150;749.0;803.56;886.49;886.49;883.54;839.51;883.54;839.51;NA;NA;NA;NA;NA;NA
P5;2015-08-22;11;749.0;807.27;898.0;898.0;898.0;898.0;898.0;898.0;NA;NA;NA;NA;NA;NA
P5;2015-08-23;25;749.0;806.94;898.0;898.0;898.0;898.0;898.0;898.0;NA;NA;NA;NA;NA;NA
P5;2015-08-24;338;749.0;746.23;898.0;898.0;898.0;898.0;898.0;898.0;NA;NA;NA;NA;NA;NA
P5;2015-08-25;419;749.0;744.35;898.0;898.0;898.0;898.0;898.0;898.0;NA;NA;NA;NA;NA;NA
P5;2015-08-26;316;749.0;745.04;892.25;892.25;891.25;891.25;891.25;891.25;NA;NA;NA;NA;NA;NA
P5;2015-08-27;24;878.91;833.54;886.49;886.49;886.49;886.49;886.49;886.49;NA;NA;NA;NA;NA;NA
P5;2015-08-28;21;878.9;882.72;896.0;896.0;896.0;896.0;896.0;896.0;NA;NA;NA;NA;NA;NA
P5;2015-08-29;9;878.87;878.88;896.0;896.0;896.0;896.0;896.0;896.0;NA;NA;NA;NA;NA;NA
P5;2015-08-30;16;878.87;878.87;896.0;896.0;896.0;896.0;896.0;896.0;NA;NA;NA;NA;NA;NA
P5;2015-08-31;321;749.0;752.09;897.0;852.1;897.0;852.1;897.0;852.1;NA;NA;NA;NA;NA;NA
P5;2015-09-01;1031;749.0;734.36;898.0;808.2;898.0;898.0;898.0;898.0;NA;NA;NA;NA;NA;NA
P5;2015-09-02;1138;749.0;727.75;898.0;898.0;898.0;898.0;898.0;898.0;NA;NA;NA;NA;NA;NA
P5;2015-09-03;703;749.0;737.18;898.0;898.0;823.5;786.05;823.5;786.05;NA;NA;NA;NA;NA;NA
P5;2015-09-04;225;789.0;780.66;889.34;889.34;769.0;692.1;769.0;692.1;NA;NA;NA;NA;NA;NA
P5;2015-09-05;175;789.0;785.57;880.68;880.68;789.0;710.1;789.0;710.1;NA;NA;NA;NA;NA;NA
P5;2015-09-06;133;789.0;784.57;939.84;939.84;789.0;710.1;789.0;710.1;NA;NA;NA;NA;NA;NA
P5;2015-09-07;162;789.0;780.54;999.0;999.0;789.0;710.1;789.0;710.1;NA;NA;NA;NA;NA;NA
P5;2015-09-08;207;789.0;783.47;999.0;999.0;894.0;854.55;894.0;854.55;NA;NA;NA;NA;NA;NA
P5;2015-09-09;205;789.0;786.6;949.0;904.05;894.0;854.55;894.0;854.55;NA;NA;NA;NA;NA;NA
P5;2015-09-10;283;779.0;777.05;899.0;809.1;784.0;705.6;784.0;705.6;NA;NA;NA;NA;NA;NA
P5;2015-09-11;326;779.0;775.07;851.51;851.51;779.0;701.1;779.0;720.58;NA;NA;NA;NA;NA;NA
P5;2015-09-12;160;789.0;778.33;822.35;822.35;779.0;701.1;779.0;701.1;NA;NA;NA;NA;NA;NA
P5;2015-09-13;138;789.0;787.4;822.35;822.35;784.0;705.6;784.0;705.6;NA;NA;NA;NA;NA;NA
P5;2015-09-14;170;789.0;786.45;822.35;822.35;834.84;795.38;834.84;795.38;NA;NA;NA;NA;NA;NA
P5;2015-09-15;48;822.89;820.61;851.74;851.74;860.94;774.85;825.9;787.35;NA;NA;NA;NA;NA;NA
P5;2015-09-16;33;822.89;836.43;822.89;822.89;822.89;781.75;771.22;694.1;NA;NA;NA;NA;NA;NA
P5;2015-09-17;27;889.0;844.97;889.8;844.85;855.94;811.5;830.11;747.1;NA;NA;NA;NA;NA;NA
P5;2015-09-18;23;898.99;851.09;899.0;809.1;894.0;804.6;839.0;755.1;NA;NA;NA;NA;NA;NA
P5;2015-09-19;102;789.0;784.16;822.89;822.89;844.0;759.6;789.0;710.1;NA;NA;NA;NA;NA;NA
P5;2015-09-20;110;789.0;785.92;822.89;822.89;789.0;710.1;789.0;710.1;NA;NA;NA;NA;NA;NA
P5;2015-09-21;17;789.0;808.14;825.66;825.66;808.73;727.85;808.72;769.27;NA;NA;NA;NA;NA;NA
P5;2015-09-22;198;776.67;772.87;828.44;828.44;863.73;777.35;863.72;863.72;NA;NA;NA;NA;NA;NA
P5;2015-09-23;445;776.67;755.96;837.83;799.0;837.84;754.05;837.83;818.41;NA;NA;NA;NA;NA;NA
P5;2015-09-24;479;776.67;760.99;776.67;718.42;776.67;699.0;776.67;737.84;NA;NA;NA;NA;NA;NA
P5;2015-09-25;104;776.67;785.54;776.67;737.84;800.01;720.01;799.98;780.57;NA;NA;NA;NA;NA;NA
P5;2015-09-26;90;799.0;786.5;792.9;792.9;823.35;741.02;776.67;737.84;NA;NA;NA;NA;NA;NA
P5;2015-09-27;85;799.0;797.72;NA;NA;NA;NA;NA;NA;NA;NA;NA;NA;NA;NA
P5;2015-09-28;96;799.0;796.0;823.3;823.3;799.0;719.1;789.0;710.1;NA;NA;NA;NA;NA;NA
P5;2015-09-29;137;799.0;793.23;823.3;823.3;811.2;811.2;801.15;781.67;NA;NA;NA;NA;NA;NA
P5;2015-09-30;342;735.79;743.84;823.3;823.3;823.3;823.3;796.88;758.36;NA;NA;NA;NA;NA;NA
P5;2015-10-01;679;735.79;709.86;823.3;823.3;823.4;823.4;823.3;823.3;NA;NA;NA;NA;NA;NA
P5;2015-10-02;569;735.79;716.78;823.3;823.3;735.79;735.79;823.3;823.3;NA;NA;NA;NA;NA;NA
P5;2015-10-03;446;735.79;714.66;823.3;823.3;853.52;853.52;823.3;823.3;NA;NA;NA;NA;NA;NA
P5;2015-10-04;349;735.79;734.09;770.47;731.95;853.52;853.52;823.3;823.3;NA;NA;NA;NA;NA;NA
P5;2015-10-05;403;735.79;732.44;823.3;823.3;853.52;853.52;823.3;823.3;NA;NA;NA;NA;NA;NA
P5;2015-10-06;103;779.0;786.54;821.15;821.15;853.52;853.52;801.15;781.67;NA;NA;NA;NA;NA;NA
P5;2015-10-07;214;749.0;756.05;821.45;821.45;851.26;851.26;834.0;834.0;NA;NA;NA;NA;NA;NA
P5;2015-10-08;437;749.0;737.24;849.0;849.0;853.52;853.52;849.0;849.0;NA;NA;NA;NA;NA;NA
P5;2015-10-09;264;749.0;745.94;833.94;833.94;853.52;853.52;806.36;787.26;NA;NA;NA;NA;NA;NA
P5;2015-10-10;100;779.0;766.52;819.0;819.0;853.52;853.52;819.0;819.0;NA;NA;NA;NA;NA;NA
P5;2015-10-11;57;779.0;775.58;819.0;819.0;853.52;853.52;819.0;819.0;NA;NA;NA;NA;NA;NA
P5;2015-10-12;123;779.0;776.78;819.0;819.0;853.52;853.52;819.0;819.0;NA;NA;NA;NA;NA;NA
P5;2015-10-13;171;749.0;752.12;819.0;819.0;851.21;851.21;819.0;819.0;NA;NA;NA;NA;NA;NA
P5;2015-10-14;353;749.0;747.02;819.0;819.0;848.9;848.9;819.0;819.0;NA;NA;NA;NA;NA;NA
P6;2015-01-01;1;1914.8;1914.8;1959.9;1959.9;NA;NA;1906.45;1906.45;2199.0;2199.0;NA;NA;2514.45;2514.45
P6;2015-01-02;8;1914.8;1914.8;2119.3;2002.02;NA;NA;1906.45;1906.45;2199.0;2199.0;NA;NA;2214.0;2214.0
P6;2015-01-03;6;1914.8;1914.8;1959.9;1959.9;2199.0;1979.1;1906.45;1810.7;2199.0;2199.0;NA;NA;2214.0;2214.0
P6;2015-01-04;5;1914.8;1914.8;1959.9;1959.9;2199.0;1979.1;1906.45;1810.7;2199.0;2199.0;NA;NA;2214.0;2214.0
P6;2015-01-05;12;1914.8;1909.53;1959.9;1959.9;2199.0;1979.1;1937.47;1937.47;1899.0;1899.0;NA;NA;2364.22;2364.22
P6;2015-01-06;15;1914.8;1908.48;2029.95;2029.95;2032.97;2032.97;2032.97;2032.97;1999.0;1889.05;NA;NA;2514.45;2514.45
P6;2015-01-07;14;1914.8;1928.67;2047.1;2047.1;1908.89;1813.15;1873.72;1825.85;2199.0;1979.1;NA;NA;2514.45;2514.45
P6;2015-01-08;7;1914.8;1913.88;2061.22;2061.22;1929.96;1929.96;1929.96;1929.96;2199.0;1979.1;NA;NA;2556.95;2556.95
P6;2015-01-09;15;1898.0;1898.15;2009.0;2009.0;1898.3;1898.3;1889.3;1889.3;2199.0;1979.1;NA;NA;2599.45;2599.45
P6;2015-01-10;13;1896.8;1896.83;1897.93;1897.93;1866.49;1866.49;1848.49;1848.49;2199.0;1979.1;NA;NA;2599.45;2599.45
P6;2015-01-11;7;1896.7;1896.73;1897.39;1897.39;1896.79;1896.79;1896.79;1896.79;2199.0;1979.1;NA;NA;2599.45;2599.45
P6;2015-01-12;16;1896.5;1896.47;1885.39;1885.39;1881.61;1881.61;1881.61;1881.61;2199.0;1979.1;NA;NA;2599.45;2599.45
P6;2015-01-13;12;1896.8;1905.16;1924.0;1924.0;1861.1;1851.12;1880.67;1880.67;1799.0;1799.0;NA;NA;2599.45;2599.45
P6;2015-01-14;7;1895.4;2039.19;1898.13;1898.13;1848.03;1828.06;1847.47;1847.47;1799.0;1799.0;NA;NA;2479.5;2479.5
P6;2015-01-15;13;1898.98;1897.45;1922.65;1922.65;1846.31;1826.34;1846.31;1846.31;1799.0;1799.0;NA;NA;2371.72;2371.72
P6;2015-01-16;23;1898.98;1897.6;1932.25;1932.25;1945.62;1825.85;1941.32;1891.41;2199.0;2199.0;NA;NA;2263.95;2263.95
P6;2015-01-17;9;1895.0;1897.21;1917.5;1917.5;1945.6;1825.83;1937.0;1937.0;2199.0;2199.0;NA;NA;2263.95;2263.95
P6;2015-01-18;4;1898.98;1898.98;1944.5;1944.5;1959.5;1782.83;1950.97;1903.55;2199.0;2199.0;NA;NA;2263.95;2263.95
P6;2015-01-19;6;1894.9;1895.6;2021.5;1966.53;1980.27;1820.59;1950.97;1903.55;2199.0;2199.0;NA;NA;2263.95;2263.95
P6;2015-01-20;10;1894.5;1894.61;1960.69;1960.69;1979.97;1820.33;1968.72;1968.72;2199.0;2199.0;NA;NA;2263.95;2263.95
