Scripts/dataset/correlated_data_nmv.csv
PROD_ID;DATE;SALES_COUNT;MEDIAN_PRICE;MEAN_PRICE;C1_PRICE_1;C1_PRICE_2;C2_PRICE_1;C2_PRICE_2;C3_PRICE_1;C3_PRICE_2;C4_PRICE_1;C4_PRICE_2;C5_PRICE_1;C5_PRICE_2;C6_PRICE_1;C6_PRICE_2
P6;2015-01-21;20;1894.3;1933.99;1948.48;1948.48;1960.24;1841.95;1948.7;1948.7;2199.0;2199.0;NA;NA;2184.9;2184.9
P6;2015-01-22;14;1894.0;1893.95;1935.92;1935.92;1887.28;1828.84;1894.54;1894.54;2199.0;2199.0;NA;NA;2184.9;2184.9
P6;2015-01-23;15;1893.48;1893.48;1941.97;1941.97;1939.42;1822.85;1936.91;1936.91;2199.0;2199.0;NA;NA;2184.9;2184.9
P6;2015-01-24;7;1893.38;1893.39;1941.97;1941.97;1926.7;1811.65;1916.75;1916.75;1799.0;1799.0;NA;NA;2184.9;2184.9
P6;2015-01-25;5;1893.35;1893.36;2067.5;1957.55;1916.5;1802.68;1916.5;1916.5;2199.0;2199.0;NA;NA;2184.9;2184.9
P6;2015-01-26;7;1893.35;1893.35;1982.75;1882.8;1895.95;1668.43;1882.25;1882.25;1999.0;1999.0;NA;NA;2184.9;2184.9
P6;2015-01-27;6;1893.35;1899.09;1997.0;1997.0;1947.0;1833.18;1946.95;1946.95;1799.0;1799.0;NA;NA;2142.4;2142.4
P6;2015-01-28;6;1893.19;1893.19;1928.0;1928.0;1912.45;1798.63;1912.4;1855.5;1799.0;1799.0;NA;NA;2099.9;2099.9
P6;2015-01-29;2;1893.05;1893.12;1887.25;1842.28;1903.22;1732.61;1872.24;1704.51;1799.0;1799.0;NA;NA;2099.45;2099.45
P6;2015-01-30;7;1893.01;1893.02;1897.15;1897.15;1971.99;1849.14;1896.24;1839.36;1799.0;1799.0;NA;NA;2049.45;2049.45
P6;2015-01-31;5;1892.98;1892.98;1896.03;1896.03;2046.97;1915.03;1895.46;1895.46;1799.0;1799.0;NA;NA;2049.45;2049.45
P6;2015-02-01;3;1892.7;1892.73;2046.82;1936.87;1971.02;1848.18;1895.27;1838.4;1799.0;1799.0;NA;NA;1999.45;1999.45
P6;2015-02-02;5;1892.64;1892.91;2046.31;1936.36;1894.71;1724.18;1894.72;1780.97;1799.0;1799.0;NA;NA;1999.45;1999.45
P6;2015-02-03;293;1665.56;1663.27;2045.41;1935.46;1893.79;1723.26;1837.44;1616.95;1999.0;1999.0;NA;NA;1999.45;1999.45
P6;2015-02-04;364;1665.56;1660.62;1890.97;1890.97;1969.16;1846.31;1893.3;1779.56;2199.0;2199.0;NA;NA;1999.45;1999.45
P6;2015-02-05;18;1887.0;1789.38;1888.99;1888.99;2043.74;1867.82;1890.14;1833.27;2199.0;2199.0;NA;NA;1999.45;1999.45
P6;2015-02-06;56;1665.56;1717.9;1887.99;1887.99;2043.49;1851.08;1880.74;1880.74;2199.0;2199.0;NA;NA;1999.45;1999.45
P6;2015-02-07;11;1886.73;1886.73;1887.48;1887.48;2043.48;1878.56;1873.48;1873.48;2199.0;2199.0;NA;NA;1999.45;1999.45
P6;2015-02-08;3;1886.7;1886.71;1887.48;1887.48;2043.48;1878.56;1873.48;1873.48;2199.0;2199.0;NA;NA;1999.45;1999.45
P6;2015-02-09;8;1886.65;1887.4;1887.23;1887.23;2043.24;1878.31;1873.24;1873.24;2199.0;2199.0;NA;NA;1999.45;1999.45
P6;2015-02-10;15;1886.64;1925.34;1886.24;1886.24;2042.74;1877.82;1817.39;1754.93;2199.0;2199.0;NA;NA;1998.97;1998.97
P6;2015-02-11;11;1885.98;1886.04;1885.0;1885.0;2042.0;1877.08;1872.0;1872.0;2199.0;2199.0;NA;NA;1998.5;1998.5
P6;2015-02-12;4;1885.97;2142.47;1884.97;1884.97;2042.0;1877.08;1872.25;1872.25;2199.0;2184.34;NA;NA;2099.0;2099.0
P6;2015-02-13;5;2399.0;2439.0;1939.7;1939.7;2096.5;1931.58;1899.5;1899.5;2199.0;2177.01;NA;NA;2023.5;2023.5
P6;2015-02-14;2;2399.0;2399.0;1885.97;1885.97;1990.33;1880.38;1877.0;1877.0;2199.0;2184.34;NA;NA;1998.33;1998.33
P6;2015-02-15;3;2399.0;2399.0;1885.95;1885.95;1942.5;1792.58;1762.28;1762.28;2199.0;2177.01;NA;NA;1998.5;1998.5
P6;2015-02-16;2;2399.0;2399.0;1991.78;1925.81;2014.4;1888.46;1918.4;1918.4;2199.0;2181.41;NA;NA;1998.4;1998.4
P6;2015-02-17;4;2399.0;2399.0;1939.95;1939.95;2096.5;1931.58;1926.5;1926.5;2199.0;2188.01;NA;NA;1998.5;1998.5
P6;2015-02-18;2;2399.0;2399.0;1969.47;1969.47;1947.75;1805.33;1862.75;1802.79;1799.0;1799.0;NA;NA;2023.5;2023.5
P6;2015-02-19;3;1885.91;2148.0;1967.99;1967.99;1961.5;1961.5;1961.5;1961.5;1599.0;1599.0;NA;NA;2048.5;2048.5
P6;2015-02-20;4;2399.0;2399.0;1962.99;1962.99;1959.0;1959.0;1959.0;1959.0;2199.0;1869.15;NA;NA;2048.5;2048.5
P6;2015-02-21;10;2399.0;2370.02;1989.0;1989.0;1994.0;1994.0;1994.0;1994.0;2199.0;1869.15;NA;NA;2048.5;2048.5
P6;2015-02-22;2;2399.0;2399.0;1989.0;1989.0;1994.0;1994.0;1971.5;1971.5;2199.0;1869.15;NA;NA;2048.5;2048.5
P6;2015-02-23;2;2399.0;2399.0;1989.0;1989.0;1896.5;1754.08;1871.5;1811.54;2199.0;1869.15;NA;NA;2048.5;2048.5
P6;2015-02-24;3;2279.05;2359.02;1989.0;1989.0;2009.0;1926.54;1959.0;1959.0;2199.0;1869.15;NA;NA;2048.5;2048.5
P6;2015-02-25;3;1817.05;2205.02;1960.25;1932.76;1957.78;1902.8;1841.81;1819.1;2199.0;1869.15;NA;NA;2048.5;2048.5
P6;2015-02-26;6;1703.41;1794.36;1931.5;1876.52;1931.5;1876.52;1810.03;1787.32;2199.0;1869.15;NA;NA;2048.5;2048.5
P6;2015-02-27;159;1703.41;1678.26;1931.01;1876.04;1901.03;1873.54;1820.83;1820.83;2199.0;1869.15;NA;NA;1996.27;1996.27
P6;2015-02-28;11;1703.41;1698.21;1882.89;1882.89;1871.0;1871.0;1871.0;1871.0;2199.0;1869.15;NA;NA;1996.95;1996.95
P6;2015-03-01;2;2399.0;2399.0;1930.99;1876.02;1930.99;1876.02;1787.37;1740.37;2199.0;1869.15;NA;NA;1996.95;1996.95
P6;2015-03-02;1;2399.0;2399.0;1930.99;1930.99;1930.99;1930.99;1840.99;1840.99;2199.0;1869.15;NA;NA;2199.0;2199.0
P6;2015-03-03;11;2159.1;2180.91;1929.0;1929.0;1878.95;1878.95;1879.0;1879.0;1599.0;1599.0;NA;NA;2184.43;2184.43
P6;2015-03-04;135;1703.41;1705.64;1946.7;1946.7;1866.7;1866.7;1862.6;1862.6;1599.0;1599.0;NA;NA;2184.43;2184.43
P6;2015-03-05;69;1703.41;1741.13;1977.54;1977.54;1752.19;1732.2;1732.2;1732.2;2199.0;1869.15;NA;NA;2145.35;2145.35
P6;2015-03-06;51;1776.67;1767.97;2024.45;2024.45;1852.93;1852.93;1821.86;1821.86;2199.0;1924.13;NA;NA;2184.43;2184.43
P6;2015-03-07;7;1776.67;1861.76;2033.5;2033.5;1893.53;1893.53;1840.67;1840.67;2199.0;1979.1;NA;NA;2184.43;2184.43
P6;2015-03-08;1;2399.0;2399.0;1937.8;1937.8;1764.84;1764.84;1868.0;1868.0;2199.0;1979.1;NA;NA;2145.35;2145.35
P6;2015-03-09;3;1799.0;1999.0;1948.5;1948.5;1799.03;1799.03;1853.01;1853.01;1599.0;1599.0;NA;NA;2184.43;2184.43
P6;2015-03-10;69;1799.0;1792.48;1972.33;1972.33;1859.0;1859.0;1833.51;1833.51;2199.0;1869.15;NA;NA;2184.43;2184.43
P6;2015-03-11;16;1799.0;1798.96;1943.93;1943.93;1888.97;1888.97;1843.94;1843.94;1599.0;1599.0;NA;NA;2184.43;2184.43
P6;2015-03-12;17;1799.0;1813.06;1843.9;1843.9;1843.94;1843.94;1843.94;1843.94;1599.0;1599.0;NA;NA;2184.43;2184.43
P6;2015-03-13;14;1798.98;1803.25;1763.74;1763.74;1889.05;1889.05;1769.02;1769.02;1599.0;1599.0;NA;NA;2184.43;2184.43
P6;2015-03-14;8;1798.96;1776.49;1753.49;1753.49;1753.99;1753.99;1828.97;1828.97;1599.0;1599.0;NA;NA;2184.43;2184.43
P6;2015-03-15;11;1798.95;1798.96;1828.46;1828.46;1828.96;1828.96;1828.96;1828.96;1599.0;1599.0;NA;NA;2184.43;2184.43
P6;2015-03-16;14;1798.95;1786.11;1828.45;1828.45;1674.0;1674.0;1674.0;1674.0;1599.0;1599.0;NA;NA;2184.43;2184.43
P6;2015-03-17;16;1798.95;1805.85;1736.0;1736.0;1698.95;1698.95;1599.0;1599.0;1599.0;1599.0;NA;NA;2184.43;2184.43
P6;2015-03-18;8;1749.0;1902.79;1713.75;1713.75;1652.33;1652.33;1652.33;1652.33;1599.0;1599.0;NA;NA;2184.43;2184.43
P6;2015-03-19;12;1748.9;1753.09;1838.71;1838.71;1828.97;1828.97;1828.97;1828.97;1599.0;1599.0;NA;NA;2184.43;2184.43
P6;2015-03-20;13;1748.73;1752.6;1828.22;1828.22;1743.76;1743.76;1811.92;1811.92;1599.0;1599.0;NA;NA;2065.64;2065.64
P6;2015-03-21;12;1748.7;1748.71;1828.22;1828.22;1743.76;1743.76;1813.75;1813.75;1599.0;1599.0;NA;NA;1946.85;1946.85
P6;2015-03-22;10;1748.69;1748.69;1763.74;1763.74;1798.99;1798.99;1798.99;1798.99;1599.0;1599.0;NA;NA;1946.85;1946.85
P6;2015-03-23;13;1748.69;1748.69;1826.44;1826.44;1798.97;1798.97;1786.42;1786.42;1599.0;1599.0;NA;NA;1946.85;1946.85
P6;2015-03-24;8;1748.65;1748.66;1823.47;1823.47;1798.71;1798.71;1773.83;1773.83;1599.0;1599.0;NA;NA;1946.85;1946.85
P6;2015-03-25;6;1748.65;1783.14;1785.74;1785.74;1674.0;1674.0;1701.55;1701.55;1599.0;1519.05;NA;NA;2184.43;2184.43
P6;2015-03-26;7;1789.0;1788.97;1673.49;1673.49;1723.67;1723.67;1698.59;1698.59;1599.0;1599.0;NA;NA;1946.85;1946.85
P6;2015-03-27;2;1746.0;1767.44;1673.49;1673.49;1648.45;1648.45;1499.0;1499.0;1599.0;1599.0;NA;NA;1901.85;1901.85
P6;2015-03-28;14;1749.0;1751.85;1664.45;1664.45;1699.0;1699.0;1699.0;1699.0;2399.0;2399.0;NA;NA;2020.64;2020.64
P6;2015-03-29;13;1738.99;1895.14;2062.67;2062.67;1873.77;1873.77;1751.52;1751.52;2399.0;2399.0;NA;NA;2139.43;2139.43
P6;2015-03-30;9;1788.88;1783.34;2075.15;2075.15;1875.4;1875.4;1823.92;1823.92;1599.0;1599.0;NA;NA;2139.43;2139.43
P6;2015-03-31;8;1738.99;1810.21;1818.44;1818.44;1816.89;1816.89;1816.89;1816.89;1599.0;1599.0;NA;NA;1899.0;1899.0
P6;2015-04-01;10;1788.87;1768.92;1778.96;1778.96;1846.69;1846.69;1819.19;1819.19;1899.0;1767.06;NA;NA;1849.0;1849.0
P6;2015-04-02;9;1738.99;1744.53;1833.46;1833.46;1834.42;1834.42;1794.45;1794.45;2199.0;1935.12;NA;NA;1799.0;1799.0
P6;2015-04-03;7;1788.87;1788.87;1845.96;1845.96;1809.42;1809.42;1794.45;1794.45;2199.0;1935.12;NA;NA;1799.0;1799.0
P6;2015-04-04;11;1786.99;1832.81;1799.0;1799.0;1799.45;1799.45;1794.45;1794.45;2199.0;1935.12;NA;NA;1799.0;1799.0
P6;2015-04-05;7;1786.98;1786.98;1799.0;1799.0;1889.05;1889.05;1768.93;1768.93;2199.0;1935.12;NA;NA;1799.0;1799.0
P6;2015-04-06;7;1786.98;1786.99;1783.99;1783.99;1809.45;1809.45;1809.45;1809.45;2199.0;1935.12;NA;NA;1799.0;1799.0
P6;2015-04-07;19;1785.97;1786.19;1992.95;1992.95;1818.4;1818.4;1818.17;1818.17;2199.0;1935.12;NA;NA;1799.0;1799.0
P6;2015-04-08;11;1785.95;1786.05;1790.96;1790.96;1830.19;1830.19;1842.47;1842.47;2199.0;1935.12;NA;NA;1799.0;1799.0
P6;2015-04-09;11;1785.95;1786.05;1792.53;1792.53;1828.53;1828.53;1828.53;1828.53;2199.0;1935.12;NA;NA;1799.0;1799.0
P6;2015-04-10;7;1785.94;1785.94;1792.56;1792.56;1828.53;1828.53;1828.53;1828.53;2199.0;1935.12;NA;NA;1799.0;1799.0
P6;2015-04-11;14;1784.9;1786.91;1789.87;1789.87;1817.82;1817.82;1817.82;1817.82;2199.0;1935.12;NA;NA;1799.0;1799.0
P6;2015-04-12;5;1782.99;1783.37;1784.89;1784.89;1784.89;1784.89;1784.89;1784.89;2199.0;1935.12;NA;NA;1799.0;1799.0
P6;2015-04-13;17;1785.9;1786.1;1794.7;1794.7;1817.38;1817.38;1820.65;1820.65;2199.0;1935.12;NA;NA;1799.0;1799.0
P6;2015-04-14;11;1785.89;1785.88;1791.14;1791.14;1791.39;1791.39;1791.39;1791.39;2199.0;2199.0;NA;NA;1799.0;1799.0
P6;2015-04-15;22;1749.0;1750.68;1790.87;1790.87;1791.38;1791.38;1791.38;1791.38;2199.0;2199.0;NA;NA;1799.0;1799.0
P6;2015-04-16;21;1748.9;1748.95;1777.98;1777.98;1778.49;1778.49;1778.49;1778.49;2199.0;2199.0;NA;NA;1799.0;1799.0
P6;2015-04-17;13;1748.9;1761.01;1783.2;1783.2;1783.95;1783.95;1769.68;1769.68;2199.0;2199.0;NA;NA;1799.0;1799.0
P6;2015-04-18;5;1785.0;1785.0;1733.5;1733.5;1732.0;1732.0;1748.5;1748.5;1889.1;1889.1;NA;NA;1799.0;1799.0
P6;2015-04-19;9;1784.94;1797.61;1733.25;1733.25;1699.0;1699.0;1732.5;1732.5;1889.1;1889.1;NA;NA;1799.0;1799.0
P6;2015-04-20;18;1783.0;1783.75;1799.0;1799.0;1832.5;1832.5;1829.32;1734.68;1959.07;1959.07;NA;NA;1799.0;1799.0
P6;2015-04-21;10;1782.99;1782.98;1806.74;1806.74;1809.45;1809.45;1807.86;1760.54;2099.0;1994.05;NA;NA;1799.0;1799.0
P6;2015-04-22;8;1782.79;1782.8;1781.48;1781.48;1801.95;1801.95;1801.95;1801.95;1899.0;1899.0;NA;NA;1799.0;1799.0
P6;2015-04-23;9;1782.72;1782.72;1789.45;1789.45;1819.45;1819.45;1819.45;1819.45;1899.0;1899.0;NA;NA;1799.0;1799.0
P6;2015-04-24;9;1782.71;1782.71;1770.98;1770.98;1806.98;1806.98;1786.98;1786.98;1699.0;1699.0;NA;NA;1799.0;1799.0
P6;2015-04-25;2;1769.0;1769.0;1738.5;1738.5;1748.5;1748.5;1748.5;1748.5;1699.0;1699.0;NA;NA;1799.0;1799.0
P6;2015-04-26;6;1769.0;1769.0;1738.5;1738.5;1748.5;1748.5;1748.5;1748.5;1699.0;1699.0;NA;NA;1799.0;1799.0
P6;2015-04-27;3;1769.0;1769.0;1763.5;1763.5;1773.25;1773.25;1773.25;1773.25;1699.0;1699.0;NA;NA;1799.0;1799.0
P6;2015-04-28;11;1779.0;1779.0;1788.25;1788.25;1798.25;1798.25;1798.25;1798.25;1699.0;1699.0;NA;NA;1799.0;1799.0
P6;2015-04-29;13;1779.0;1779.0;1843.24;1843.24;1848.25;1848.25;1848.5;1848.5;1949.0;1817.06;NA;NA;1799.0;1799.0
P6;2015-04-30;15;1778.0;1767.0;1838.0;1838.0;1863.45;1863.45;1842.5;1842.5;2199.0;1935.12;NA;NA;1799.0;1799.0
P6;2015-05-01;3;1776.99;1776.99;1839.0;1839.0;1864.45;1864.45;1843.5;1843.5;2199.0;1935.12;NA;NA;1799.0;1799.0
P6;2015-05-02;10;1773.98;1774.49;1839.0;1839.0;1864.45;1864.45;1843.5;1843.5;2199.0;1935.12;NA;NA;1877.95;1877.95
P6;2015-05-03;7;1773.98;1773.98;1839.0;1839.0;1901.2;1901.2;1843.5;1843.5;2199.0;1935.12;NA;NA;1877.95;1877.95
P6;2015-05-04;22;1773.93;1774.21;1840.5;1840.5;1872.63;1872.63;1858.67;1858.67;2199.0;1957.11;NA;NA;1749.86;1749.86
P6;2015-05-05;12;1772.0;1772.87;1842.0;1842.0;1882.38;1882.38;1760.27;1760.27;1699.0;1699.0;NA;NA;1948.13;1948.13
P6;2015-05-06;16;1771.97;1771.91;1826.33;1826.33;1897.56;1897.56;1631.53;1631.53;1699.0;1699.0;NA;NA;1997.84;1997.84
P6;2015-05-07;9;1771.97;1783.98;1842.0;1842.0;1911.76;1911.76;1637.38;1548.78;1699.0;1699.0;NA;NA;1973.13;1973.13
P6;2015-05-08;14;1799.0;1799.0;1859.0;1859.0;1950.39;1922.9;1688.34;1576.97;2199.0;2199.0;NA;NA;1998.13;1998.13
P6;2015-05-09;6;1798.99;1799.0;1859.0;1859.0;1989.03;1934.05;1741.86;1607.57;2199.0;2199.0;NA;NA;1949.99;1949.99
P6;2015-05-10;1;1799.0;1799.0;1859.0;1859.0;1989.03;1934.05;1789.42;1744.95;2199.0;2199.0;NA;NA;1901.85;1901.85
P6;2015-05-11;8;1798.96;1798.96;1833.46;1788.49;1982.97;1928.0;1768.69;1678.99;2199.0;2199.0;NA;NA;1949.99;1949.99
P6;2015-05-12;9;1798.94;1804.4;1833.47;1788.49;1947.62;1910.97;1745.01;1619.08;2199.0;2199.0;NA;NA;2023.13;2023.13
P6;2015-05-13;7;1799.0;1813.29;1852.95;1852.95;1928.0;1900.51;1776.5;1619.09;2199.0;2199.0;NA;NA;1951.85;1951.85
P6;2015-05-14;5;1829.0;1845.0;1852.95;1852.95;1863.7;1863.7;1749.25;1659.3;1949.0;1949.0;NA;NA;1951.85;1951.85
P6;2015-05-15;10;1847.0;1846.89;1804.45;1804.45;1841.19;1796.22;1759.6;1737.5;1699.0;1699.0;NA;NA;1951.85;1951.85
P6;2015-05-16;2;1843.0;1843.45;1804.45;1804.45;1748.0;1748.0;1756.35;1710.75;1699.0;1699.0;NA;NA;1951.85;1951.85
P6;2015-05-17;3;1837.0;1837.67;1804.45;1804.45;1863.97;1863.97;1768.22;1722.0;1699.0;1699.0;NA;NA;1951.85;1951.85
P6;2015-05-18;9;1835.0;1835.43;1794.45;1794.45;1919.45;1919.45;1763.26;1703.78;1699.0;1699.0;NA;NA;1951.85;1951.85
P6;2015-05-19;6;1833.0;1833.46;1864.68;1864.68;1894.45;1894.45;1712.31;1699.05;1699.0;1699.0;NA;NA;1951.85;1951.85
P6;2015-05-20;8;1831.9;1831.95;1894.45;1894.45;1894.45;1894.45;1694.64;1602.97;1699.0;1699.0;NA;NA;1951.85;1951.85
P6;2015-05-21;6;1830.9;1830.9;1919.45;1919.45;1909.22;1909.22;1784.75;1693.18;1699.0;1699.0;NA;NA;1951.85;1951.85
P6;2015-05-22;9;1829.9;1829.93;1939.45;1939.45;1939.22;1939.22;1896.95;1846.97;1699.0;1699.0;NA;NA;1951.85;1951.85
P6;2015-05-23;6;1829.0;1888.32;1934.45;1934.45;1999.0;1999.0;1914.45;1822.95;1699.0;1699.0;NA;NA;1951.85;1951.85
P6;2015-05-24;4;1829.0;1829.0;1992.0;1992.0;1999.0;1999.0;1914.22;1822.75;1699.0;1699.0;NA;NA;1951.85;1951.85
P6;2015-05-25;5;1828.98;1828.98;1953.24;1953.24;1874.0;1874.0;1956.5;1956.5;1699.0;1699.0;NA;NA;1951.85;1951.85
P6;2015-05-26;5;1799.0;1810.6;1881.74;1839.26;1999.0;1999.0;1885.3;1839.58;1699.0;1699.0;NA;NA;1951.85;1951.85
P6;2015-05-27;13;1797.0;1797.23;1849.0;1764.05;1829.39;1716.55;1829.15;1716.33;1699.0;1699.0;NA;NA;1999.99;1999.99
P6;2015-05-28;12;1797.0;1797.0;1914.48;1914.48;1809.95;1628.95;1808.97;1628.08;1699.0;1699.0;NA;NA;2048.13;2048.13
P6;2015-05-29;6;1797.0;1797.0;1936.24;1936.24;1761.54;1695.63;1853.0;1717.67;1599.0;1599.0;NA;NA;2048.13;2048.13
P6;2015-05-30;2;1796.99;1796.99;1929.47;1929.47;1971.72;1971.72;1898.0;1808.15;1599.0;1599.0;NA;NA;1999.0;1999.0
P6;2015-05-31;3;1796.9;1796.9;1859.93;1859.93;1944.45;1944.45;1897.97;1808.13;1599.0;1599.0;NA;NA;1999.0;1999.0
P6;2015-06-01;8;1796.87;1820.89;1796.38;1796.38;1896.19;1896.19;1896.19;1851.27;1599.0;1599.0;NA;NA;1999.0;1999.0
P6;2015-06-02;14;1804.05;1783.81;1799.14;1799.14;1897.72;1897.72;1812.5;1767.57;1599.0;1599.0;NA;NA;1951.85;1951.85
P6;2015-06-03;14;1804.05;1797.27;1803.66;1803.66;1898.69;1898.69;1898.69;1853.77;1599.0;1599.0;NA;NA;1951.85;1951.85
P6;2015-06-04;10;1804.05;1804.05;1808.38;1808.38;1897.93;1897.93;1864.24;1864.24;1599.0;1599.0;NA;NA;1951.85;1951.85
P6;2015-06-05;19;1804.05;1793.79;1808.38;1808.38;1796.86;1796.86;1796.86;1796.86;1599.0;1599.0;NA;NA;1951.85;1951.85
P6;2015-06-06;12;1804.05;1787.8;1808.38;1808.38;1796.86;1796.86;1796.86;1796.86;1599.0;1599.0;NA;NA;1951.85;1951.85
P6;2015-06-07;7;1804.05;1804.05;1808.38;1808.38;1796.86;1796.86;1796.86;1796.86;1599.0;1599.0;NA;NA;1951.85;1951.85
P6;2015-06-08;22;1804.05;1783.02;1804.41;1804.41;1917.95;1889.21;1792.16;1744.92;1599.0;1599.0;NA;NA;1967.57;1967.57
P6;2015-06-09;14;1781.0;1770.01;1797.45;1797.45;1845.45;1845.45;1813.82;1790.2;1599.0;1599.0;NA;NA;1967.57;1967.57
P6;2015-06-10;9;1780.83;1793.98;1794.45;1794.45;1814.95;1814.95;1811.95;1811.95;1599.0;1599.0;NA;NA;1951.85;1951.85
P6;2015-06-11;11;1780.76;1780.77;1794.44;1794.44;1784.44;1784.44;1784.44;1784.44;1599.0;1599.0;NA;NA;1951.85;1951.85
P6;2015-06-12;8;1777.89;1778.03;1783.37;1783.37;1784.43;1784.43;1740.03;1695.83;1599.0;1599.0;NA;NA;1967.57;1967.57
P6;2015-06-13;9;1758.9;1758.69;1783.36;1783.36;1784.43;1784.43;1776.45;1732.25;1999.0;1999.0;NA;NA;1999.0;1999.0
P6;2015-06-14;10;1757.9;1757.9;1783.37;1783.37;1784.43;1784.43;1800.99;1712.59;1999.0;1999.0;NA;NA;1999.0;1999.0
P6;2015-06-15;6;1757.77;1757.81;1801.1;1801.1;1802.16;1802.16;1826.69;1782.5;1999.0;1999.0;NA;NA;1999.0;1999.0
P6;2015-06-16;12;1756.87;1756.86;1818.83;1818.83;1819.89;1819.89;1819.89;1819.89;1999.0;1999.0;NA;NA;1999.0;1999.0
P6;2015-06-17;8;1756.73;1756.42;1816.33;1816.33;1817.4;1817.4;1817.14;1817.14;1699.0;1699.0;NA;NA;1999.0;1999.0
P6;2015-06-18;4;1755.75;1755.76;1841.39;1841.39;1809.65;1809.65;1809.65;1809.65;1699.0;1699.0;NA;NA;1999.0;1999.0
P6;2015-06-19;3;1755.75;1755.75;1836.22;1793.75;1809.9;1809.9;1791.37;1747.48;1699.0;1699.0;NA;NA;1999.0;1999.0
P6;2015-06-20;6;1743.9;1745.12;1764.45;1679.5;1744.45;1659.5;1770.14;1682.63;1699.0;1699.0;NA;NA;1999.0;1999.0
P6;2015-06-21;4;1739.9;1740.39;1803.5;1718.55;1744.45;1659.5;1766.42;1679.28;1699.0;1699.0;NA;NA;1999.0;1999.0
P6;2015-06-22;6;1738.9;1754.9;1868.67;1812.03;1759.6;1702.97;1773.56;1715.53;1699.0;1580.07;NA;NA;1999.0;1999.0
P6;2015-06-23;11;1738.69;1738.68;1839.45;1796.97;1819.45;1776.97;1808.88;1764.96;1699.0;1597.06;NA;NA;1999.0;1999.0
P6;2015-06-24;10;1728.9;1752.81;1780.75;1780.75;1743.48;1743.48;1844.45;1844.45;1699.0;1597.06;NA;NA;1999.0;1999.0
P6;2015-06-25;7;1776.72;1776.72;1866.49;1866.49;1744.45;1659.5;1811.95;1811.95;1749.0;1664.05;NA;NA;1999.0;1999.0
