Scripts/dataset/correlated_data_nmv.csv
PROD_ID;DATE;SALES_COUNT;MEDIAN_PRICE;MEAN_PRICE;C1_PRICE_1;C1_PRICE_2;C2_PRICE_1;C2_PRICE_2;C3_PRICE_1;C3_PRICE_2;C4_PRICE_1;C4_PRICE_2;C5_PRICE_1;C5_PRICE_2;C6_PRICE_1;C6_PRICE_2
P6;2015-06-26;4;1776.72;1776.72;1783.99;1741.52;1805.7;1805.7;1779.1;1734.91;1749.0;1727.76;NA;NA;1999.0;1999.0
P6;2015-06-27;2;1767.0;1767.05;1767.75;1637.82;1748.0;1703.03;1735.96;1647.58;1765.67;1709.03;NA;NA;1999.0;1999.0
P6;2015-06-28;1;1764.9;1764.9;1800.47;1713.03;1574.05;1484.1;1618.84;1530.51;1765.67;1709.03;NA;NA;1999.0;1999.0
P6;2015-06-29;8;1764.69;1764.69;1809.17;1722.58;1728.0;1728.0;1557.2;1468.93;1765.67;1709.03;NA;NA;1999.0;1999.0
P6;2015-06-30;2;1763.9;1764.28;1781.85;1651.13;1838.2;1838.2;1797.27;1707.04;1799.0;1799.0;NA;NA;1999.0;1999.0
P6;2015-07-01;3;1763.6;1763.6;1769.32;1681.08;1796.94;1796.94;1774.41;1774.41;1749.0;1799.0;NA;NA;1999.0;1999.0
P6;2015-07-02;5;1763.28;1763.36;1735.02;1664.43;1755.91;1755.91;1758.13;1758.13;1699.0;1677.76;NA;NA;1999.0;1999.0
P6;2015-07-03;3;1763.28;1763.28;1690.14;1690.14;1710.91;1710.91;1674.13;1674.13;1699.0;1670.68;NA;NA;1999.0;1999.0
P6;2015-07-04;2;1763.28;1763.28;1702.66;1702.66;1710.66;1710.66;1630.35;1630.35;1699.0;1699.0;NA;NA;1999.0;1999.0
P6;2015-07-05;2;1756.7;1756.7;1723.39;1723.39;1731.89;1731.89;1674.46;1674.46;1699.0;1699.0;NA;NA;1999.0;1999.0
P6;2015-07-06;2;1756.7;1756.7;1611.2;1536.25;1681.67;1644.2;1570.52;1570.52;1599.0;1589.01;NA;NA;1999.0;1999.0
P6;2015-07-07;1;1754.99;1754.99;1498.95;1349.06;1527.72;1452.78;1591.97;1591.97;1549.0;1541.51;NA;NA;1999.0;1999.0
P6;2015-07-08;3;1725.0;1744.93;1498.93;1319.05;1550.18;1475.23;1637.95;1637.95;1599.0;1599.0;NA;NA;1999.0;1999.0
P6;2015-07-09;2;1754.75;1754.75;1498.98;1319.1;1610.14;1520.2;1610.16;1610.16;1659.0;1659.0;NA;NA;1999.0;1999.0
P6;2015-07-10;1;1698.34;1698.34;1498.95;1319.07;1550.2;1475.25;1587.35;1587.35;1574.0;1574.0;NA;NA;1999.0;1999.0
P6;2015-07-11;2;1698.96;1698.96;1498.9;1319.03;1631.39;1556.45;1631.45;1631.45;1499.0;1499.0;NA;NA;1999.0;1999.0
P6;2015-07-12;3;1698.96;1698.96;1498.9;1319.03;1631.39;1556.45;1631.45;1631.45;1499.0;1499.0;NA;NA;1999.0;1999.0
P6;2015-07-13;3;1698.94;1698.96;1625.37;1535.43;1702.14;1664.67;1651.57;1651.57;1499.0;1499.0;NA;NA;1999.0;1999.0
P6;2015-07-14;1;1698.0;1698.0;1498.95;1319.07;1693.89;1656.42;1679.17;1679.17;1574.0;1574.0;NA;NA;1999.0;1999.0
P6;2015-07-15;7;1697.79;1697.82;1546.4;1360.83;1625.39;1550.7;1714.17;1714.17;1569.0;1569.0;NA;NA;1899.0;1899.0
P6;2015-07-16;9;1697.68;1697.68;1474.01;1297.13;1563.37;1465.6;1650.92;1650.92;1489.0;1489.0;NA;NA;1799.0;1799.0
P6;2015-07-17;4;1787.62;1765.13;1592.89;1503.56;1493.95;1344.55;1593.71;1593.71;1489.0;1489.0;NA;NA;1799.0;1799.0
P6;2015-07-18;7;1697.65;1723.36;1581.2;1442.37;1743.39;1743.39;1743.39;1743.39;1489.0;1489.0;NA;NA;1799.0;1799.0
P6;2015-07-19;4;1697.63;1697.63;1576.96;1387.72;1743.39;1743.39;1743.39;1743.39;1489.0;1489.0;NA;NA;1799.0;1799.0
P6;2015-07-20;5;1697.57;1715.57;1592.89;1452.65;1723.17;1680.75;1743.39;1743.39;1544.0;1544.0;NA;NA;1799.0;1799.0
P6;2015-07-21;12;1697.54;1717.84;1653.35;1608.83;1665.41;1628.69;1656.88;1656.88;1498.5;1498.5;NA;NA;1799.0;1799.0
P6;2015-07-22;7;1697.45;1697.46;1498.5;1408.56;1625.46;1589.86;1606.98;1606.98;1498.0;1498.0;NA;NA;1902.86;1902.86
P6;2015-07-23;6;1697.38;1697.39;1443.47;1347.35;1644.45;1569.5;1644.45;1644.45;1699.0;1699.0;NA;NA;1954.8;1954.8
P6;2015-07-24;7;1697.34;1710.21;1461.53;1319.12;1625.71;1552.63;1644.45;1644.45;1699.0;1656.53;NA;NA;1926.39;1926.39
P6;2015-07-25;12;1608.67;1623.57;1580.71;1493.02;1625.71;1552.63;1625.71;1625.71;1699.0;1614.05;NA;NA;1990.09;1990.09
P6;2015-07-26;21;1608.67;1608.67;1648.91;1603.94;1693.91;1656.44;1625.71;1625.71;1699.0;1614.05;NA;NA;1990.09;1990.09
P6;2015-07-27;10;1608.67;1638.66;1629.73;1558.52;1693.91;1656.44;1693.91;1693.91;1599.0;1599.0;NA;NA;1990.09;1990.09
P6;2015-07-28;5;1697.34;1764.2;1660.0;1615.03;1722.95;1722.95;1673.45;1673.45;1499.0;1499.0;NA;NA;1987.12;1987.12
P6;2015-07-29;10;1760.09;1780.63;1623.95;1534.01;1623.95;1549.0;1623.95;1623.95;1499.0;1499.0;NA;NA;1981.18;1981.18
P6;2015-07-30;4;1697.34;1708.58;1660.72;1660.72;1673.2;1673.2;1623.95;1623.95;1499.0;1499.0;NA;NA;1981.18;1981.18
P6;2015-07-31;6;1808.99;1800.8;1530.26;1459.06;1645.48;1603.51;1546.74;1546.74;1499.0;1499.0;NA;NA;1993.06;1993.06
P6;2015-08-01;3;1808.99;1808.99;1697.5;1697.5;1632.61;1632.61;1550.28;1550.28;1499.0;1499.0;NA;NA;1999.0;1999.0
P6;2015-08-02;1;1808.99;1808.99;1697.5;1697.5;1678.95;1678.95;1596.61;1596.61;1499.0;1499.0;NA;NA;1999.0;1999.0
P6;2015-08-03;3;1697.33;1734.55;1592.76;1521.56;1646.7;1609.22;1646.7;1646.7;1499.0;1499.0;NA;NA;1999.0;1999.0
P6;2015-08-04;2;1679.0;1688.16;1783.18;1783.18;1761.2;1761.2;1763.22;1763.22;1499.0;1424.05;NA;NA;1952.78;1952.78
P6;2015-08-05;8;1677.99;1678.12;1798.77;1798.77;1809.45;1809.45;1809.45;1809.45;1499.0;1424.05;NA;NA;1875.75;1875.75
P6;2015-08-06;11;1677.0;1675.04;1655.12;1583.92;1790.09;1790.09;1660.49;1660.49;1499.0;1424.05;NA;NA;1895.88;1895.88
P6;2015-08-07;8;1676.99;1676.99;1672.24;1573.3;1684.45;1602.0;1653.18;1653.18;1499.0;1424.05;NA;NA;1977.65;1977.65
P6;2015-08-08;1;1676.99;1676.99;1736.19;1628.25;1754.03;1619.1;1632.53;1632.53;1499.0;1424.05;NA;NA;1977.65;1977.65
P6;2015-08-09;6;1677.0;1677.0;1733.99;1626.05;1754.03;1619.1;1664.04;1664.04;1499.0;1424.05;NA;NA;1977.65;1977.65
P6;2015-08-10;8;1677.0;1717.25;1732.48;1624.54;1754.03;1619.1;1664.04;1664.04;1499.0;1424.05;NA;NA;1977.65;1977.65
P6;2015-08-11;10;1674.0;1707.1;1706.43;1652.46;1729.03;1639.07;1633.0;1633.0;1499.0;1424.05;NA;NA;1984.77;1984.77
P6;2015-08-12;7;1674.0;1674.0;1631.35;1586.38;1636.7;1599.22;1643.57;1643.57;1498.0;1498.0;NA;NA;1991.88;1991.88
P6;2015-08-13;2;1674.0;1836.5;1680.8;1680.8;1694.74;1672.25;1630.9;1630.9;1498.5;1498.5;NA;NA;1999.0;1999.0
P6;2015-08-14;8;1674.0;1674.0;1680.66;1680.66;1693.76;1671.27;1634.79;1634.79;1499.0;1499.0;NA;NA;1999.0;1999.0
P6;2015-08-15;1;1674.0;1674.0;1680.59;1680.59;1458.81;1421.34;1698.0;1698.0;1599.0;1439.1;NA;NA;1999.0;1999.0
P6;2015-08-16;6;1674.0;1674.0;1680.6;1680.6;1698.0;1698.0;1698.0;1698.0;1599.0;1439.1;NA;NA;1999.0;1999.0
P6;2015-08-17;11;1673.99;1673.98;1674.66;1674.66;1573.68;1573.68;1685.97;1685.97;1599.0;1599.0;NA;NA;1999.0;1999.0
P6;2015-08-18;16;1673.94;1703.86;1677.72;1677.72;1673.92;1673.92;1673.93;1673.93;1999.0;1799.1;NA;NA;1884.0;1884.0
P6;2015-08-19;14;1673.93;1681.99;1668.53;1668.53;1616.95;1616.95;1616.95;1616.95;1749.0;1749.0;NA;NA;1884.0;1884.0
P6;2015-08-20;5;1673.89;1680.95;1596.29;1588.8;1601.0;1601.0;1616.95;1505.35;1499.0;1499.0;NA;NA;1884.0;1884.0
P6;2015-08-21;3;1673.89;1673.89;1704.05;1685.06;1633.67;1633.67;1586.68;1507.33;1499.0;1499.0;NA;NA;1884.0;1884.0
P6;2015-08-22;3;1499.9;1615.89;1651.75;1597.26;1684.45;1684.45;1679.6;1679.6;1499.0;1349.1;NA;NA;1884.0;1884.0
P6;2015-08-23;3;1673.89;1692.24;1524.45;1509.45;1684.45;1684.45;1679.6;1679.6;1499.0;1349.1;NA;NA;1884.0;1884.0
P6;2015-08-24;6;1499.9;1586.91;1591.75;1575.26;1641.72;1641.72;1592.95;1555.45;1499.0;1499.0;NA;NA;1884.0;1884.0
P6;2015-08-25;8;1638.99;1698.46;1676.75;1667.76;1684.45;1684.45;1601.0;1601.0;1399.0;1399.0;NA;NA;1884.0;1884.0
P6;2015-08-26;3;1499.9;1591.92;1694.42;1694.42;1542.73;1542.73;1544.68;1544.68;1399.0;1399.0;NA;NA;1884.0;1884.0
P6;2015-08-27;3;1499.9;1591.85;1594.35;1594.35;1584.37;1584.37;1584.35;1584.35;1399.0;1399.0;NA;NA;1884.0;1884.0
P6;2015-08-28;6;1637.77;1614.79;1644.24;1644.24;1634.3;1634.3;1684.27;1684.27;1449.0;1449.0;NA;NA;1884.0;1884.0
P6;2015-08-29;2;1499.9;1566.83;1646.52;1601.55;1684.27;1642.53;1684.27;1684.27;1699.0;1699.0;NA;NA;1884.0;1884.0
P6;2015-08-30;1;1633.75;1633.75;1694.09;1694.09;1684.27;1600.79;1684.27;1600.79;1699.0;1699.0;NA;NA;1884.0;1884.0
P6;2015-08-31;12;1499.9;1499.9;1694.09;1592.44;1641.63;1599.15;1641.63;1599.15;1699.0;1699.0;NA;NA;1884.0;1884.0
P6;2015-09-01;8;1499.9;1516.63;1694.13;1592.19;1598.99;1598.99;1598.99;1598.99;1699.0;1699.0;NA;NA;1884.0;1884.0
P6;2015-09-02;4;1633.75;1732.94;1538.99;1503.01;1647.2;1647.2;1539.17;1509.17;1499.0;1499.0;NA;NA;1907.0;1907.0
P6;2015-09-03;3;1633.75;1877.25;1499.0;1364.09;1664.96;1664.96;1575.55;1497.21;1499.0;1499.0;NA;NA;1884.0;1884.0
P6;2015-09-04;5;1633.75;1661.85;1499.0;1364.09;1624.61;1624.61;1575.33;1534.48;1494.03;1469.3;NA;NA;1824.0;1824.0
P6;2015-09-05;2;1679.0;1679.0;1499.05;1365.03;1541.63;1504.16;1541.63;1504.16;1484.1;1409.9;NA;NA;1749.0;1749.0
P6;2015-09-06;1;1679.0;1679.0;1495.32;1361.75;1591.62;1554.14;1541.63;1504.16;1484.1;1409.9;NA;NA;1749.0;1749.0
P6;2015-09-07;2;1678.98;1678.98;1506.54;1417.49;1684.24;1684.24;1584.26;1584.26;1484.1;1409.9;NA;NA;1749.0;1749.0
P6;2015-09-08;11;1499.99;1499.99;1510.26;1465.74;1684.23;1684.23;1584.26;1584.26;1491.55;1454.45;NA;NA;1724.0;1724.0
P6;2015-09-09;14;1499.99;1499.99;1508.99;1508.99;1598.67;1598.67;1548.69;1548.69;1499.0;1499.0;NA;NA;1699.0;1699.0
P6;2015-09-10;20;1499.99;1499.99;1613.96;1613.96;1598.67;1598.67;1598.67;1598.67;1499.0;1499.0;NA;NA;1749.0;1749.0
P6;2015-09-11;22;1499.99;1517.11;1601.49;1601.49;1593.7;1593.7;1593.7;1593.7;1499.0;1499.0;NA;NA;1749.0;1749.0
P6;2015-09-12;18;1475.9;1475.9;1546.5;1501.53;1636.47;1636.47;1540.43;1503.53;1499.0;1499.0;NA;NA;1699.0;1699.0
P6;2015-09-13;13;1475.9;1479.61;1546.25;1501.28;1678.61;1678.61;1625.6;1588.7;1499.0;1499.0;NA;NA;1699.0;1699.0
P6;2015-09-14;24;1475.9;1476.9;1528.66;1472.7;1678.7;1678.7;1625.67;1588.78;1474.0;1474.0;NA;NA;1749.0;1749.0
P6;2015-09-15;14;1475.69;1513.0;1528.43;1472.47;1684.02;1684.02;1582.78;1545.89;1449.0;1449.0;NA;NA;1798.99;1798.99
P6;2015-09-16;22;1475.17;1506.08;1447.12;1363.18;1678.58;1678.58;1572.35;1498.57;1449.0;1449.0;NA;NA;1798.99;1798.99
P6;2015-09-17;20;1474.29;1474.34;1449.67;1393.71;1595.91;1595.91;1539.97;1503.09;1449.0;1449.0;NA;NA;1749.0;1749.0
P6;2015-09-18;10;1473.89;1473.92;1549.65;1549.65;1689.79;1689.79;1683.94;1683.94;1441.16;1441.16;NA;NA;1749.0;1749.0
P6;2015-09-19;2;1499.99;1499.99;1678.86;1678.86;1695.4;1695.4;1683.7;1683.7;1359.15;1359.15;NA;NA;1749.0;1749.0
P6;2015-09-21;4;1499.99;1499.99;1565.86;1498.71;1655.75;1655.75;1573.6;1573.6;1423.06;1423.06;NA;NA;1818.99;1818.99
P6;2015-09-22;10;1499.88;1499.9;1601.26;1559.29;1652.72;1652.72;1628.47;1628.47;1449.0;1449.0;NA;NA;1749.0;1749.0
P6;2015-09-23;382;1399.0;1393.13;1582.25;1526.29;1690.31;1690.31;1627.25;1589.75;1449.0;1449.0;NA;NA;1699.0;1699.0
P6;2015-09-24;256;1399.0;1388.83;1432.33;1260.45;1583.58;1583.58;1611.51;1611.51;1449.0;1449.0;NA;NA;1599.49;1599.49
P6;2015-09-25;14;1495.0;1495.35;1474.07;1387.13;1583.43;1583.43;1581.75;1506.92;1449.0;1449.0;NA;NA;1599.49;1599.49
P6;2015-09-26;13;1491.0;1491.53;1499.13;1499.13;1583.85;1583.85;1580.85;1506.1;1449.0;1449.0;NA;NA;1599.49;1599.49
P6;2015-09-27;5;1490.0;1490.2;NA;NA;NA;NA;NA;NA;NA;NA;NA;NA;NA;NA
P6;2015-09-28;21;1459.0;1485.57;1598.67;1598.67;1636.47;1561.47;1494.59;1382.59;1436.5;1436.5;NA;NA;1774.49;1774.49
P6;2015-09-29;21;1459.0;1460.9;1598.67;1598.67;1665.65;1665.65;1486.2;1412.5;1399.0;1399.0;NA;NA;1849.49;1849.49
P6;2015-09-30;36;1459.0;1466.78;1565.25;1565.25;1632.17;1632.17;1485.27;1436.63;1399.0;1399.0;NA;NA;1849.24;1849.24
P6;2015-10-01;16;1459.0;1469.0;1598.68;1598.68;1614.1;1614.1;1459.0;1313.1;1399.0;1399.0;NA;NA;1699.0;1699.0
P6;2015-10-02;22;1459.0;1469.91;1489.64;1406.05;1615.83;1615.83;1542.16;1505.37;1380.4;1380.4;NA;NA;1828.95;1828.95
P6;2015-10-03;12;1459.0;1459.0;1393.15;1225.97;1633.45;1633.45;1595.88;1595.31;1393.15;1393.15;NA;NA;1848.99;1848.99
P6;2015-10-04;14;1459.0;1483.29;1393.15;1225.97;1633.45;1633.45;1607.72;1607.15;1393.15;1393.15;NA;NA;1808.9;1808.9
P6;2015-10-05;23;1459.0;1477.27;1414.05;1244.36;1615.8;1615.8;1595.51;1557.75;1393.15;1393.15;NA;NA;1728.95;1728.95
P6;2015-10-06;13;1459.0;1492.85;1434.94;1262.75;1598.16;1598.16;1508.44;1425.6;1396.08;1396.08;NA;NA;1808.9;1808.9
P6;2015-10-07;14;1499.0;1487.71;1520.81;1434.71;1603.3;1603.3;1551.19;1505.82;1424.0;1424.0;NA;NA;1828.95;1828.95
P6;2015-10-08;15;1499.0;1499.0;1538.03;1489.76;1622.5;1622.5;1508.93;1501.05;1449.0;1449.0;NA;NA;1749.0;1749.0
P6;2015-10-09;14;1499.0;1493.43;1602.98;1505.83;1628.29;1628.29;1627.24;1627.24;1449.0;1449.0;NA;NA;1848.99;1848.99
P6;2015-10-10;8;1460.0;1459.88;1595.47;1536.0;1620.28;1620.28;1619.22;1575.49;1399.0;1399.0;NA;NA;1848.99;1848.99
P6;2015-10-11;11;1458.47;1458.46;1489.5;1399.56;1480.0;1480.0;1480.0;1480.0;1399.0;1399.0;NA;NA;1848.99;1848.99
P6;2015-10-12;15;1458.39;1458.28;1480.0;1480.0;1480.0;1480.0;1480.0;1480.0;1399.0;1399.0;NA;NA;1848.99;1848.99
P6;2015-10-13;20;1457.97;1459.51;1480.0;1480.0;1480.0;1480.0;1480.0;1480.0;1399.0;1399.0;NA;NA;1798.99;1798.99
P6;2015-10-14;5;1457.95;1457.95;1461.35;1436.37;1461.35;1461.35;1461.35;1436.37;1399.0;1399.0;NA;NA;1832.33;1832.33
P7;2015-01-01;321;799.0;797.11;NA;NA;NA;NA;799.0;719.1;799.0;703.12;799.0;759.05;799.0;799.0
P7;2015-01-02;812;799.0;797.47;NA;NA;NA;NA;799.0;719.1;799.0;703.12;799.0;759.05;799.0;799.0
P7;2015-01-03;662;799.0;796.64;NA;NA;NA;NA;799.0;719.1;799.0;703.12;799.0;759.05;799.0;799.0
P7;2015-01-04;595;799.0;797.44;NA;NA;NA;NA;799.0;719.1;799.0;703.12;799.0;759.05;799.0;799.0
P7;2015-01-05;1166;799.0;797.73;NA;NA;NA;NA;799.0;719.1;799.0;703.12;799.0;759.05;799.0;799.0
P7;2015-01-06;1797;799.0;797.9;NA;NA;NA;NA;1099.0;1099.0;799.0;703.12;799.0;759.05;799.0;799.0
P7;2015-01-07;2238;799.0;795.77;798.0;798.0;798.0;798.0;948.5;948.5;799.0;695.13;799.0;759.05;799.0;799.0
P7;2015-01-08;94;798.0;811.61;848.5;848.5;899.0;899.0;848.5;848.5;824.0;704.39;849.0;806.55;824.0;824.0
P7;2015-01-09;230;799.0;803.05;899.0;899.0;899.0;899.0;1049.0;1049.0;849.0;721.65;849.0;776.84;849.0;849.0
P7;2015-01-10;171;849.0;828.99;899.0;899.0;899.0;899.0;999.0;999.0;849.0;721.65;849.0;747.12;849.0;849.0
P7;2015-01-11;108;849.0;846.04;899.0;899.0;899.0;899.0;999.0;999.0;849.0;721.65;849.0;747.12;849.0;849.0
P7;2015-01-12;113;849.0;839.45;799.0;799.0;799.0;799.0;999.0;999.0;799.0;799.0;849.0;747.12;849.0;849.0
P7;2015-01-13;264;849.0;835.94;899.0;899.0;899.0;899.0;949.0;949.0;824.0;760.33;849.0;747.12;849.0;849.0
P7;2015-01-14;352;849.0;835.45;899.0;899.0;899.0;899.0;999.0;999.0;849.0;721.65;849.0;747.12;849.0;849.0
P7;2015-01-15;34;849.0;853.3;899.0;899.0;899.0;899.0;999.0;999.0;849.0;721.65;849.0;849.0;849.0;849.0
P7;2015-01-16;423;849.0;837.96;899.0;899.0;899.0;899.0;999.0;999.0;849.0;734.38;849.0;849.0;849.0;849.0
P7;2015-01-18;117;849.0;843.09;899.0;899.0;899.0;899.0;999.0;999.0;849.0;747.12;849.0;849.0;849.0;849.0
P7;2015-01-19;526;849.0;836.01;899.0;899.0;899.0;899.0;999.0;999.0;849.0;747.12;849.0;849.0;849.0;849.0
P7;2015-01-20;709;849.0;833.53;899.0;899.0;899.0;899.0;899.0;899.0;849.0;747.12;849.0;849.0;849.0;849.0
P7;2015-01-21;728;849.0;835.37;899.0;899.0;899.0;899.0;899.0;899.0;849.0;751.37;849.0;849.0;849.0;849.0
P7;2015-01-22;569;849.0;835.78;899.0;899.0;899.0;899.0;999.0;999.0;849.0;781.08;849.0;849.0;849.0;849.0
P7;2015-01-23;745;849.0;834.67;899.0;899.0;899.0;899.0;1099.0;1099.0;849.0;806.55;849.0;849.0;849.0;849.0
P7;2015-01-24;623;849.0;830.98;899.0;899.0;899.0;899.0;1099.0;1099.0;849.0;849.0;849.0;849.0;849.0;849.0
P7;2015-01-25;459;849.0;840.66;899.0;899.0;899.0;899.0;1099.0;1099.0;849.0;849.0;849.0;849.0;849.0;849.0
P7;2015-01-26;726;849.0;837.82;799.0;719.1;899.0;899.0;1199.0;1199.0;849.0;849.0;849.0;849.0;849.0;849.0
P7;2015-01-27;656;849.0;835.22;899.0;899.0;899.0;899.0;1299.0;1299.0;849.0;785.33;849.0;849.0;849.0;849.0
P7;2015-01-28;457;849.0;832.49;899.0;899.0;899.0;899.0;899.0;899.0;849.0;721.65;849.0;849.0;849.0;849.0
P7;2015-01-29;794;799.0;811.15;899.0;899.0;899.0;899.0;899.0;899.0;849.0;721.65;849.0;849.0;849.0;849.0
P7;2015-01-30;600;849.0;820.75;899.0;899.0;899.0;899.0;899.0;899.0;849.0;751.37;849.0;849.0;849.0;849.0
P7;2015-01-31;412;849.0;819.97;899.0;899.0;899.0;899.0;898.5;898.5;849.0;781.08;849.0;849.0;849.0;849.0
P7;2015-02-01;309;849.0;833.64;899.0;899.0;899.0;899.0;898.0;898.0;849.0;781.08;849.0;849.0;849.0;849.0
P7;2015-02-02;745;849.0;837.48;899.0;899.0;899.0;899.0;898.0;898.0;849.0;781.08;849.0;849.0;849.0;849.0
P7;2015-02-03;844;849.0;838.66;899.0;899.0;897.99;897.99;898.0;898.0;849.0;781.08;849.0;806.55;849.0;849.0
P7;2015-02-04;666;849.0;836.95;799.0;799.0;897.97;897.97;848.49;848.49;849.0;751.37;849.0;806.55;849.0;849.0
P7;2015-02-05;660;849.0;834.1;888.9;888.9;888.9;888.9;893.45;893.45;849.0;721.65;849.0;806.55;849.0;849.0
P7;2015-02-06;770;806.55;824.5;888.9;888.9;888.9;888.9;899.0;899.0;849.0;764.1;849.0;806.55;849.0;849.0
P7;2015-02-07;1058;806.55;794.08;888.9;888.9;888.9;888.9;899.0;899.0;849.0;806.55;849.0;806.55;849.0;849.0
P7;2015-02-08;883;806.55;803.37;888.9;888.9;888.9;888.9;899.0;899.0;849.0;806.55;849.0;806.55;849.0;849.0
P7;2015-02-09;642;849.0;833.54;888.9;888.9;888.9;888.9;899.0;899.0;849.0;764.1;849.0;806.55;849.0;849.0
P7;2015-02-10;1149;799.0;813.48;888.9;888.9;888.9;888.9;899.0;899.0;849.0;713.16;849.0;806.55;849.0;849.0
P7;2015-02-11;2624;799.0;787.91;888.9;888.9;888.9;888.9;899.0;899.0;849.0;730.14;849.0;806.55;849.0;849.0
P7;2015-02-12;1415;799.0;810.57;899.0;899.0;899.0;899.0;899.0;899.0;849.0;747.12;849.0;806.55;849.0;849.0
P7;2015-02-13;753;849.0;827.83;874.0;810.33;874.0;810.33;874.0;823.06;849.0;734.38;849.0;738.63;849.0;849.0
P7;2015-02-14;622;839.77;818.28;849.0;764.1;849.0;721.65;849.0;747.12;849.0;721.65;849.0;738.63;849.0;849.0
P7;2015-02-15;419;839.77;823.89;899.0;899.0;899.0;899.0;899.0;899.0;849.0;721.65;849.0;738.63;849.0;849.0
P7;2015-02-16;597;839.77;828.37;879.0;879.0;879.0;879.0;879.0;879.0;849.0;721.65;849.0;738.63;849.0;849.0
P7;2015-02-17;522;839.77;834.23;899.05;899.05;899.0;869.0;1049.0;1049.0;849.0;721.65;849.0;738.63;849.0;849.0
P7;2015-02-18;1392;799.0;811.98;899.05;899.05;899.0;869.0;1049.0;1049.0;749.0;737.76;849.0;806.55;849.0;849.0
P7;2015-02-19;912;849.0;829.45;874.02;831.58;849.0;725.9;949.0;906.55;799.0;724.09;849.0;783.91;849.0;849.0
P7;2015-02-20;705;849.0;834.15;849.0;764.1;849.0;787.44;849.0;806.55;849.0;721.65;849.0;738.63;849.0;849.0
P7;2015-02-21;771;849.0;819.54;849.0;764.1;848.99;848.99;848.99;848.99;849.0;721.65;849.0;738.63;849.0;849.0
