Scripts/dataset/correlated_data_nmv.csv
PROD_ID;DATE;SALES_COUNT;MEDIAN_PRICE;MEAN_PRICE;C1_PRICE_1;C1_PRICE_2;C2_PRICE_1;C2_PRICE_2;C3_PRICE_1;C3_PRICE_2;C4_PRICE_1;C4_PRICE_2;C5_PRICE_1;C5_PRICE_2;C6_PRICE_1;C6_PRICE_2
P7;2015-02-22;542;849.0;830.0;849.0;764.1;848.99;848.99;848.99;848.99;849.0;721.65;849.0;721.65;849.0;849.0
P7;2015-02-23;963;849.0;829.05;849.0;764.1;849.0;806.55;849.0;806.55;849.0;721.65;849.0;721.65;849.0;849.0
P7;2015-02-24;970;849.0;815.12;849.0;806.55;849.0;806.55;849.0;849.0;849.0;721.65;849.0;806.55;849.0;849.0
P7;2015-02-25;636;849.0;832.99;848.99;848.99;849.0;806.55;848.99;848.99;849.0;721.65;849.0;806.55;849.0;849.0
P7;2015-02-26;634;849.0;832.39;849.0;806.55;849.0;806.55;849.0;849.0;849.0;721.65;849.0;806.55;849.0;849.0
P7;2015-02-27;527;849.0;834.95;848.99;848.99;848.99;848.99;848.99;848.99;849.0;721.65;849.0;806.55;849.0;849.0
P7;2015-02-28;660;849.0;826.05;848.99;848.99;848.99;848.99;848.99;848.99;849.0;721.65;849.0;806.55;849.0;849.0
P7;2015-03-01;1077;774.29;779.11;848.99;848.99;848.99;848.99;848.99;848.99;849.0;721.65;849.0;806.55;849.0;849.0
P7;2015-03-02;1384;799.0;806.23;848.99;848.99;848.99;848.99;848.99;848.99;849.0;721.65;849.0;806.55;849.0;849.0
P7;2015-03-03;2734;794.32;797.65;848.99;848.99;848.99;848.99;848.99;848.99;849.0;721.65;849.0;806.55;849.0;849.0
P7;2015-03-04;1291;794.32;793.49;849.0;849.0;849.0;806.55;849.0;849.0;849.0;721.65;849.0;806.55;849.0;849.0
P7;2015-03-05;270;849.0;833.39;849.0;849.0;849.0;764.1;849.0;849.0;849.0;721.65;849.0;806.55;849.0;849.0
P7;2015-03-06;452;849.0;843.66;849.0;849.0;849.0;764.1;849.0;849.0;849.0;721.65;849.0;806.55;849.0;849.0
P7;2015-03-07;385;849.0;839.87;849.0;849.0;849.0;764.1;849.0;849.0;849.0;849.0;849.0;806.55;849.0;849.0
P7;2015-03-08;410;849.0;836.18;849.0;849.0;849.0;764.1;849.0;849.0;849.0;849.0;849.0;806.55;849.0;849.0
P7;2015-03-09;375;849.0;847.53;849.0;849.0;849.0;764.1;849.0;849.0;849.0;785.33;849.0;806.55;849.0;849.0
P7;2015-03-10;422;849.0;847.27;849.0;849.0;849.0;764.1;849.0;849.0;849.0;721.65;849.0;806.55;849.0;849.0
P7;2015-03-11;677;849.0;844.5;849.0;849.0;849.0;764.1;849.0;849.0;849.0;721.65;849.0;806.55;849.0;849.0
P7;2015-03-12;635;849.0;845.65;849.0;849.0;849.0;764.1;849.0;849.0;849.0;721.65;849.0;806.55;849.0;849.0
P7;2015-03-13;392;849.0;846.67;849.0;849.0;849.0;806.55;849.0;849.0;849.0;721.65;849.0;806.55;849.0;849.0
P7;2015-03-15;32;849.0;865.1;849.0;849.0;849.0;849.0;849.0;849.0;849.0;721.65;849.0;721.65;849.0;849.0
P7;2015-03-16;318;879.0;870.92;849.0;849.0;849.0;849.0;849.0;849.0;849.0;721.65;849.0;734.38;849.0;849.0
P7;2015-03-17;919;799.0;813.86;849.0;849.0;824.0;824.0;849.0;849.0;849.0;721.65;849.0;747.12;824.0;824.0
P7;2015-03-18;2200;799.0;796.8;799.0;799.0;799.0;799.0;799.0;799.0;799.0;703.12;849.0;747.12;799.0;799.0
P7;2015-03-19;417;849.0;834.64;849.0;849.0;849.0;849.0;849.0;849.0;824.0;712.38;849.0;747.12;849.0;849.0
P7;2015-03-20;389;849.0;844.61;849.0;849.0;849.0;849.0;849.0;849.0;849.0;721.65;849.0;747.12;849.0;849.0
P7;2015-03-21;353;849.0;845.64;849.0;849.0;849.0;849.0;849.0;849.0;849.0;721.65;849.0;747.12;849.0;849.0
P7;2015-03-22;170;849.0;845.4;849.0;849.0;849.0;849.0;849.0;849.0;849.0;721.65;849.0;747.12;849.0;849.0
P7;2015-03-23;208;849.0;846.55;849.0;849.0;849.0;849.0;849.0;849.0;849.0;721.65;849.0;747.12;849.0;849.0
P7;2015-03-24;245;849.0;847.71;849.0;849.0;848.5;848.5;849.0;849.0;849.0;721.65;849.0;747.12;849.0;849.0
P7;2015-03-25;403;849.0;845.5;848.5;848.5;844.44;844.44;849.0;849.0;849.0;764.1;849.0;747.12;849.0;849.0
P7;2015-03-26;309;849.0;843.4;864.0;864.0;849.0;849.0;849.0;849.0;849.0;764.1;849.0;747.12;849.0;849.0
P7;2015-03-27;377;849.0;843.55;849.0;849.0;848.5;848.5;849.0;849.0;849.0;764.1;849.0;747.12;849.0;849.0
P7;2015-03-28;253;849.0;843.71;849.0;849.0;849.0;849.0;849.0;849.0;849.0;734.38;849.0;747.12;849.0;849.0
P7;2015-03-29;307;849.0;846.56;864.0;864.0;879.0;879.0;879.0;879.0;849.0;721.65;849.0;747.12;849.0;849.0
P7;2015-03-30;722;849.0;820.85;849.0;849.0;849.0;849.0;849.0;849.0;849.0;747.12;849.0;747.12;849.0;849.0
P7;2015-03-31;473;849.0;836.52;849.0;849.0;849.0;849.0;849.0;849.0;849.0;721.65;849.0;747.12;849.0;849.0
P7;2015-04-01;364;849.0;830.18;849.0;849.0;849.0;849.0;849.0;849.0;849.0;721.65;849.0;747.12;849.0;849.0
P7;2015-04-02;361;849.0;833.89;829.0;829.0;829.0;829.0;829.0;829.0;849.0;721.65;849.0;747.12;849.0;849.0
P7;2015-04-03;245;849.0;838.39;829.0;829.0;829.0;829.0;829.0;829.0;849.0;721.65;849.0;747.12;849.0;849.0
P7;2015-04-04;335;849.0;830.37;829.0;829.0;829.0;829.0;829.0;829.0;849.0;721.65;849.0;747.12;849.0;849.0
P7;2015-04-05;282;849.0;842.48;829.0;829.0;829.0;829.0;829.0;829.0;849.0;721.65;849.0;747.12;849.0;849.0
P7;2015-04-06;465;849.0;835.95;839.0;839.0;839.0;839.0;839.0;839.0;864.0;734.4;849.0;747.12;849.0;849.0
P7;2015-04-07;447;849.0;839.66;839.0;839.0;839.0;839.0;839.0;839.0;879.0;747.15;849.0;747.12;864.0;864.0
P7;2015-04-08;1125;799.0;799.79;839.0;839.0;839.0;839.0;829.0;829.0;824.0;720.38;849.0;747.12;799.0;799.0
P7;2015-04-09;483;849.0;828.7;849.0;849.0;849.0;849.0;849.0;849.0;879.0;843.84;849.0;747.12;849.0;849.0
P7;2015-04-10;937;769.0;797.65;829.0;829.0;829.0;829.0;829.0;829.0;879.0;773.52;849.0;747.12;879.0;879.0
P7;2015-04-11;1139;769.0;787.3;878.99;878.99;878.99;878.99;878.99;878.99;879.0;773.52;879.0;773.52;849.0;849.0
P7;2015-04-12;968;789.0;791.15;829.0;829.0;829.0;829.0;829.0;829.0;879.0;773.52;879.0;773.52;849.0;849.0
P7;2015-04-13;1004;789.0;806.24;849.0;849.0;864.0;864.0;864.0;864.0;879.0;747.15;879.0;773.52;849.0;849.0
P7;2015-04-14;259;799.0;800.33;849.0;849.0;849.0;849.0;864.0;864.0;839.0;819.03;879.0;773.52;849.0;849.0
P7;2015-04-15;1202;799.0;795.14;863.99;863.99;864.0;864.0;864.0;864.0;799.0;759.05;879.0;773.52;795.06;795.06
P7;2015-04-16;413;849.0;823.1;848.99;848.99;848.99;848.99;848.99;848.99;824.0;761.57;879.0;760.33;799.0;799.0
P7;2015-04-17;428;806.55;807.95;864.0;820.05;864.0;820.05;864.0;864.0;849.0;764.1;879.0;773.52;849.0;849.0
P7;2015-04-18;296;849.0;823.84;879.0;791.1;879.0;791.1;879.0;791.1;864.0;777.6;879.0;773.52;791.1;791.1
P7;2015-04-19;159;849.0;828.82;791.1;711.99;791.1;711.99;791.1;711.99;864.0;777.6;879.0;773.52;791.1;791.1
P7;2015-04-20;513;799.0;813.12;835.05;751.55;835.05;751.55;835.05;751.55;879.0;747.15;879.0;773.52;849.0;849.0
P7;2015-04-21;710;799.0;806.15;869.45;825.5;869.45;825.5;869.45;825.5;849.0;747.12;879.0;773.52;849.0;849.0
P7;2015-04-22;465;849.0;823.83;864.0;820.05;864.0;820.05;864.0;820.05;849.0;764.1;879.0;773.52;849.0;849.0
P7;2015-04-23;453;849.0;828.11;849.0;849.0;849.0;849.0;849.0;849.0;849.0;764.1;879.0;773.52;849.0;849.0
P7;2015-04-24;486;849.0;830.46;849.0;849.0;849.0;849.0;849.0;849.0;849.0;764.1;879.0;773.52;849.0;849.0
P7;2015-04-25;342;849.0;824.91;849.0;849.0;849.0;849.0;849.0;849.0;849.0;764.1;879.0;773.52;799.0;799.0
P7;2015-04-26;276;849.0;835.85;849.0;849.0;849.0;849.0;820.05;820.05;849.0;764.1;879.0;773.52;799.0;799.0
P7;2015-04-27;520;849.0;828.72;849.0;806.55;849.0;806.55;849.0;849.0;849.0;785.33;879.0;773.52;849.0;849.0
P7;2015-04-28;732;799.0;804.68;848.5;806.05;848.5;806.05;806.55;806.55;849.0;806.55;879.0;773.52;849.0;849.0
P7;2015-04-29;395;849.0;831.04;848.0;848.0;848.0;848.0;848.0;848.0;849.0;806.55;879.0;773.52;849.0;849.0
P7;2015-04-30;1631;749.0;772.42;823.5;823.5;848.0;848.0;764.1;764.1;824.0;782.8;879.0;773.52;799.0;799.0
P7;2015-05-01;2622;749.0;747.5;799.0;799.0;799.0;799.0;799.0;799.0;774.0;754.02;879.0;773.52;749.0;749.0
P7;2015-05-02;2768;749.0;746.35;799.0;759.05;799.0;759.05;799.0;759.05;749.0;749.0;879.0;773.52;749.0;749.0
P7;2015-05-03;2030;749.0;747.34;798.0;798.0;798.0;798.0;798.0;798.0;749.0;749.0;879.0;773.52;749.0;749.0
P7;2015-05-04;1466;749.0;771.47;793.5;793.5;793.5;793.5;793.5;793.5;774.0;774.0;879.0;773.52;774.0;774.0
P7;2015-05-05;695;799.0;794.91;789.0;789.0;789.0;789.0;789.0;789.0;749.0;749.0;879.0;773.52;799.0;799.0
P7;2015-05-06;603;799.0;794.41;789.0;789.0;789.0;789.0;789.0;789.0;765.67;765.67;879.0;773.52;799.0;799.0
P7;2015-05-07;518;799.0;791.91;789.0;789.0;789.0;789.0;789.0;789.0;799.0;799.0;879.0;773.52;749.0;749.0
P7;2015-05-08;1351;749.0;757.95;789.0;789.0;789.0;789.0;789.0;789.0;799.0;799.0;849.0;742.88;749.0;749.0
P7;2015-05-09;2087;749.0;748.42;789.0;789.0;789.0;789.0;789.0;789.0;774.0;774.0;849.0;738.63;749.0;749.0
P7;2015-05-10;879;779.0;775.47;789.0;789.0;789.0;789.0;789.0;789.0;749.0;749.0;849.0;738.63;749.0;749.0
P7;2015-05-11;739;799.0;792.13;793.5;793.5;793.5;793.5;793.5;793.5;774.0;774.0;849.0;738.63;774.0;774.0
P7;2015-05-12;848;749.0;763.38;798.5;758.55;798.5;758.55;759.05;719.1;774.0;774.0;849.0;738.63;799.0;799.0
P7;2015-05-13;819;776.67;770.74;798.0;798.0;798.0;798.0;798.0;798.0;749.0;749.0;849.0;738.63;799.0;799.0
P7;2015-05-14;2083;754.44;755.43;798.0;798.0;798.0;798.0;758.55;758.55;749.0;749.0;849.0;738.63;799.0;799.0
P7;2015-05-15;1366;776.67;764.84;798.0;798.0;798.0;798.0;798.0;798.0;749.0;749.0;849.0;738.63;784.0;784.0
P7;2015-05-16;767;776.67;763.89;798.0;798.0;798.0;798.0;798.0;798.0;749.0;749.0;849.0;738.63;769.0;769.0
P7;2015-05-17;300;776.67;776.03;766.54;758.55;798.0;798.0;766.54;758.55;749.0;749.0;849.0;738.63;769.0;769.0
P7;2015-05-18;147;776.67;780.44;798.0;758.05;798.0;758.05;797.5;797.5;754.0;754.0;849.0;738.63;769.0;769.0
P7;2015-05-19;276;776.67;770.8;797.0;797.0;797.0;797.0;758.05;758.05;759.0;759.0;849.0;738.63;784.0;784.0
P7;2015-05-20;284;776.67;774.9;809.0;809.0;773.0;773.0;809.0;809.0;759.0;759.0;849.0;738.63;799.0;799.0
P7;2015-05-21;706;776.67;763.35;797.0;797.0;797.0;797.0;843.45;843.45;789.0;789.0;849.0;738.63;799.0;799.0
P7;2015-05-22;1338;776.67;770.87;796.99;796.99;797.0;797.0;797.0;797.0;789.0;789.0;849.0;738.63;798.5;798.5
P7;2015-05-23;888;776.67;767.94;795.89;795.89;795.89;795.89;795.89;795.89;754.0;754.0;849.0;738.63;793.5;793.5
P7;2015-05-24;280;776.67;775.71;795.89;795.89;795.78;795.78;795.78;795.78;759.0;759.0;849.0;738.63;789.0;789.0
P7;2015-05-25;236;799.0;791.37;794.88;794.88;794.88;794.88;786.88;786.88;754.0;754.0;849.0;738.63;793.5;793.5
P7;2015-05-26;2070;749.0;745.29;792.49;792.49;792.49;792.49;792.49;792.49;754.0;754.0;849.0;738.63;783.5;783.5
P7;2015-05-27;3621;749.0;744.0;784.45;784.45;784.45;784.45;784.45;784.45;754.0;754.0;849.0;793.82;779.0;779.0
P7;2015-05-28;624;749.0;748.65;814.45;814.45;783.5;783.5;783.5;783.5;749.0;749.0;824.0;824.0;769.0;769.0
P7;2015-05-29;143;789.0;790.5;787.0;787.0;787.5;787.5;787.5;787.5;754.0;754.0;799.0;799.0;749.0;749.0
P7;2015-05-30;125;789.0;793.31;787.99;787.99;787.99;787.99;787.99;787.99;759.0;759.0;849.0;849.0;749.0;749.0
P7;2015-05-31;64;849.0;837.64;788.0;788.0;788.0;788.0;788.0;788.0;759.0;759.0;849.0;849.0;749.0;749.0
P7;2015-06-01;206;799.0;808.83;788.0;788.0;773.52;753.55;773.52;753.55;769.0;769.0;849.0;849.0;749.0;749.0
P7;2015-06-02;310;799.0;793.98;719.1;719.1;719.1;719.1;739.05;739.05;788.5;748.6;849.0;793.82;749.0;749.0
P7;2015-06-03;310;799.0;791.36;759.0;759.0;759.0;759.0;734.05;696.6;778.5;738.6;849.0;738.63;749.0;749.0
P7;2015-06-04;278;799.0;795.26;794.0;794.0;761.55;761.55;774.0;696.6;754.0;754.0;849.0;738.63;749.0;749.0
P7;2015-06-05;319;799.0;793.33;813.5;813.5;781.05;781.05;798.5;758.55;749.0;749.0;880.0;765.6;749.0;749.0
P7;2015-06-06;240;799.0;793.92;838.5;794.55;782.8;741.6;759.05;719.1;749.0;749.0;911.0;792.57;749.0;749.0
P7;2015-06-07;234;799.0;796.53;798.0;798.0;802.27;781.05;759.05;719.1;749.0;749.0;911.0;792.57;749.0;749.0
P7;2015-06-08;687;749.0;748.64;798.5;758.55;802.27;781.05;735.3;696.6;748.5;748.5;911.0;792.57;749.0;749.0
P7;2015-06-09;739;749.0;744.24;759.0;683.1;759.05;719.1;735.3;696.6;753.5;753.5;911.0;792.57;749.0;749.0
P7;2015-06-10;320;799.0;796.83;778.0;740.05;778.02;758.05;754.27;735.55;754.45;754.45;911.0;792.57;749.0;749.0
P7;2015-06-11;857;749.0;751.1;794.05;794.05;780.55;780.55;758.05;758.05;774.45;734.5;911.0;792.57;749.0;749.0
P7;2015-06-12;849;749.0;745.04;797.0;757.05;796.49;796.49;772.0;734.55;774.0;719.07;911.0;792.57;749.0;749.0
P7;2015-06-13;784;749.0;746.04;768.99;731.54;818.99;776.54;768.99;731.54;749.0;719.04;911.0;792.57;749.0;749.0
P7;2015-06-14;522;749.0;745.84;788.0;788.0;793.0;793.0;788.0;788.0;749.0;719.04;911.0;792.57;749.0;749.0
P7;2015-06-15;888;749.0;746.3;788.0;788.0;781.05;781.05;793.0;793.0;774.0;759.02;911.0;792.57;749.0;749.0
P7;2015-06-16;1712;749.0;741.21;793.5;793.5;793.5;793.5;793.5;793.5;773.5;773.5;911.0;792.57;749.0;749.0
P7;2015-06-17;2166;749.0;741.41;769.45;769.45;772.95;772.95;769.45;769.45;748.0;748.0;911.0;792.57;749.0;749.0
P7;2015-06-18;2388;749.0;740.89;784.99;784.99;784.0;784.0;765.95;765.95;748.0;748.0;911.0;792.57;749.0;749.0
P7;2015-06-19;1051;749.0;740.89;783.5;783.5;784.0;784.0;783.5;783.5;748.5;748.5;911.0;792.57;749.0;749.0
P7;2015-06-20;649;749.0;735.75;783.0;783.0;783.0;783.0;783.0;783.0;748.0;748.0;911.0;792.57;749.0;749.0
P7;2015-06-21;522;749.0;740.79;783.0;783.0;783.0;783.0;783.0;783.0;748.0;748.0;911.0;792.57;749.0;749.0
P7;2015-06-22;225;783.99;787.36;783.0;783.0;783.0;783.0;783.0;783.0;761.67;732.74;911.0;792.57;749.0;749.0
P7;2015-06-23;783;749.0;751.71;782.0;782.0;815.5;773.05;782.0;782.0;773.0;695.55;911.0;792.57;759.0;759.0
P7;2015-06-24;1802;749.0;745.86;782.0;782.0;782.0;782.0;782.0;782.0;758.95;713.32;911.0;792.57;749.0;749.0
P7;2015-06-25;2271;749.0;744.96;765.95;765.95;765.95;765.95;766.45;766.45;774.0;774.0;911.0;792.57;749.0;749.0
P7;2015-06-26;1293;749.0;738.96;757.0;757.0;764.1;764.1;674.1;674.1;788.0;788.0;911.0;792.57;748.5;748.5
P7;2015-06-27;303;719.1;721.13;757.0;757.0;741.15;741.15;689.39;689.39;798.0;798.0;911.0;792.57;748.0;748.0
P7;2015-06-28;120;783.0;783.15;719.0;719.0;719.0;719.0;671.55;671.55;798.0;798.0;911.0;792.57;749.0;749.0
P7;2015-06-29;1229;749.0;746.79;674.1;674.1;674.1;674.1;674.1;674.1;798.0;798.0;911.0;792.57;741.5;741.5
P7;2015-06-30;1342;749.0;744.35;758.0;720.55;758.0;720.55;720.55;720.55;773.5;773.5;911.0;792.57;734.0;734.0
P7;2015-07-01;225;799.0;794.46;754.02;754.02;730.79;730.79;757.0;757.0;773.5;733.6;911.0;792.57;734.0;734.0
P7;2015-07-02;1358;749.0;734.4;765.96;766.94;771.65;775.48;781.3;778.45;798.4;770.54;911.0;792.57;748.0;748.0
P7;2015-07-03;524;749.0;737.64;754.47;754.47;759.9;759.9;759.9;759.9;799.0;743.07;911.0;792.57;798.9;798.9
P7;2015-07-04;889;749.0;747.09;747.5;747.5;747.5;747.5;747.5;747.5;799.0;743.07;941.0;818.67;773.95;773.95
P7;2015-07-05;828;749.0;746.84;747.0;747.0;747.0;747.0;746.0;746.0;799.0;743.07;941.0;818.67;749.0;749.0
P7;2015-07-06;295;789.0;780.5;748.0;710.55;753.52;753.52;747.5;747.5;779.0;709.29;941.0;818.67;749.0;749.0
P7;2015-07-07;1095;749.0;724.92;749.0;674.1;748.5;748.5;749.0;749.0;759.0;717.25;941.0;832.78;749.0;749.0
P7;2015-07-08;899;749.0;744.93;749.0;749.0;749.0;749.0;749.0;749.0;783.5;743.6;941.0;846.9;749.0;749.0
P7;2015-07-09;543;749.0;753.43;748.99;748.99;748.99;748.99;749.0;749.0;749.9;712.41;941.0;846.9;749.0;749.0
P7;2015-07-10;546;749.0;749.1;749.0;749.0;749.0;749.0;749.0;749.0;749.9;712.41;941.0;846.9;749.0;749.0
P7;2015-07-11;592;749.0;746.7;739.76;702.74;742.75;705.42;698.4;698.4;748.0;673.2;941.0;846.9;749.0;749.0
P7;2015-07-12;510;749.0;747.91;701.56;668.86;744.76;707.74;730.27;730.27;748.0;673.2;941.0;846.9;749.0;749.0
P7;2015-07-13;388;747.99;748.7;755.27;679.75;774.0;696.6;755.27;755.27;748.0;710.6;941.0;846.9;748.0;748.0
P7;2015-07-14;660;749.0;745.22;768.5;731.05;769.0;731.55;747.05;747.05;743.0;743.0;941.0;846.9;737.5;737.5
P7;2015-07-15;1684;749.0;743.36;768.0;730.6;763.0;726.1;746.05;746.05;743.5;706.05;941.0;846.9;738.55;738.55
P7;2015-07-16;1409;749.0;744.64;730.27;694.7;743.5;706.6;728.07;728.07;749.0;699.07;941.0;846.9;729.0;729.0
P7;2015-07-17;1073;749.0;744.55;749.0;749.0;743.5;706.6;749.0;749.0;749.0;749.0;941.0;828.08;729.0;729.0
P7;2015-07-18;805;749.0;743.49;735.36;699.27;738.0;664.2;749.0;749.0;749.0;749.0;941.0;828.08;729.0;729.0
P7;2015-07-19;756;749.0;745.61;721.71;649.54;749.0;749.0;799.0;799.0;749.0;749.0;941.0;828.08;729.0;729.0
P7;2015-07-20;1283;749.0;746.27;769.0;769.0;769.0;769.0;769.0;769.0;749.0;722.79;847.67;745.95;749.0;749.0
P7;2015-07-21;773;749.0;746.9;789.0;789.0;789.0;789.0;789.0;789.0;739.0;712.79;841.0;740.08;739.0;739.0
P7;2015-07-22;269;749.0;749.88;789.0;789.0;789.0;789.0;767.99;767.99;729.0;729.0;841.0;740.08;739.0;739.0
P7;2015-07-23;487;749.0;741.61;789.0;789.0;789.0;789.0;746.98;746.98;739.0;739.0;841.0;740.08;739.0;739.0
P7;2015-07-24;719;749.0;744.66;794.5;794.5;794.5;794.5;794.5;794.5;749.0;749.0;841.0;740.08;749.0;749.0
P7;2015-07-25;551;749.0;743.64;789.0;789.0;789.0;789.0;789.0;789.0;749.0;749.0;841.0;740.08;749.0;749.0
P7;2015-07-26;416;749.0;743.99;789.0;789.0;789.0;789.0;789.0;789.0;749.0;749.0;841.0;740.08;749.0;749.0
P7;2015-07-27;894;749.0;737.06;789.0;789.0;789.0;789.0;750.27;750.27;749.0;749.0;851.0;748.88;749.0;749.0
P7;2015-07-28;1091;711.55;714.12;814.0;814.0;809.0;809.0;809.0;809.0;749.0;749.0;861.0;757.68;749.0;749.0
P7;2015-07-29;506;749.0;730.76;768.5;768.5;768.5;768.5;778.5;778.5;738.5;738.5;861.0;757.68;749.0;749.0
P7;2015-07-30;915;749.0;733.21;763.5;763.5;763.5;763.5;763.5;763.5;728.0;728.0;861.0;757.68;749.0;749.0
P7;2015-07-31;728;749.0;747.24;757.0;757.0;757.0;757.0;757.0;757.0;733.0;733.0;861.0;757.68;749.0;749.0
P7;2015-08-01;218;789.0;768.87;748.5;748.5;749.0;749.0;748.5;748.5;738.0;738.0;861.0;757.68;749.0;749.0
P7;2015-08-02;92;752.0;759.18;748.0;748.0;748.0;748.0;749.0;749.0;738.0;738.0;861.0;757.68;749.0;749.0
P7;2015-08-03;257;749.0;750.77;748.5;748.5;748.5;748.5;749.0;749.0;738.0;738.0;861.0;757.68;749.0;749.0
P7;2015-08-04;501;749.0;744.41;779.76;779.76;779.76;779.76;779.76;779.76;743.5;702.31;861.0;757.68;734.0;734.0
P7;2015-08-05;285;749.0;746.3;773.5;773.5;773.5;773.5;773.49;773.49;734.0;660.45;861.0;757.68;709.0;709.0
P7;2015-08-06;511;749.0;746.78;748.0;748.0;773.49;773.49;747.99;747.99;774.0;774.0;861.0;757.68;724.0;724.0
P7;2015-08-07;462;749.0;746.51;747.48;747.48;747.48;747.48;747.48;747.48;749.0;707.81;861.0;757.68;747.0;747.0
P7;2015-08-08;403;749.0;747.14;746.94;746.94;746.94;746.94;746.94;746.94;749.0;666.61;861.0;757.68;749.0;749.0
