Scripts/dataset/correlated_data_nmv.csv
PROD_ID;DATE;SALES_COUNT;MEDIAN_PRICE;MEAN_PRICE;C1_PRICE_1;C1_PRICE_2;C2_PRICE_1;C2_PRICE_2;C3_PRICE_1;C3_PRICE_2;C4_PRICE_1;C4_PRICE_2;C5_PRICE_1;C5_PRICE_2;C6_PRICE_1;C6_PRICE_2
P7;2015-08-09;228;749.0;747.57;744.95;744.95;744.95;744.95;744.95;744.95;749.0;666.61;861.0;757.68;749.0;749.0
P7;2015-08-10;521;749.0;746.4;744.5;744.5;745.0;745.0;745.0;745.0;749.0;670.36;861.0;757.68;744.45;744.45
P7;2015-08-11;398;749.0;744.75;746.0;746.0;746.0;746.0;746.0;746.0;749.0;674.1;861.0;757.68;739.9;739.9
P7;2015-08-12;233;739.0;741.88;746.0;746.0;746.0;746.0;746.0;746.0;749.0;711.55;826.0;726.88;729.45;729.45
P7;2015-08-13;196;739.0;743.44;746.0;746.0;746.0;746.0;746.0;746.0;749.0;749.0;811.0;713.68;729.9;729.9
P7;2015-08-14;190;739.0;739.61;746.0;746.0;746.0;746.0;746.0;746.0;749.0;749.0;811.0;713.68;719.9;719.9
P7;2015-08-15;157;733.0;739.73;739.9;739.9;739.9;739.9;739.9;739.9;749.0;749.0;811.0;713.68;719.9;719.9
P7;2015-08-16;134;729.9;734.91;739.9;739.9;739.9;739.9;739.9;739.9;749.0;749.0;811.0;713.68;719.9;719.9
P7;2015-08-17;250;739.0;742.69;739.9;739.9;739.9;739.9;739.9;739.9;749.0;711.55;808.5;711.48;729.9;729.9
P7;2015-08-18;2248;699.0;686.22;739.9;739.9;739.9;739.9;739.9;739.9;749.0;677.85;801.0;704.88;739.45;739.45
P7;2015-08-19;5446;699.0;681.92;741.95;741.95;741.95;741.95;741.95;741.95;724.45;690.75;801.0;680.85;739.0;739.0
P7;2015-08-20;3512;699.0;685.83;721.5;686.55;721.5;686.55;721.5;686.55;699.9;699.9;801.0;692.87;738.99;738.99
P7;2015-08-21;492;699.0;719.43;699.0;629.1;699.0;629.1;699.0;629.1;699.9;699.9;801.0;704.88;719.0;719.0
P7;2015-08-22;79;749.0;756.92;698.99;698.99;698.99;698.99;698.99;698.99;749.0;749.0;801.0;704.88;699.0;699.0
P7;2015-08-23;86;738.0;741.12;698.99;698.99;698.99;698.99;698.99;698.99;749.0;749.0;801.0;704.88;699.0;699.0
P7;2015-08-24;179;737.0;736.08;699.0;629.1;699.0;629.1;699.0;664.05;739.0;702.55;801.0;704.88;724.0;724.0
P7;2015-08-25;151;729.0;732.79;699.0;629.1;699.0;629.1;699.0;629.1;714.45;714.45;801.0;704.88;738.99;738.99
P7;2015-08-26;88;749.0;740.24;699.0;629.1;699.0;629.1;699.0;629.1;699.9;699.9;801.0;704.88;749.0;749.0
P7;2015-08-27;56;779.0;769.77;699.0;629.1;699.0;629.1;699.0;629.1;699.9;699.9;801.0;704.88;749.0;749.0
P7;2015-08-28;42;779.0;775.08;699.0;629.1;699.0;629.1;699.0;629.1;714.45;714.45;801.0;704.88;749.0;749.0
P7;2015-08-29;40;779.0;751.96;699.0;629.1;699.0;629.1;699.0;629.1;789.9;789.9;801.0;704.88;749.0;749.0
P7;2015-08-30;36;779.0;769.71;699.0;629.1;699.0;629.1;699.0;629.1;789.9;789.9;801.0;704.88;749.0;749.0
P7;2015-08-31;920;699.0;693.73;722.5;650.25;722.38;650.14;722.38;650.14;784.45;784.45;801.0;704.88;749.0;749.0
P7;2015-09-01;2950;699.0;691.99;745.99;745.99;745.77;745.77;745.77;745.77;749.0;749.0;801.0;704.88;749.0;749.0
P7;2015-09-02;3330;699.0;682.59;745.77;745.77;745.77;745.77;745.77;745.77;719.54;719.54;801.0;704.88;749.0;749.0
P7;2015-09-03;1933;699.0;689.4;745.79;745.79;745.79;745.79;745.79;745.79;699.9;699.9;801.0;704.88;749.0;749.0
P7;2015-09-04;1185;699.0;691.9;699.0;629.1;699.0;629.1;699.0;629.1;699.9;699.9;801.0;704.88;749.0;749.0
P7;2015-09-05;833;699.0;694.8;699.0;629.1;699.0;629.1;699.0;629.1;701.91;701.91;801.0;704.88;749.0;749.0
P7;2015-09-06;592;699.0;694.87;699.0;629.1;699.0;629.1;699.0;629.1;701.91;701.91;801.0;704.88;749.0;749.0
P7;2015-09-07;50;779.0;780.6;699.0;629.1;699.0;629.1;699.0;629.1;701.91;701.91;801.0;704.88;749.0;749.0
P7;2015-09-08;91;779.0;784.27;699.0;629.1;699.0;629.1;699.0;629.1;699.9;699.9;801.0;704.88;749.0;749.0
P7;2015-09-09;800;699.0;696.2;699.0;629.1;699.0;629.1;699.0;629.1;699.9;699.9;801.0;732.91;749.0;749.0
P7;2015-09-10;1429;699.0;694.33;699.0;629.1;699.0;629.1;699.0;629.1;699.9;699.9;801.0;760.95;749.0;749.0
P7;2015-09-11;1215;699.0;695.52;699.0;629.1;699.0;629.1;699.0;646.58;699.9;699.9;801.0;746.93;749.0;749.0
P7;2015-09-12;73;767.0;770.86;699.0;629.1;699.0;629.1;699.0;629.1;699.9;699.9;801.0;704.88;749.0;749.0
P7;2015-09-13;85;767.0;772.39;699.0;629.1;699.0;629.1;699.0;629.1;699.9;699.9;801.0;704.88;749.0;749.0
P7;2015-09-14;713;699.0;696.34;699.0;629.1;699.0;629.1;699.0;629.1;699.9;699.9;806.0;709.28;749.0;749.0
P7;2015-09-15;900;699.0;696.74;699.0;629.1;699.0;629.1;699.0;646.58;699.9;699.9;811.0;713.68;749.0;749.0
P7;2015-09-16;695;699.0;695.37;722.0;687.05;722.0;687.05;699.0;664.05;699.9;699.9;811.0;713.68;749.0;749.0
P7;2015-09-17;734;699.0;694.62;742.97;742.97;722.0;687.05;721.0;703.52;699.9;699.9;811.0;713.68;749.0;749.0
P7;2015-09-18;647;699.0;694.52;699.0;629.1;699.0;629.1;699.0;629.1;699.9;699.9;811.0;713.68;749.0;749.0
P7;2015-09-19;700;699.0;696.89;698.5;663.55;699.0;629.1;698.5;663.55;696.92;696.92;811.0;713.68;749.0;749.0
P7;2015-09-20;780;699.0;698.33;697.99;697.99;699.0;629.1;697.99;697.99;696.92;696.92;811.0;713.68;749.0;749.0
P7;2015-09-21;104;787.0;777.48;698.0;698.0;699.0;629.1;698.0;698.0;699.9;699.9;811.0;713.68;749.0;749.0
P7;2015-09-22;940;699.0;694.45;698.0;698.0;699.0;629.1;698.0;698.0;699.9;699.9;811.0;742.07;749.0;749.0
P7;2015-09-23;2591;699.0;686.36;698.0;698.0;699.0;629.1;698.0;698.0;699.9;699.9;811.0;770.45;749.0;749.0
P7;2015-09-24;1958;699.0;684.53;698.0;698.0;699.0;629.1;698.0;698.0;699.9;699.9;811.0;770.45;749.0;749.0
P7;2015-09-25;60;799.0;788.03;698.5;663.55;713.0;713.0;699.0;629.1;699.9;699.9;811.0;770.45;749.0;749.0
P7;2015-09-26;166;719.1;715.78;698.0;629.1;699.0;629.1;699.0;629.1;699.9;699.9;811.0;770.45;749.0;749.0
P7;2015-09-27;207;719.1;713.17;NA;NA;NA;NA;NA;NA;NA;NA;NA;NA;NA;NA
P7;2015-09-28;369;699.0;697.33;698.5;663.55;698.5;663.55;698.5;663.55;699.9;699.9;811.0;770.45;749.0;749.0
P7;2015-09-29;729;699.0;697.08;699.0;629.1;699.0;664.05;699.0;629.1;699.9;699.9;811.0;770.45;749.0;749.0
P7;2015-09-30;963;699.0;696.57;721.0;686.05;698.5;698.5;697.99;697.99;699.9;699.9;811.0;770.45;749.0;749.0
P7;2015-10-01;1837;699.0;688.12;699.0;629.1;697.99;697.99;699.0;629.1;699.9;699.9;811.0;713.68;749.0;749.0
P7;2015-10-02;1469;699.0;688.65;721.0;686.05;721.0;721.0;743.0;743.0;679.92;679.92;811.0;721.79;749.0;749.0
P7;2015-10-03;107;789.0;753.8;771.45;771.45;721.0;721.0;771.0;771.0;679.92;679.92;811.0;729.9;749.0;749.0
P7;2015-10-04;54;789.0;789.94;799.9;799.9;849.9;849.9;799.9;799.9;679.92;679.92;811.0;729.9;749.0;749.0
P7;2015-10-05;68;789.0;786.96;749.45;714.5;709.49;709.49;749.45;714.5;679.92;679.92;811.0;729.9;749.0;749.0
P7;2015-10-06;100;789.0;787.21;799.9;799.9;849.9;849.9;799.9;799.9;689.91;689.91;821.0;738.9;749.0;749.0
P7;2015-10-07;184;759.05;758.25;820.4;820.4;824.45;824.45;799.45;799.45;699.9;699.9;836.0;752.4;749.0;749.0
P7;2015-10-08;173;759.05;754.07;754.47;716.52;749.9;749.9;749.9;749.9;714.9;714.9;838.5;754.65;749.0;749.0
P7;2015-10-09;186;719.1;738.18;799.97;762.02;804.47;804.47;845.97;808.02;729.9;729.9;846.0;761.4;749.0;749.0
P7;2015-10-10;117;719.1;735.08;819.95;780.0;824.45;824.45;865.95;826.0;739.9;739.9;841.0;756.9;749.0;749.0
P7;2015-10-11;18;779.0;785.67;840.9;840.9;849.9;849.9;990.95;990.95;739.9;739.9;841.0;756.9;749.0;749.0
P7;2015-10-12;26;799.0;798.23;840.9;840.9;849.9;849.9;1049.0;1049.0;744.9;744.9;841.0;756.9;749.0;749.0
P7;2015-10-13;643;699.0;700.04;819.95;780.0;824.45;824.45;924.0;884.05;724.9;724.9;851.0;765.9;749.0;749.0
P7;2015-10-14;1729;699.0;696.52;840.9;840.9;849.9;849.9;1049.0;1049.0;699.9;699.9;854.33;768.9;749.0;749.0
P8;2015-03-19;4;539.1;539.1;NA;NA;NA;NA;NA;NA;NA;NA;NA;NA;NA;NA
P8;2015-03-20;19;539.1;548.56;NA;NA;NA;NA;NA;NA;NA;NA;NA;NA;NA;NA
P8;2015-03-21;5;599.0;599.0;NA;NA;NA;NA;NA;NA;NA;NA;NA;NA;NA;NA
P8;2015-03-22;10;599.0;596.0;NA;NA;NA;NA;NA;NA;NA;NA;NA;NA;NA;NA
P8;2015-03-23;8;599.0;591.51;NA;NA;NA;NA;NA;NA;NA;NA;NA;NA;NA;NA
P8;2015-03-24;35;539.1;553.81;NA;NA;NA;NA;NA;NA;NA;NA;NA;NA;NA;NA
P8;2015-03-25;51;539.1;539.22;NA;NA;NA;NA;NA;NA;NA;NA;NA;NA;NA;NA
P8;2015-03-26;10;599.0;590.01;NA;NA;NA;NA;NA;NA;NA;NA;NA;NA;NA;NA
P8;2015-03-27;13;599.0;599.0;NA;NA;NA;NA;NA;NA;NA;NA;NA;NA;NA;NA
P8;2015-03-28;9;599.0;599.0;NA;NA;NA;NA;NA;NA;NA;NA;NA;NA;NA;NA
P8;2015-03-29;4;599.0;599.0;NA;NA;NA;NA;NA;NA;NA;NA;NA;NA;NA;NA
P8;2015-03-30;11;539.1;543.62;NA;NA;NA;NA;NA;NA;NA;NA;NA;NA;NA;NA
P8;2015-03-31;11;599.0;594.1;NA;NA;NA;NA;NA;NA;NA;NA;NA;NA;NA;NA
P8;2015-04-01;6;569.05;530.54;NA;NA;NA;NA;NA;NA;NA;NA;NA;NA;NA;NA
P8;2015-04-02;42;431.39;463.04;NA;NA;NA;NA;NA;NA;NA;NA;NA;NA;NA;NA
P8;2015-04-03;98;499.0;489.63;NA;NA;NA;NA;NA;NA;NA;NA;NA;NA;NA;NA
P8;2015-04-04;37;499.0;495.63;NA;NA;NA;NA;NA;NA;NA;NA;NA;NA;NA;NA
P8;2015-04-05;39;499.0;491.96;NA;NA;NA;NA;NA;NA;NA;NA;NA;NA;NA;NA
P8;2015-04-06;14;499.0;528.29;NA;NA;NA;NA;NA;NA;NA;NA;NA;NA;NA;NA
P8;2015-04-07;4;599.0;599.0;NA;NA;NA;NA;NA;NA;NA;NA;NA;NA;NA;NA
P8;2015-04-08;3;599.0;599.0;NA;NA;NA;NA;NA;NA;NA;NA;NA;NA;NA;NA
P8;2015-04-09;7;599.0;599.0;NA;NA;NA;NA;NA;NA;NA;NA;NA;NA;NA;NA
P8;2015-04-10;8;599.0;595.26;NA;NA;NA;NA;NA;NA;NA;NA;NA;NA;NA;NA
P8;2015-04-11;43;479.0;501.33;NA;NA;NA;NA;NA;NA;NA;NA;NA;NA;NA;NA
P8;2015-04-12;14;479.0;504.71;NA;NA;NA;NA;NA;NA;NA;NA;NA;NA;NA;NA
P8;2015-04-13;34;479.0;496.01;NA;NA;NA;NA;NA;NA;NA;NA;NA;NA;NA;NA
P8;2015-04-14;80;479.0;485.03;NA;NA;NA;NA;NA;NA;NA;NA;NA;NA;NA;NA
P8;2015-04-15;84;479.0;482.44;NA;NA;NA;NA;NA;NA;NA;NA;NA;NA;NA;NA
P8;2015-04-16;73;499.0;496.68;NA;NA;NA;NA;NA;NA;NA;NA;NA;NA;NA;NA
P8;2015-04-17;46;479.0;491.26;NA;NA;NA;NA;NA;NA;NA;NA;NA;NA;NA;NA
P8;2015-04-18;33;499.0;486.61;NA;NA;NA;NA;NA;NA;NA;NA;NA;NA;NA;NA
P8;2015-04-19;20;499.0;500.76;NA;NA;NA;NA;NA;NA;NA;NA;NA;NA;NA;NA
P8;2015-04-20;24;493.99;502.54;NA;NA;NA;NA;NA;NA;NA;NA;NA;NA;NA;NA
P8;2015-04-21;52;493.99;492.46;NA;NA;NA;NA;NA;NA;NA;NA;NA;NA;NA;NA
P8;2015-04-22;28;493.99;490.96;NA;NA;NA;NA;NA;NA;NA;NA;NA;NA;NA;NA
P8;2015-04-23;14;493.99;505.01;NA;NA;NA;NA;NA;NA;NA;NA;NA;NA;NA;NA
P8;2015-04-24;15;499.0;532.33;NA;NA;NA;NA;NA;NA;NA;NA;NA;NA;NA;NA
P8;2015-04-25;21;499.0;503.3;NA;NA;NA;NA;NA;NA;NA;NA;NA;NA;NA;NA
P8;2015-04-26;23;499.0;505.53;NA;NA;NA;NA;NA;NA;NA;NA;NA;NA;NA;NA
P8;2015-04-27;26;499.0;515.92;NA;NA;NA;NA;NA;NA;NA;NA;NA;NA;NA;NA
P8;2015-04-28;16;499.0;529.01;NA;NA;NA;NA;NA;NA;NA;NA;NA;NA;NA;NA
P8;2015-04-29;8;499.0;541.38;NA;NA;NA;NA;NA;NA;NA;NA;NA;NA;NA;NA
P8;2015-04-30;17;499.0;515.3;NA;NA;NA;NA;NA;NA;NA;NA;NA;NA;NA;NA
P8;2015-05-01;7;499.0;527.57;NA;NA;NA;NA;NA;NA;NA;NA;NA;NA;NA;NA
P8;2015-05-02;10;599.0;599.0;NA;NA;NA;NA;NA;NA;NA;NA;NA;NA;NA;NA
P8;2015-05-03;3;599.0;599.0;NA;NA;NA;NA;NA;NA;NA;NA;NA;NA;NA;NA
P8;2015-05-04;25;499.0;512.21;529.9;529.9;529.9;529.9;529.9;529.9;599.0;539.1;599.0;527.12;NA;NA
P8;2015-05-05;21;499.0;518.06;529.45;529.45;529.64;529.64;529.42;529.42;599.0;539.1;599.0;527.12;535.75;535.75
P8;2015-05-06;17;499.0;510.76;528.33;528.33;528.33;528.33;528.0;528.0;599.0;539.1;599.0;527.12;533.3;533.3
P8;2015-05-07;75;499.0;495.01;527.0;527.0;526.75;526.75;527.0;527.0;599.0;539.1;599.0;527.12;513.95;513.95
P8;2015-05-08;21;499.0;532.34;526.0;526.0;526.0;526.0;525.99;525.99;599.0;539.1;599.0;527.12;527.0;527.0
P8;2015-05-09;43;499.0;510.05;498.21;479.5;503.21;484.5;516.2;503.72;599.0;539.1;599.0;527.12;526.0;526.0
P8;2015-05-10;44;499.0;504.23;524.9;524.9;524.9;524.9;522.39;522.39;599.0;539.1;599.0;527.12;526.0;526.0
P8;2015-05-11;16;538.0;540.0;524.89;524.89;524.89;524.89;522.39;522.39;599.0;539.1;599.0;527.12;526.0;526.0
P8;2015-05-12;61;479.0;480.46;519.88;519.88;519.88;519.88;519.87;519.87;599.0;539.1;599.0;527.12;517.5;517.5
P8;2015-05-13;170;475.0;464.72;518.99;518.99;519.0;519.0;518.99;518.99;599.0;539.1;599.0;527.12;498.98;498.98
P8;2015-05-14;386;455.05;460.76;514.67;514.67;514.44;514.44;514.89;514.89;499.0;499.0;636.0;559.68;498.0;498.0
P8;2015-05-15;293;455.05;459.18;488.99;488.99;477.26;477.26;483.25;477.26;499.0;499.0;636.0;559.68;496.75;496.75
P8;2015-05-16;189;455.05;462.32;478.0;478.0;478.0;478.0;478.0;478.0;499.0;499.0;636.0;559.68;496.5;496.5
P8;2015-05-17;148;455.05;460.75;478.0;478.0;478.0;478.0;456.94;454.55;499.0;499.0;636.0;559.68;496.5;496.5
P8;2015-05-18;74;478.0;475.92;478.0;478.0;478.0;478.0;468.21;465.82;499.0;499.0;636.0;559.68;496.5;496.5
P8;2015-05-19;15;499.0;505.35;463.55;463.55;478.0;478.0;461.05;461.05;499.0;499.0;636.0;559.68;496.47;496.47
P8;2015-05-20;31;476.67;483.06;474.05;461.57;471.55;459.08;471.55;459.08;499.0;499.0;636.0;559.68;495.49;495.49
P8;2015-05-21;17;476.67;493.49;438.28;426.31;450.26;426.31;450.26;426.31;499.0;499.0;636.0;559.68;495.0;495.0
P8;2015-05-22;22;499.0;516.9;452.65;428.71;452.65;428.71;452.65;440.68;499.0;499.0;636.0;559.68;494.0;494.0
P8;2015-05-23;17;499.0;500.43;443.08;431.1;443.08;431.1;455.05;431.1;469.0;469.0;636.0;559.68;494.0;494.0
P8;2015-05-24;19;455.05;463.67;431.1;431.1;431.1;431.1;443.08;431.1;469.0;469.0;636.0;559.68;494.0;494.0
P8;2015-05-25;72;469.0;470.19;479.0;455.05;455.05;455.05;499.0;499.0;469.0;469.0;636.0;559.68;494.0;494.0
P8;2015-05-26;250;443.33;424.93;431.1;409.54;431.1;431.1;431.1;431.1;476.5;476.5;636.0;559.68;494.0;494.0
P8;2015-05-27;404;443.33;421.06;423.91;423.91;455.05;431.1;489.0;453.08;499.0;499.0;636.0;559.68;494.0;494.0
P8;2015-05-28;212;443.33;429.4;479.0;431.1;467.02;431.1;467.02;431.1;549.0;549.0;636.0;559.68;494.0;494.0
P8;2015-05-29;162;443.33;435.48;479.0;431.1;437.09;431.1;443.08;431.1;599.0;599.0;636.0;559.68;494.0;494.0
P8;2015-05-30;155;443.33;439.89;455.05;431.1;455.05;431.1;449.06;431.1;599.0;599.0;636.0;559.68;493.98;493.98
P8;2015-05-31;165;443.33;442.36;431.1;431.1;443.07;431.1;443.07;431.1;599.0;599.0;636.0;559.68;493.98;493.98
P8;2015-06-01;70;443.33;462.41;443.08;431.1;455.05;431.1;455.05;431.1;539.0;539.0;636.0;559.68;493.98;493.98
P8;2015-06-02;106;479.0;477.64;486.51;474.54;474.3;474.3;455.05;431.1;479.0;479.0;636.0;559.68;493.98;493.98
P8;2015-06-03;24;499.0;503.29;498.0;474.05;498.0;474.05;477.73;429.95;489.0;489.0;636.0;559.68;495.23;495.23
P8;2015-06-04;42;499.0;497.28;451.42;451.42;472.9;472.9;472.9;472.9;479.0;479.0;636.0;559.68;496.46;496.46
P8;2015-06-05;55;499.0;497.15;447.82;447.82;473.55;473.55;452.32;452.32;468.75;468.75;636.0;559.68;496.46;496.46
P8;2015-06-06;32;499.0;499.0;497.55;497.55;514.0;514.0;464.55;440.1;498.0;498.0;636.0;559.68;496.46;496.46
P8;2015-06-07;35;499.0;499.0;497.29;497.29;513.25;513.25;500.26;494.27;498.0;498.0;636.0;559.68;496.45;496.45
P8;2015-06-08;44;499.0;499.93;483.27;471.3;495.5;471.55;487.25;451.32;498.0;498.0;636.0;559.68;496.39;496.39
P8;2015-06-09;25;499.0;499.56;502.74;490.77;500.33;484.36;482.6;451.34;498.0;498.0;636.0;559.68;496.28;496.28
P8;2015-06-10;58;499.0;497.28;506.99;494.54;507.49;507.49;513.74;513.74;498.0;498.0;636.0;559.68;496.27;496.27
P8;2015-06-11;16;512.9;517.06;497.99;497.99;503.49;503.49;498.22;486.5;498.0;498.0;636.0;559.68;496.08;496.08
P8;2015-06-12;11;512.0;517.63;501.22;501.22;508.49;508.49;507.72;507.72;498.0;498.0;636.0;559.68;494.94;494.94
P8;2015-06-13;13;512.0;518.69;489.89;489.89;489.89;489.89;490.67;478.95;498.0;498.0;636.0;559.68;487.24;487.24
P8;2015-06-14;9;512.0;508.33;489.88;489.88;489.88;489.88;490.64;478.91;498.0;498.0;636.0;559.68;493.97;493.97
P8;2015-06-15;84;479.0;479.0;489.88;489.88;489.88;489.88;501.88;501.88;498.0;498.0;636.0;559.68;493.91;493.91
P8;2015-06-16;96;479.0;471.86;494.44;494.44;492.16;492.16;501.65;501.65;488.5;488.5;636.0;559.68;490.61;490.61
P8;2015-06-17;83;479.0;474.56;498.99;498.99;493.99;482.02;505.74;505.74;479.0;479.0;636.0;559.68;493.78;493.78
P8;2015-06-18;81;479.0;473.55;498.99;498.99;498.99;498.99;493.97;482.25;479.0;479.0;636.0;559.68;493.75;493.75
P8;2015-06-19;23;498.0;491.63;489.0;465.04;465.04;465.04;488.72;465.02;479.0;479.0;636.0;559.68;493.61;493.61
P8;2015-06-20;31;479.0;474.36;479.0;431.1;431.1;431.1;478.1;430.29;479.0;479.0;636.0;559.68;493.09;493.09
P8;2015-06-21;21;479.0;478.29;479.0;431.1;431.1;431.1;478.1;442.67;479.0;479.0;636.0;559.68;492.19;492.19
P8;2015-06-22;27;479.0;488.56;479.0;447.06;431.1;431.1;472.27;425.04;479.0;475.81;636.0;559.68;491.72;491.72
P8;2015-06-23;77;479.0;473.71;464.62;464.62;428.71;428.71;459.58;436.13;479.0;479.0;636.0;559.68;492.18;492.18
P8;2015-06-24;61;479.0;476.64;421.52;421.52;421.52;421.52;436.6;424.65;479.0;479.0;636.0;559.68;496.26;496.26
P8;2015-06-25;74;479.0;475.8;478.0;478.0;431.1;431.1;426.02;404.47;479.0;455.05;636.0;559.68;496.26;496.26
P8;2015-06-26;75;479.0;473.0;477.92;477.92;466.22;466.22;482.27;469.93;479.0;473.01;636.0;559.68;492.18;492.18
P8;2015-06-27;86;479.0;459.56;477.89;477.89;466.19;466.19;478.35;478.35;479.0;455.05;636.0;559.68;492.18;492.18
P8;2015-06-28;65;479.0;467.91;477.89;477.89;431.1;431.1;475.87;464.15;479.0;455.05;636.0;559.68;492.18;492.18
P8;2015-06-29;38;479.0;479.0;477.89;477.89;431.1;431.1;473.39;449.95;479.0;455.05;636.0;559.68;492.16;492.16
P8;2015-06-30;58;479.0;473.84;469.0;445.55;461.74;461.74;471.17;447.72;479.0;479.0;636.0;559.68;492.12;492.12
P8;2015-07-01;45;479.0;476.24;473.44;473.44;475.66;475.66;471.17;471.17;479.0;479.0;636.0;559.68;492.06;492.06
P8;2015-07-02;118;479.0;461.67;477.89;477.89;470.06;470.06;468.39;468.39;479.0;473.01;636.0;559.68;480.55;480.55
P8;2015-07-03;104;479.0;456.01;472.18;472.18;466.25;466.25;470.87;470.87;479.0;467.02;636.0;559.68;489.86;489.86
P8;2015-07-04;76;479.0;476.79;459.75;459.75;467.62;467.62;459.74;459.74;479.0;467.02;636.0;559.68;489.85;489.85
P8;2015-07-05;46;479.0;469.73;463.98;463.98;464.38;464.38;459.49;459.49;479.0;467.02;636.0;559.68;489.85;489.85
P8;2015-07-06;26;478.99;485.39;463.52;463.52;463.96;463.96;459.26;459.26;479.0;479.0;636.0;559.68;489.85;489.85
P8;2015-07-07;149;449.1;454.24;463.52;463.52;464.3;464.3;459.7;459.7;474.0;474.0;636.0;559.68;488.62;488.62
P8;2015-07-08;156;449.1;457.81;463.45;463.45;442.73;442.73;462.68;462.68;469.0;469.0;636.0;559.68;487.39;487.39
P8;2015-07-09;19;469.0;476.79;454.35;454.35;454.35;454.35;454.35;454.35;469.0;469.0;636.0;559.68;484.97;484.97
P8;2015-07-10;23;464.0;465.52;458.5;458.5;452.98;441.25;459.73;459.73;469.0;469.0;636.0;559.68;484.97;484.97
P8;2015-07-11;23;457.0;462.57;461.75;461.75;441.25;441.25;458.75;458.75;469.0;469.0;636.0;559.68;484.97;484.97
P8;2015-07-12;23;457.0;457.0;457.72;434.82;439.55;428.1;456.22;456.22;469.0;469.0;636.0;559.68;484.97;484.97
