Scripts/dataset/correlated_data_nmv.csv
PROD_ID;DATE;SALES_COUNT;MEDIAN_PRICE;MEAN_PRICE;C1_PRICE_1;C1_PRICE_2;C2_PRICE_1;C2_PRICE_2;C3_PRICE_1;C3_PRICE_2;C4_PRICE_1;C4_PRICE_2;C5_PRICE_1;C5_PRICE_2;C6_PRICE_1;C6_PRICE_2
P8;2015-07-13;65;449.0;452.78;456.39;456.39;455.47;443.5;452.42;452.42;469.0;469.0;636.0;559.68;469.0;469.0
P8;2015-07-14;68;449.9;455.92;448.0;448.0;441.5;441.5;448.0;448.0;474.0;474.0;636.0;559.68;464.02;464.02
P8;2015-07-15;44;449.9;455.11;448.0;448.0;441.5;441.5;448.0;448.0;469.0;469.0;636.0;559.68;469.0;469.0
P8;2015-07-16;34;449.0;455.02;448.0;448.0;448.0;448.0;439.58;439.58;469.0;469.0;636.0;559.68;469.0;469.0
P8;2015-07-17;45;446.0;455.31;445.94;423.7;446.5;446.5;446.49;446.49;469.0;469.0;636.0;559.68;469.0;469.0
P8;2015-07-18;35;444.0;453.4;439.79;417.91;442.95;420.75;436.76;436.76;469.0;469.0;636.0;559.68;469.0;469.0
P8;2015-07-19;35;443.95;454.02;439.79;417.91;442.0;442.0;433.3;433.3;469.0;469.0;636.0;559.68;469.0;469.0
P8;2015-07-20;68;443.95;453.47;442.0;442.0;439.27;439.27;439.61;439.61;469.0;469.0;636.0;559.68;469.0;469.0
P8;2015-07-21;58;445.55;454.91;438.46;438.46;438.46;438.46;437.97;437.97;469.0;469.0;636.0;559.68;469.0;469.0
P8;2015-07-22;51;445.55;453.56;438.46;438.46;437.25;437.25;437.97;437.97;469.0;469.0;636.0;559.68;469.0;469.0
P8;2015-07-23;50;445.55;443.94;440.5;440.5;440.5;440.5;432.5;432.5;469.0;469.0;636.0;559.68;464.23;464.23
P8;2015-07-24;48;439.9;442.32;438.51;432.52;428.5;428.5;427.89;427.89;479.0;479.0;636.0;559.68;449.9;449.9
P8;2015-07-25;31;439.0;436.76;427.5;427.5;427.5;427.5;422.23;422.23;479.0;467.02;636.0;559.68;449.9;449.9
P8;2015-07-26;32;438.0;435.36;436.32;430.63;436.32;430.63;421.58;421.58;479.0;467.02;636.0;559.68;449.9;449.9
P8;2015-07-27;84;438.0;442.26;437.0;437.0;437.0;437.0;430.92;430.92;469.45;469.45;636.0;559.68;449.9;449.9
P8;2015-07-28;65;436.99;437.95;447.95;436.48;442.47;442.47;431.24;431.24;459.9;459.9;636.0;559.68;449.9;449.9
P8;2015-07-29;235;426.55;421.31;427.0;427.0;427.0;427.0;416.13;416.13;459.9;459.9;636.0;559.68;449.9;449.9
P8;2015-07-30;390;426.55;415.09;424.45;403.36;422.68;417.23;422.69;422.69;459.9;459.9;636.0;559.68;449.9;449.9
P8;2015-07-31;286;426.55;425.0;421.9;379.71;424.8;424.8;420.88;420.88;459.9;459.9;636.0;559.68;439.9;439.9
P8;2015-08-01;61;425.0;430.92;423.35;402.25;424.8;424.8;405.07;405.07;459.9;459.9;636.0;559.68;439.9;439.9
P8;2015-08-02;36;425.0;440.89;424.8;424.8;424.8;424.8;415.55;415.55;459.9;459.9;636.0;559.68;439.9;439.9
P8;2015-08-03;38;449.0;448.77;424.8;424.8;424.8;424.8;418.98;418.98;459.9;459.9;636.0;559.68;439.9;439.9
P8;2015-08-04;42;449.9;456.64;434.0;434.0;434.0;434.0;421.31;421.31;459.9;459.9;636.0;559.68;439.9;439.9
P8;2015-08-05;70;449.0;450.37;416.35;395.02;415.25;415.25;428.45;428.45;459.9;459.9;636.0;559.68;429.9;429.9
P8;2015-08-06;145;449.0;447.75;433.0;433.0;428.0;428.0;428.0;428.0;459.9;459.9;636.0;559.68;429.9;429.9
P8;2015-08-07;108;449.0;446.02;448.0;448.0;448.0;448.0;448.0;448.0;459.9;459.9;636.0;559.68;429.9;429.9
P8;2015-08-08;17;436.99;446.45;448.0;448.0;448.0;448.0;446.25;446.25;459.9;459.9;636.0;559.68;429.9;429.9
P8;2015-08-09;30;449.9;452.64;448.0;448.0;448.0;448.0;426.35;426.35;459.9;459.9;636.0;559.68;429.9;429.9
P8;2015-08-10;39;449.9;455.5;448.0;448.0;448.0;448.0;445.75;445.75;459.9;459.9;636.0;559.68;436.57;436.57
P8;2015-08-11;27;449.0;454.11;448.0;448.0;448.0;448.0;445.25;445.25;459.9;459.9;636.0;559.68;449.9;449.9
P8;2015-08-12;36;449.0;447.59;448.0;448.0;448.0;448.0;445.0;445.0;459.9;459.9;636.0;559.68;449.9;449.9
P8;2015-08-13;12;449.0;453.17;444.5;433.65;444.5;433.65;441.0;441.0;459.9;459.9;636.0;559.68;449.9;449.9
P8;2015-08-14;18;449.0;454.56;448.0;448.0;448.0;448.0;426.48;426.48;459.9;459.9;636.0;559.68;442.63;442.63
P8;2015-08-15;18;449.0;451.78;448.0;448.0;448.0;448.0;444.5;444.5;459.9;436.9;636.0;559.68;439.0;439.0
P8;2015-08-16;17;449.0;454.88;448.0;448.0;448.0;448.0;442.75;442.75;459.9;436.9;636.0;559.68;439.0;439.0
P8;2015-08-17;24;449.0;453.17;448.0;448.0;448.0;448.0;441.0;441.0;459.9;459.9;636.0;559.68;439.0;439.0
P8;2015-08-18;695;379.0;371.32;448.0;448.0;448.0;448.0;440.5;440.5;459.9;436.9;636.0;559.68;439.0;439.0
P8;2015-08-19;1812;379.0;372.1;415.5;395.55;432.5;410.86;432.5;421.68;459.9;459.9;636.0;559.68;439.0;439.0
P8;2015-08-20;1092;379.0;376.84;432.0;432.0;432.0;432.0;432.0;432.0;459.9;459.9;636.0;559.68;439.0;439.0
P8;2015-08-21;1547;379.0;376.38;432.0;432.0;432.0;432.0;432.0;432.0;459.9;459.9;636.0;559.68;439.0;439.0
P8;2015-08-22;60;449.1;447.9;432.0;432.0;432.0;432.0;432.0;432.0;479.0;455.05;636.0;559.68;439.0;439.0
P8;2015-08-23;58;449.1;443.58;432.0;432.0;432.0;432.0;432.0;432.0;479.0;455.05;636.0;559.68;439.0;439.0
P8;2015-08-24;43;449.1;452.66;432.0;432.0;432.0;432.0;432.0;432.0;479.0;479.0;636.0;559.68;439.0;439.0
P8;2015-08-25;36;449.1;444.74;432.0;432.0;432.0;432.0;432.0;432.0;479.0;479.0;636.0;559.68;439.0;439.0
P8;2015-08-26;42;434.99;429.17;432.0;432.0;431.5;431.5;432.0;432.0;479.0;479.0;636.0;559.68;439.0;439.0
P8;2015-08-27;142;399.0;401.24;399.9;399.9;399.9;399.9;399.9;399.9;479.0;479.0;636.0;559.68;439.0;439.0
P8;2015-08-28;92;399.0;399.4;399.9;399.9;399.9;399.9;399.9;399.9;479.0;479.0;636.0;559.68;439.0;439.0
P8;2015-08-29;80;397.99;401.96;399.9;399.9;399.9;399.9;399.9;399.9;479.0;455.05;636.0;559.68;439.0;439.0
P8;2015-08-30;102;398.0;399.89;399.9;399.9;399.9;399.9;399.9;399.9;479.0;455.05;636.0;559.68;439.0;439.0
P8;2015-08-31;444;379.0;374.13;415.94;394.34;415.45;393.9;415.99;394.38;479.0;455.05;636.0;559.68;441.5;441.5
P8;2015-09-01;1002;379.0;375.87;431.5;431.5;431.0;431.0;432.07;410.41;479.0;479.0;636.0;559.68;439.0;439.0
P8;2015-09-02;995;379.0;370.82;442.2;440.5;432.19;421.42;433.0;411.36;479.0;479.0;636.0;559.68;449.0;449.0
P8;2015-09-03;77;439.0;450.06;439.45;439.45;431.46;409.8;430.68;419.85;479.0;479.0;636.0;559.68;449.0;449.0
P8;2015-09-04;37;439.0;442.39;429.9;429.9;429.9;429.9;429.9;429.9;469.3;469.3;636.0;559.68;449.0;449.0
P8;2015-09-05;39;439.0;445.03;429.9;429.9;429.9;429.9;430.71;425.29;449.91;449.91;636.0;559.68;449.0;449.0
P8;2015-09-06;32;439.0;438.54;429.9;429.9;429.9;429.9;431.52;420.69;449.91;449.91;636.0;559.68;449.0;449.0
P8;2015-09-07;45;439.0;441.67;429.9;429.9;429.9;429.9;431.52;420.69;449.91;449.91;636.0;559.68;449.0;449.0
P8;2015-09-08;56;439.0;441.16;429.9;429.9;429.9;429.9;431.52;420.69;449.91;449.91;636.0;559.68;449.0;449.0
P8;2015-09-09;63;439.0;441.59;429.9;429.9;429.9;429.9;431.52;420.69;449.91;449.91;636.0;559.68;449.0;449.0
P8;2015-09-10;52;439.0;441.48;438.9;438.9;438.9;438.9;436.98;429.76;449.9;449.9;636.0;559.68;449.0;449.0
P8;2015-09-11;48;439.0;439.73;438.9;438.9;438.9;438.9;443.7;443.7;449.9;449.9;636.0;559.68;449.0;449.0
P8;2015-09-12;53;439.0;442.78;438.9;438.9;438.9;438.9;444.97;444.97;449.9;449.9;636.0;559.68;449.0;449.0
P8;2015-09-13;46;439.0;440.52;438.9;438.9;438.9;438.9;443.45;443.45;449.9;449.9;636.0;559.68;449.0;449.0
P8;2015-09-14;52;439.0;432.5;435.45;435.45;435.45;435.45;443.45;443.45;449.9;449.9;636.0;559.68;442.0;442.0
P8;2015-09-15;837;379.0;378.86;437.42;437.42;435.95;430.54;439.97;432.75;449.9;449.9;636.0;559.68;428.0;428.0
P8;2015-09-16;876;379.0;378.29;433.0;433.0;433.0;433.0;440.5;440.5;449.9;449.9;636.0;559.68;428.0;428.0
P8;2015-09-17;221;379.0;389.97;433.0;433.0;433.0;433.0;440.5;440.5;449.9;449.9;636.0;559.68;428.0;428.0
P8;2015-09-18;669;379.0;378.14;433.0;433.0;433.0;433.0;440.5;440.5;445.91;445.91;636.0;559.68;428.0;428.0
P8;2015-09-19;339;379.0;380.22;433.0;433.0;433.0;433.0;438.0;438.0;441.92;441.92;636.0;559.68;428.0;428.0
P8;2015-09-20;763;379.0;378.49;433.0;433.0;433.0;433.0;440.5;440.5;441.92;441.92;636.0;559.68;428.0;428.0
P8;2015-09-21;130;399.99;402.05;433.0;433.0;413.19;413.19;416.19;416.19;441.92;441.92;636.0;559.68;411.19;411.19
P8;2015-09-22;236;399.0;399.5;432.99;432.99;424.74;424.74;436.5;436.5;441.92;441.92;636.0;559.68;439.99;439.99
P8;2015-09-23;466;399.0;395.79;432.99;432.99;433.5;422.6;430.74;430.74;441.92;441.92;636.0;559.68;439.99;439.99
P8;2015-09-24;273;394.0;388.44;399.45;379.5;399.45;389.48;409.29;402.64;441.92;441.92;636.0;559.68;439.99;439.99
P8;2015-09-25;163;399.99;399.63;399.9;399.9;399.9;399.9;399.9;399.9;441.92;441.92;636.0;559.68;439.99;439.99
P8;2015-09-26;93;397.99;399.0;399.9;399.9;399.9;399.9;399.9;399.9;441.92;441.92;636.0;559.68;439.99;439.99
P8;2015-09-27;100;397.66;398.42;NA;NA;NA;NA;NA;NA;NA;NA;NA;NA;NA;NA
P8;2015-09-28;402;379.0;378.17;399.77;399.77;408.08;402.67;398.55;398.55;441.92;441.92;636.0;559.68;399.99;399.99
P8;2015-09-29;741;379.0;378.54;399.63;399.63;399.49;399.49;398.25;398.25;441.92;441.92;636.0;559.68;399.99;399.99
P8;2015-09-30;651;379.0;379.05;398.64;398.64;398.73;398.73;396.47;396.47;441.92;441.92;636.0;559.68;399.99;399.99
P8;2015-10-01;138;395.0;408.23;397.95;397.95;397.94;397.94;395.94;395.94;441.92;441.92;636.0;559.68;399.99;399.99
P8;2015-10-02;114;428.0;418.48;418.0;418.0;418.0;418.0;414.73;414.73;441.92;441.92;636.0;559.68;412.49;412.49
P8;2015-10-03;220;395.0;389.71;432.0;432.0;432.0;432.0;429.73;429.73;441.92;441.92;636.0;559.68;449.99;449.99
P8;2015-10-04;119;399.0;395.43;424.92;424.92;424.93;424.93;424.93;424.93;441.92;441.92;636.0;559.68;449.99;449.99
P8;2015-10-05;367;399.0;397.89;418.25;418.25;418.49;418.49;418.25;418.25;441.92;441.92;636.0;559.68;449.99;449.99
P8;2015-10-06;189;399.0;412.55;415.93;415.93;415.95;415.95;416.2;416.2;441.92;441.92;636.0;559.68;449.99;449.99
P8;2015-10-07;393;394.9;395.45;399.5;399.5;403.0;403.0;402.99;402.99;449.9;449.9;636.0;559.68;399.99;399.99
P8;2015-10-08;755;394.9;391.84;399.98;399.98;399.99;399.99;399.99;399.99;449.9;449.9;636.0;559.68;399.99;399.99
P8;2015-10-09;505;394.9;390.96;395.89;395.89;395.9;395.9;395.9;395.9;449.9;449.9;636.0;559.68;399.99;399.99
P8;2015-10-10;252;389.9;391.64;395.84;395.84;395.84;395.84;395.84;395.84;449.9;449.9;636.0;559.68;399.99;399.99
P8;2015-10-11;179;388.89;391.14;395.82;395.82;395.82;395.82;395.82;395.82;449.9;449.9;636.0;559.68;399.99;399.99
P8;2015-10-12;259;388.66;390.5;395.77;395.77;395.77;395.77;395.77;395.77;449.9;449.9;636.0;559.68;399.99;399.99
P8;2015-10-13;560;379.0;380.3;393.75;393.75;393.74;393.74;393.5;393.5;449.9;449.9;636.0;559.68;399.99;399.99
P8;2015-10-14;915;379.0;378.21;393.64;393.64;395.97;395.97;397.66;397.66;449.9;449.9;636.0;559.68;399.99;399.99
P9;2015-03-19;1;539.1;539.1;NA;NA;NA;NA;NA;NA;NA;NA;NA;NA;NA;NA
P9;2015-03-20;18;539.1;561.53;NA;NA;NA;NA;NA;NA;NA;NA;NA;NA;NA;NA
P9;2015-03-21;7;599.0;594.72;NA;NA;NA;NA;NA;NA;NA;NA;NA;NA;NA;NA
P9;2015-03-22;6;599.0;599.0;NA;NA;NA;NA;NA;NA;NA;NA;NA;NA;NA;NA
P9;2015-03-23;7;569.05;581.89;NA;NA;NA;NA;NA;NA;NA;NA;NA;NA;NA;NA
P9;2015-03-24;31;539.1;552.24;NA;NA;NA;NA;NA;NA;NA;NA;NA;NA;NA;NA
P9;2015-03-25;40;539.1;543.59;NA;NA;NA;NA;NA;NA;NA;NA;NA;NA;NA;NA
P9;2015-03-26;1;599.0;599.0;NA;NA;NA;NA;NA;NA;NA;NA;NA;NA;NA;NA
P9;2015-03-27;6;599.0;599.0;NA;NA;NA;NA;NA;NA;NA;NA;NA;NA;NA;NA
P9;2015-03-28;6;599.0;599.0;NA;NA;NA;NA;NA;NA;NA;NA;NA;NA;NA;NA
P9;2015-03-29;4;599.0;599.0;NA;NA;NA;NA;NA;NA;NA;NA;NA;NA;NA;NA
P9;2015-03-30;11;545.09;564.64;NA;NA;NA;NA;NA;NA;NA;NA;NA;NA;NA;NA
P9;2015-03-31;3;599.0;599.0;NA;NA;NA;NA;NA;NA;NA;NA;NA;NA;NA;NA
P9;2015-04-01;5;569.05;541.49;NA;NA;NA;NA;NA;NA;NA;NA;NA;NA;NA;NA
P9;2015-04-02;23;431.39;444.29;NA;NA;NA;NA;NA;NA;NA;NA;NA;NA;NA;NA
P9;2015-04-03;64;499.0;491.24;NA;NA;NA;NA;NA;NA;NA;NA;NA;NA;NA;NA
P9;2015-04-04;33;499.0;492.95;NA;NA;NA;NA;NA;NA;NA;NA;NA;NA;NA;NA
P9;2015-04-05;20;499.0;496.5;NA;NA;NA;NA;NA;NA;NA;NA;NA;NA;NA;NA
P9;2015-04-06;5;469.0;547.0;NA;NA;NA;NA;NA;NA;NA;NA;NA;NA;NA;NA
P9;2015-04-07;2;539.1;569.05;NA;NA;NA;NA;NA;NA;NA;NA;NA;NA;NA;NA
P9;2015-04-08;2;599.0;599.0;NA;NA;NA;NA;NA;NA;NA;NA;NA;NA;NA;NA
P9;2015-04-09;4;599.0;599.0;NA;NA;NA;NA;NA;NA;NA;NA;NA;NA;NA;NA
P9;2015-04-10;5;569.05;581.03;NA;NA;NA;NA;NA;NA;NA;NA;NA;NA;NA;NA
P9;2015-04-11;16;479.0;499.91;NA;NA;NA;NA;NA;NA;NA;NA;NA;NA;NA;NA
P9;2015-04-12;5;479.0;498.69;NA;NA;NA;NA;NA;NA;NA;NA;NA;NA;NA;NA
P9;2015-04-13;46;479.0;484.23;NA;NA;NA;NA;NA;NA;NA;NA;NA;NA;NA;NA
P9;2015-04-14;65;479.0;487.41;NA;NA;NA;NA;NA;NA;NA;NA;NA;NA;NA;NA
P9;2015-04-15;63;479.0;479.29;NA;NA;NA;NA;NA;NA;NA;NA;NA;NA;NA;NA
P9;2015-04-16;61;499.0;498.79;NA;NA;NA;NA;NA;NA;NA;NA;NA;NA;NA;NA
P9;2015-04-17;29;499.0;495.86;NA;NA;NA;NA;NA;NA;NA;NA;NA;NA;NA;NA
P9;2015-04-18;25;499.0;483.12;NA;NA;NA;NA;NA;NA;NA;NA;NA;NA;NA;NA
P9;2015-04-19;18;499.0;496.65;NA;NA;NA;NA;NA;NA;NA;NA;NA;NA;NA;NA
P9;2015-04-20;23;499.0;503.95;NA;NA;NA;NA;NA;NA;NA;NA;NA;NA;NA;NA
P9;2015-04-21;24;493.99;491.71;NA;NA;NA;NA;NA;NA;NA;NA;NA;NA;NA;NA
P9;2015-04-22;10;499.0;504.68;NA;NA;NA;NA;NA;NA;NA;NA;NA;NA;NA;NA
P9;2015-04-23;19;499.0;501.29;NA;NA;NA;NA;NA;NA;NA;NA;NA;NA;NA;NA
P9;2015-04-24;10;499.0;496.21;NA;NA;NA;NA;NA;NA;NA;NA;NA;NA;NA;NA
P9;2015-04-25;10;499.0;499.5;NA;NA;NA;NA;NA;NA;NA;NA;NA;NA;NA;NA
P9;2015-04-26;16;499.0;503.81;NA;NA;NA;NA;NA;NA;NA;NA;NA;NA;NA;NA
P9;2015-04-27;21;499.0;504.26;NA;NA;NA;NA;NA;NA;NA;NA;NA;NA;NA;NA
P9;2015-04-28;20;499.0;514.48;NA;NA;NA;NA;NA;NA;NA;NA;NA;NA;NA;NA
P9;2015-04-29;6;538.0;538.0;NA;NA;NA;NA;NA;NA;NA;NA;NA;NA;NA;NA
P9;2015-04-30;13;499.0;516.39;NA;NA;NA;NA;NA;NA;NA;NA;NA;NA;NA;NA
P9;2015-05-01;6;538.0;535.17;NA;NA;NA;NA;NA;NA;NA;NA;NA;NA;NA;NA
P9;2015-05-02;9;538.0;538.0;NA;NA;NA;NA;NA;NA;NA;NA;NA;NA;NA;NA
P9;2015-05-03;10;538.0;550.2;NA;NA;NA;NA;NA;NA;NA;NA;NA;NA;NA;NA
P9;2015-05-04;30;499.0;505.5;529.9;529.9;529.9;529.9;529.9;529.9;NA;NA;599.0;527.12;537.0;537.0
P9;2015-05-05;37;499.0;511.29;528.98;528.98;529.42;529.42;529.0;529.0;NA;NA;599.0;527.12;536.5;536.5
P9;2015-05-06;22;499.0;512.78;528.0;528.0;528.0;528.0;527.67;527.67;NA;NA;599.0;527.12;533.3;533.3
P9;2015-05-07;63;499.0;497.02;527.0;527.0;526.75;526.75;527.0;527.0;NA;NA;599.0;527.12;513.95;513.95
P9;2015-05-08;21;499.0;515.78;526.0;526.0;526.0;526.0;525.99;525.99;NA;NA;599.0;527.12;527.0;527.0
P9;2015-05-09;34;499.0;504.22;498.21;479.5;503.21;484.5;516.2;503.72;NA;NA;599.0;527.12;526.0;526.0
P9;2015-05-10;38;499.0;505.65;522.39;522.39;522.39;522.39;519.89;519.89;NA;NA;599.0;527.12;526.0;526.0
P9;2015-05-11;18;538.0;538.15;522.39;522.39;523.64;523.64;519.89;519.89;NA;NA;599.0;527.12;526.0;526.0
P9;2015-05-12;43;479.0;493.4;519.87;519.87;519.88;519.88;519.87;519.87;NA;NA;599.0;527.12;525.74;525.74
P9;2015-05-13;106;479.0;474.96;518.99;518.99;519.0;519.0;517.97;517.97;NA;NA;599.0;527.12;498.98;498.98
P9;2015-05-14;331;455.05;461.82;514.67;514.67;514.44;514.44;513.64;513.64;499.0;499.0;636.0;559.68;498.0;498.0
P9;2015-05-15;185;455.05;458.74;491.47;491.47;477.26;477.26;483.5;465.54;499.0;499.0;617.5;543.4;496.5;496.5
P9;2015-05-16;144;455.05;461.18;478.0;478.0;478.0;478.0;478.0;478.0;499.0;499.0;599.0;527.12;496.0;496.0
P9;2015-05-17;102;455.05;459.77;478.0;478.0;478.0;478.0;454.55;454.55;499.0;499.0;599.0;527.12;496.0;496.0
P9;2015-05-18;44;478.0;473.0;478.0;478.0;478.0;478.0;468.21;465.82;499.0;499.0;599.0;525.62;495.99;495.99
P9;2015-05-19;19;499.0;501.81;470.77;470.77;478.0;478.0;461.05;461.05;499.0;499.0;599.0;521.13;495.96;495.96
P9;2015-05-20;45;476.67;496.71;474.05;461.57;471.55;459.08;471.55;459.08;499.0;499.0;599.0;521.13;495.0;495.0
P9;2015-05-21;18;498.0;498.72;450.26;426.31;450.26;426.31;450.26;426.31;499.0;499.0;599.0;521.13;495.0;495.0
P9;2015-05-22;14;499.0;505.21;452.65;428.71;452.65;428.71;452.65;428.71;499.0;499.0;599.0;521.13;494.0;494.0
P9;2015-05-23;11;474.05;487.95;443.08;431.1;443.08;431.1;455.05;431.1;499.0;499.0;599.0;521.13;494.0;494.0
P9;2015-05-24;29;474.04;465.94;431.1;431.1;431.1;431.1;443.08;431.1;499.0;499.0;599.0;521.13;494.0;494.0
P9;2015-05-25;64;469.0;466.77;479.0;455.05;477.25;477.25;499.0;499.0;499.0;499.0;599.0;521.13;494.0;494.0
P9;2015-05-26;154;443.33;435.04;443.08;420.32;431.1;431.1;420.32;420.32;499.0;499.0;599.0;521.13;494.0;494.0
P9;2015-05-27;201;443.33;432.19;432.3;426.31;455.05;431.1;489.0;453.08;499.0;499.0;599.0;521.13;494.0;494.0
P9;2015-05-28;164;443.33;429.15;479.0;431.1;467.02;431.1;467.02;431.1;499.0;499.0;599.0;521.13;494.0;494.0
P9;2015-05-29;95;443.33;440.06;479.0;431.1;431.1;431.1;449.06;431.1;499.0;499.0;599.0;521.13;494.0;494.0
P9;2015-05-30;108;443.33;439.99;455.05;431.1;455.05;431.1;449.06;431.1;499.0;499.0;599.0;521.13;493.99;493.99
P9;2015-05-31;86;443.33;442.23;431.1;431.1;443.07;431.1;443.07;431.1;499.0;499.0;599.0;521.13;493.98;493.98
P9;2015-06-01;65;442.33;449.27;443.08;431.1;455.05;431.1;449.06;431.1;499.0;499.0;599.0;521.13;493.98;493.98
P9;2015-06-02;81;479.0;478.11;464.8;452.82;464.8;452.82;455.05;431.1;499.0;499.0;599.0;521.13;493.98;493.98
P9;2015-06-03;17;499.0;506.29;487.22;451.43;481.3;451.43;477.73;429.95;499.0;499.0;599.0;521.13;493.96;493.96
P9;2015-06-04;19;499.0;499.0;428.8;428.8;472.9;472.9;428.8;428.8;499.0;499.0;599.0;521.13;493.93;493.93
P9;2015-06-05;24;499.0;495.88;446.68;446.68;446.68;446.68;431.1;431.1;499.0;499.0;599.0;521.13;493.93;493.93
P9;2015-06-06;13;499.0;499.0;466.9;466.9;466.9;466.9;455.05;431.1;499.0;499.0;599.0;521.13;493.93;493.93
P9;2015-06-07;25;499.0;497.0;456.1;456.1;472.3;472.3;487.02;475.05;499.0;499.0;599.0;521.13;493.91;493.91
P9;2015-06-08;41;499.0;499.0;485.27;473.3;497.25;473.3;473.01;431.1;499.0;499.0;599.0;521.13;493.87;493.87
P9;2015-06-09;13;499.0;493.17;487.0;451.07;487.0;451.07;468.9;422.01;499.0;499.0;599.0;521.13;493.79;493.79
P9;2015-06-10;25;499.0;497.0;510.75;498.3;491.75;467.79;517.5;517.5;499.0;499.0;599.0;521.13;493.78;493.78
P9;2015-06-11;6;523.0;523.32;497.99;486.02;500.74;488.77;492.94;469.5;499.0;499.0;599.0;521.13;493.78;493.78
P9;2015-06-12;6;523.0;523.0;486.47;462.52;493.75;469.79;503.72;492.0;499.0;499.0;599.0;521.13;492.89;492.89
P9;2015-06-13;2;523.0;523.0;493.19;481.21;493.19;481.21;491.44;468.0;499.0;499.0;599.0;521.13;491.98;491.98
P9;2015-06-14;6;479.0;501.0;493.16;481.19;493.16;481.19;502.64;490.92;499.0;499.0;499.0;434.13;491.96;491.96
P9;2015-06-15;61;479.0;477.98;501.88;501.88;501.88;501.88;513.89;513.89;499.0;499.0;549.0;477.63;491.9;491.9
P9;2015-06-16;46;479.0;473.48;503.93;503.93;501.66;501.66;513.43;513.43;499.0;499.0;574.0;499.38;485.39;485.39
