Scripts/dataset/correlated_data_nmv.csv
PROD_ID;DATE;SALES_COUNT;MEDIAN_PRICE;MEAN_PRICE;C1_PRICE_1;C1_PRICE_2;C2_PRICE_1;C2_PRICE_2;C3_PRICE_1;C3_PRICE_2;C4_PRICE_1;C4_PRICE_2;C5_PRICE_1;C5_PRICE_2;C6_PRICE_1;C6_PRICE_2
P9;2015-06-17;43;479.0;477.33;505.49;505.49;505.74;505.74;512.24;512.24;499.0;499.0;576.5;501.55;491.78;491.78
P9;2015-06-18;34;479.0;477.17;496.72;484.75;496.47;484.5;489.45;466.0;499.0;499.0;554.0;481.98;491.74;491.74
P9;2015-06-19;8;479.0;488.5;483.95;448.03;471.97;448.03;478.67;443.51;499.0;499.0;554.0;481.98;491.61;491.61
P9;2015-06-20;5;479.0;486.6;478.95;431.06;455.0;431.06;468.9;422.01;499.0;499.0;549.0;477.63;491.38;491.38
P9;2015-06-21;5;479.0;479.0;478.95;431.06;455.0;431.06;468.9;422.01;499.0;499.0;549.0;477.63;490.79;490.79
P9;2015-06-22;6;498.0;491.67;478.96;447.03;447.03;431.07;468.9;422.01;499.0;499.0;532.33;463.13;490.79;490.79
P9;2015-06-23;4;498.0;509.77;462.1;438.41;450.13;426.43;468.9;422.01;499.0;499.0;565.67;492.13;490.78;490.78
P9;2015-06-24;6;478.0;493.48;435.84;423.87;435.84;423.87;445.26;421.37;499.0;499.0;549.0;477.63;490.78;490.78
P9;2015-06-25;4;489.0;516.5;478.45;454.5;462.97;431.04;437.73;414.98;499.0;499.0;549.0;477.63;490.78;490.78
P9;2015-06-26;2;489.0;489.0;478.37;478.37;466.67;454.7;478.8;478.8;499.0;499.0;554.0;481.98;490.78;490.78
P9;2015-06-27;1;539.0;539.0;478.34;478.34;478.34;478.34;478.8;478.8;499.0;499.0;554.0;481.98;490.78;490.78
P9;2015-06-28;2;539.0;539.0;478.34;478.34;454.95;454.95;473.85;450.41;499.0;499.0;554.0;481.98;490.78;490.78
P9;2015-06-29;1;539.0;539.0;475.87;464.15;452.48;440.75;468.9;422.01;499.0;499.0;554.0;481.98;490.76;490.76
P9;2015-06-30;4;489.0;514.0;471.42;447.97;461.95;450.22;468.9;422.01;499.0;499.0;554.0;481.98;490.71;490.71
P9;2015-07-01;10;487.9;504.73;471.39;471.39;473.62;473.62;463.04;463.04;499.0;499.0;554.0;481.98;490.65;490.65
P9;2015-07-02;12;487.9;487.9;470.05;470.05;473.89;473.89;458.9;458.9;499.0;499.0;554.0;481.98;469.44;469.44
P9;2015-07-03;9;487.0;487.89;478.34;478.34;466.92;466.92;463.84;463.84;499.0;499.0;551.5;479.81;489.86;489.86
P9;2015-07-04;5;487.99;488.39;457.38;457.38;462.86;462.86;455.01;455.01;499.0;499.0;549.0;477.63;489.84;489.84
P9;2015-07-05;8;487.0;487.12;459.49;459.49;459.69;459.69;455.0;455.0;499.0;499.0;549.0;477.63;489.84;489.84
P9;2015-07-06;8;486.98;486.98;459.25;459.25;459.48;459.48;455.0;455.0;499.0;499.0;549.0;477.63;489.84;489.84
P9;2015-07-07;5;478.99;478.79;462.74;451.01;459.7;459.7;455.0;455.0;499.0;499.0;549.0;499.59;487.41;487.41
P9;2015-07-08;7;486.98;496.14;466.16;466.16;445.44;445.44;461.89;461.89;499.0;499.0;549.0;521.55;484.97;484.97
P9;2015-07-09;27;469.0;471.03;457.14;457.14;457.14;457.14;454.36;454.36;499.0;499.0;559.0;531.05;484.97;484.97
P9;2015-07-10;20;464.0;464.6;459.5;459.5;452.5;452.5;459.73;459.73;499.0;499.0;549.0;521.55;484.97;484.97
P9;2015-07-11;16;457.0;458.11;458.47;447.25;437.98;426.75;457.0;457.0;499.0;499.0;549.0;521.55;484.97;484.97
P9;2015-07-12;8;457.0;457.0;453.45;419.56;435.27;412.83;454.99;454.99;499.0;499.0;549.0;521.55;484.97;484.97
P9;2015-07-13;18;449.9;449.9;452.64;430.2;446.2;423.75;451.94;451.94;499.0;499.0;549.0;521.55;469.0;469.0
P9;2015-07-14;21;449.9;449.6;448.0;448.0;441.5;441.5;448.0;448.0;499.0;499.0;549.0;521.55;459.05;459.05
P9;2015-07-15;34;449.0;449.03;448.0;436.8;441.5;441.5;448.0;448.0;499.0;499.0;549.0;483.12;469.0;469.0
P9;2015-07-16;21;448.89;448.88;448.0;418.13;448.0;448.0;439.59;439.59;499.0;499.0;565.67;497.79;469.0;469.0
P9;2015-07-17;13;445.99;461.85;446.49;446.49;445.94;423.7;446.49;446.49;499.0;499.0;599.0;527.12;469.0;469.0
P9;2015-07-18;11;444.0;444.0;435.66;424.72;437.71;415.52;431.53;431.53;499.0;499.0;599.0;527.12;469.0;469.0
P9;2015-07-19;13;443.93;443.93;436.76;436.76;436.76;436.76;431.53;431.53;499.0;499.0;599.0;527.12;469.0;469.0
P9;2015-07-20;10;443.0;443.46;439.38;439.38;436.66;436.66;436.97;436.97;499.0;499.0;599.0;527.12;469.0;469.0
P9;2015-07-21;19;442.98;442.62;437.97;437.97;437.97;437.97;437.47;437.47;499.0;499.0;549.0;483.12;469.0;469.0
P9;2015-07-22;34;442.0;442.0;444.85;444.85;436.13;436.13;438.58;438.58;499.0;499.0;549.0;483.12;469.0;469.0
P9;2015-07-23;20;442.0;441.75;452.75;452.75;452.75;452.75;435.67;435.67;499.0;499.0;549.0;483.12;464.23;464.23
P9;2015-07-24;22;439.9;439.96;441.76;435.77;438.0;438.0;433.05;433.05;499.0;499.0;549.0;483.12;449.9;449.9
P9;2015-07-25;24;439.0;440.92;427.5;427.5;427.5;427.5;422.23;422.23;499.0;499.0;549.0;483.12;449.9;449.9
P9;2015-07-26;14;439.0;439.0;436.32;430.63;436.32;430.63;421.58;421.58;499.0;499.0;549.0;483.12;449.9;449.9
P9;2015-07-27;45;417.81;423.57;437.0;437.0;437.0;437.0;430.94;430.94;499.0;499.0;549.0;483.12;449.9;449.9
P9;2015-07-28;26;439.0;438.49;447.95;425.0;442.48;431.0;431.51;431.51;499.0;499.0;549.0;483.12;449.9;449.9
P9;2015-07-29;18;439.0;449.85;424.5;424.5;424.5;424.5;413.63;413.63;499.0;499.0;549.0;483.12;449.9;449.9
P9;2015-07-30;10;439.0;439.0;423.23;412.68;420.73;415.28;420.74;420.74;499.0;499.0;549.0;483.12;449.9;449.9
P9;2015-07-31;4;439.0;438.88;423.92;402.83;425.38;425.38;421.46;421.46;499.0;499.0;549.0;483.12;439.9;439.9
P9;2015-08-01;10;435.0;435.0;426.63;416.08;427.35;427.35;407.63;407.63;499.0;499.0;549.0;483.12;439.9;439.9
P9;2015-08-02;20;435.0;435.0;427.35;427.35;427.35;427.35;418.1;418.1;499.0;499.0;549.0;483.12;439.9;439.9
P9;2015-08-03;23;435.0;435.0;427.35;427.35;427.35;427.35;421.53;421.53;499.0;499.0;549.0;483.12;439.9;439.9
P9;2015-08-04;37;435.0;435.0;431.95;431.95;431.95;431.95;421.53;421.53;499.0;499.0;549.0;483.12;439.9;439.9
P9;2015-08-05;27;434.0;434.22;416.35;395.02;414.23;414.23;428.45;428.45;499.0;499.0;549.0;483.12;429.9;429.9
P9;2015-08-06;29;434.0;434.0;433.0;433.0;428.0;428.0;433.0;433.0;499.0;499.0;549.0;483.12;429.9;429.9
P9;2015-08-07;46;431.67;431.44;448.0;448.0;448.0;448.0;447.99;447.99;499.0;499.0;549.0;483.12;429.9;429.9
P9;2015-08-08;242;431.67;429.92;446.25;446.25;446.25;446.25;444.5;444.5;499.0;499.0;549.0;483.12;429.9;429.9
P9;2015-08-09;141;431.67;431.69;446.0;446.0;442.47;431.73;420.83;420.83;499.0;499.0;549.0;483.12;429.9;429.9
P9;2015-08-10;158;431.67;430.46;445.75;445.75;445.75;445.75;443.5;443.5;499.0;499.0;549.0;483.12;439.9;439.9
P9;2015-08-11;114;431.67;428.79;445.25;445.25;445.25;445.25;442.5;442.5;499.0;499.0;549.0;483.12;449.9;449.9
P9;2015-08-12;42;434.0;432.14;444.75;444.75;444.75;444.75;441.74;441.74;499.0;499.0;549.0;483.12;449.9;449.9
P9;2015-08-13;34;434.0;433.59;442.75;431.9;442.75;431.9;439.25;439.25;499.0;499.0;549.0;483.12;449.9;449.9
P9;2015-08-14;62;434.0;434.0;444.5;444.5;444.5;444.5;421.23;421.23;499.0;499.0;549.0;483.12;444.45;444.45
P9;2015-08-15;42;434.0;432.81;444.5;444.5;444.5;444.5;441.0;441.0;499.0;499.0;549.0;483.12;439.0;439.0
P9;2015-08-16;47;434.0;433.03;444.5;444.5;444.5;444.5;437.5;437.5;499.0;499.0;549.0;483.12;439.0;439.0
P9;2015-08-17;131;431.67;431.26;442.5;442.5;442.53;431.71;433.78;422.96;499.0;499.0;549.0;483.12;439.0;439.0
P9;2015-08-18;759;379.0;373.42;440.0;429.23;440.0;429.23;432.5;421.73;499.0;499.0;549.0;483.12;439.0;439.0
P9;2015-08-19;960;379.0;372.08;415.5;395.55;432.5;421.68;432.5;432.5;499.0;499.0;549.0;466.65;439.0;439.0
P9;2015-08-20;722;379.0;376.54;432.0;432.0;432.0;432.0;432.0;432.0;499.0;499.0;549.0;474.88;439.0;439.0
P9;2015-08-21;901;379.0;377.14;432.0;432.0;432.0;432.0;432.0;432.0;499.0;499.0;549.0;483.12;439.0;439.0
P9;2015-08-22;58;434.0;437.32;432.0;432.0;432.0;432.0;432.0;432.0;499.0;499.0;549.0;483.12;439.0;439.0
P9;2015-08-23;35;433.0;436.43;432.0;432.0;432.0;432.0;432.0;432.0;499.0;499.0;549.0;483.12;439.0;439.0
P9;2015-08-24;224;404.1;407.32;432.0;432.0;432.0;432.0;432.0;432.0;499.0;499.0;549.0;483.12;439.0;439.0
P9;2015-08-25;212;404.1;406.34;432.0;432.0;432.0;432.0;432.0;432.0;499.0;499.0;549.0;483.12;439.0;439.0
P9;2015-08-26;55;404.1;417.43;432.0;432.0;431.5;431.5;432.0;432.0;499.0;499.0;549.0;483.12;439.0;439.0
P9;2015-08-27;107;399.0;403.83;399.9;399.9;399.9;399.9;399.9;399.9;499.0;499.0;549.0;483.12;439.0;439.0
P9;2015-08-28;71;399.0;402.74;399.9;399.9;399.9;399.9;399.9;399.9;499.0;499.0;549.0;483.12;439.0;439.0
P9;2015-08-29;91;399.0;401.2;399.9;399.9;399.9;399.9;399.9;399.9;499.0;499.0;549.0;483.12;439.0;439.0
P9;2015-08-30;63;399.0;400.59;399.9;399.9;399.9;399.9;399.9;399.9;499.0;499.0;549.0;483.12;439.0;439.0
P9;2015-08-31;301;379.0;374.56;416.23;394.6;415.98;394.38;416.52;394.86;499.0;499.0;549.0;483.12;441.5;441.5
P9;2015-09-01;758;379.0;374.6;432.56;432.56;432.06;432.06;433.14;389.83;499.0;499.0;549.0;483.12;439.0;439.0
P9;2015-09-02;839;379.0;370.3;439.2;436.75;431.77;431.72;432.38;432.23;499.0;499.0;561.0;496.32;449.0;449.0
P9;2015-09-03;52;434.0;450.11;434.67;434.67;430.68;419.85;429.9;429.9;499.0;499.0;564.0;496.32;449.0;449.0
P9;2015-09-04;44;433.99;439.8;429.9;429.9;429.9;429.9;429.9;429.9;499.0;499.0;564.0;496.32;449.0;449.0
P9;2015-09-05;42;429.9;430.0;429.9;429.9;429.9;429.9;431.52;420.69;499.0;499.0;564.0;496.32;449.0;449.0
P9;2015-09-06;28;429.9;434.84;429.9;429.9;429.9;429.9;433.14;411.48;499.0;499.0;564.0;496.32;449.0;449.0
P9;2015-09-07;52;429.9;432.08;429.9;429.9;429.9;429.9;433.14;411.48;499.0;499.0;564.0;496.32;449.0;449.0
P9;2015-09-08;42;429.9;432.68;429.9;429.9;430.71;425.29;433.14;411.48;499.0;499.0;564.0;496.32;449.0;449.0
P9;2015-09-09;44;433.0;434.87;429.9;429.9;431.52;420.69;433.14;411.48;499.0;499.0;564.0;496.32;449.0;449.0
P9;2015-09-10;49;433.0;436.02;434.4;434.4;436.02;425.19;433.14;411.48;499.0;499.0;564.0;496.32;449.0;449.0
P9;2015-09-11;47;433.0;436.19;441.93;441.93;443.7;443.7;448.5;448.5;499.0;499.0;564.0;496.32;449.0;449.0
P9;2015-09-12;47;433.0;433.38;443.45;443.45;443.45;443.45;448.0;448.0;499.0;499.0;564.0;496.32;449.0;449.0
P9;2015-09-13;34;433.0;438.82;444.97;444.97;443.45;443.45;448.0;448.0;499.0;499.0;564.0;496.32;449.0;449.0
P9;2015-09-14;65;433.0;429.92;441.72;441.72;441.72;441.72;448.0;448.0;499.0;499.0;556.5;489.72;442.0;442.0
P9;2015-09-15;584;379.0;378.64;443.45;443.45;442.48;437.06;448.0;448.0;499.0;499.0;549.0;483.12;428.0;428.0
P9;2015-09-16;485;379.0;377.84;440.5;440.5;440.5;440.5;448.0;448.0;499.0;499.0;549.0;483.12;428.0;428.0
P9;2015-09-17;149;379.0;390.93;440.5;440.5;440.5;440.5;448.0;448.0;499.0;499.0;549.0;483.12;428.0;428.0
P9;2015-09-18;404;379.0;377.69;438.0;438.0;440.5;440.5;448.0;448.0;499.0;499.0;549.0;483.12;428.0;428.0
P9;2015-09-19;220;379.0;380.95;448.0;448.0;440.5;440.5;448.0;448.0;499.0;499.0;549.0;483.12;428.0;428.0
P9;2015-09-20;541;379.0;378.45;440.5;440.5;440.5;440.5;448.0;448.0;499.0;499.0;549.0;483.12;428.0;428.0
P9;2015-09-21;94;379.0;391.07;429.4;429.4;416.19;416.19;419.19;419.19;499.0;499.0;545.0;479.6;411.19;411.19
P9;2015-09-22;169;399.0;402.33;436.75;436.75;428.5;428.5;437.33;437.33;499.0;499.0;549.0;483.12;439.99;439.99
P9;2015-09-23;541;399.0;390.34;432.49;432.49;430.75;430.75;430.48;430.48;499.0;499.0;549.0;483.12;439.99;439.99
P9;2015-09-24;415;399.0;389.53;406.95;396.97;406.95;401.96;414.44;414.44;499.0;499.0;549.0;483.12;439.99;439.99
P9;2015-09-25;58;399.0;407.9;399.9;399.9;399.9;399.9;399.9;399.9;499.0;499.0;549.0;483.12;439.99;439.99
P9;2015-09-26;39;397.98;399.36;399.9;399.9;399.9;399.9;399.9;399.9;499.0;499.0;549.0;483.12;439.99;439.99
P9;2015-09-27;46;397.65;399.62;NA;NA;NA;NA;NA;NA;NA;NA;NA;NA;NA;NA
P9;2015-09-28;244;379.0;380.91;398.56;398.56;398.56;398.56;397.34;397.34;499.0;499.0;549.0;483.12;399.99;399.99
P9;2015-09-29;515;379.0;378.35;398.25;398.25;398.28;398.28;396.88;396.88;499.0;499.0;549.0;483.12;399.99;399.99
P9;2015-09-30;513;379.0;378.88;396.48;396.48;396.73;396.73;394.64;394.64;499.0;499.0;549.0;483.12;399.99;399.99
P9;2015-10-01;65;418.0;409.29;393.98;393.98;395.96;395.96;393.95;393.95;499.0;499.0;549.0;483.12;399.99;399.99
P9;2015-10-02;39;414.9;417.78;414.73;414.73;414.73;414.73;411.45;411.45;499.0;499.0;549.0;483.12;412.49;412.49
P9;2015-10-03;170;399.0;390.77;429.73;429.73;429.73;429.73;427.45;427.45;499.0;499.0;549.0;483.12;449.99;449.99
P9;2015-10-04;84;399.0;397.43;424.93;424.93;424.93;424.93;424.93;424.93;499.0;499.0;549.0;483.12;449.99;449.99
P9;2015-10-05;139;399.0;397.01;418.49;418.49;418.24;418.24;418.25;418.25;499.0;499.0;549.0;483.12;449.99;449.99
P9;2015-10-06;50;399.0;413.6;415.71;415.71;415.96;415.96;416.2;416.2;499.0;499.0;549.0;483.12;449.99;449.99
P9;2015-10-07;259;394.9;394.75;399.74;399.74;403.24;403.24;403.24;403.24;499.0;499.0;549.0;483.12;399.99;399.99
P9;2015-10-08;370;394.9;393.07;399.98;399.98;399.99;399.99;399.99;399.99;499.0;499.0;549.0;483.12;399.99;399.99
P9;2015-10-09;175;394.9;389.69;395.89;395.89;395.9;395.9;395.9;395.9;499.0;499.0;549.0;483.12;399.99;399.99
P9;2015-10-10;129;388.99;391.38;395.84;395.84;395.84;395.84;395.84;395.84;499.0;499.0;549.0;483.12;399.99;399.99
P9;2015-10-11;87;388.89;390.59;395.82;395.82;395.82;395.82;395.81;395.81;499.0;499.0;549.0;483.12;399.99;399.99
P9;2015-10-12;110;388.89;391.78;395.77;395.77;395.77;395.77;395.77;395.77;499.0;499.0;549.0;483.12;399.99;399.99
P9;2015-10-13;328;379.0;380.64;393.75;393.75;393.74;393.74;393.5;393.5;499.0;499.0;549.0;483.12;399.99;399.99
P9;2015-10-14;590;379.0;378.32;395.65;395.65;395.97;395.97;397.66;397.66;499.0;499.0;542.33;477.25;399.99;399.99
